<html>
<body>
<pre>
<h1>µVision Build Log</h1>
<h2>Project:</h2>
C:\Users\KhoaAnh\Desktop\github\Document\stm32\UART\interrupt\uart_interrupt\MDK-ARM\uart_interrupt.uvprojx
Project File Date:  12/05/2024

<h2>Output:</h2>
Build target 'uart_interrupt'
compiling main.c...
linking...
Program Size: Code=4916 RO-data=312 RW-data=20 ZI-data=1804  
FromELF: creating hex file...
"uart_interrupt\uart_interrupt.axf" - 0 Error(s), 0 Warning(s).

<h2>Software Packages used:</h2>

Package Vendor: ARM
                http://www.keil.com/pack/ARM.CMSIS.4.1.0.pack
                ARM::CMSIS:CORE:3.30.0
                CMSIS (Cortex Microcontroller Software Interface Standard)
   * Component: CORE Version: 3.30.0

<h2>Collection of Component include folders:</h2>
  C:\Users\KhoaAnh\Desktop\github\Document\stm32\UART\interrupt\uart_interrupt\MDK-ARM\RTE
  D:\Software\Keil_V5\ARM\PACK\ARM\CMSIS\4.1.0\CMSIS\Include
  D:\Software\Keil_V5\ARM\PACK\Keil\STM32F1xx_DFP\1.1.0\Device\Include

<h2>Collection of Component Files used:</h2>

   * Component: ARM::CMSIS:CORE:3.30.0
      Source file:   CMSIS\UserCodeTemplates\ARM\ITM_Retarget.c
</pre>
</body>
</html>
_interrupt.axf" 
Erase Done.
Programming Done.
Verify OK.
Application running ...
*** error 56: cannot open file
Error: Flash Download failed  -  Could not load file 'uart_interrupt\uart_interrupt.axf'
Load "uart_interrupt\\uart_interrupt.axf" 
_____^
*** error 56: cannot open file
Error: Flash Download failed  -  Could not load file 'uart_interrupt\uart_interrupt.axf'
_DFP\1.1.0\Device\Include

<h2>Collection of Component Files used:</h2>

   * Component: ARM::CMSIS:CORE:3.30.0
      Source file:   CMSIS\UserCodeTemplates\ARM\ITM_Retarget.c
Load "uart_interrupt\\uart_interrupt.axf" 
Erase Done.
Programming Done.
Verify OK.
Application running ...
nclude/cmsis_armcc.h(463): error:  #667: "asm" function is nonstandard
  __attribute__((section(".rev16_text"))) __STATIC_INLINE __ASM uint32_t __REV16(uint32_t value)
../Drivers/CMSIS/Include/cmsis_armcc.h(478): error:  #667: "asm" function is nonstandard
  __attribute__((section(".revsh_text"))) __STATIC_INLINE __ASM int16_t __REVSH(int16_t value)
../Drivers/CMSIS/Include/cmsis_armcc.h(665): error:  #667: "asm" function is nonstandard
  __attribute__((section(".rrx_text"))) __STATIC_INLINE __ASM uint32_t __RRX(uint32_t value)
../Drivers/CMSIS/Include/core_cm3.h(1762): warning:  #82-D: storage class is not first
  __NO_RETURN __STATIC_INLINE void __NVIC_SystemReset(void)
../Core/Src/stm32f1xx_hal_msp.c: 1 warning, 3 errors
compiling stm32f1xx_hal_gpio_ex.c...
../Drivers/CMSIS/Include/cmsis_armcc.h(463): error:  #667: "asm" function is nonstandard
  __attribute__((section(".rev16_text"))) __STATIC_INLINE __ASM uint32_t __REV16(uint32_t value)
../Drivers/CMSIS/Include/cmsis_armcc.h(478): error:  #667: "asm" function is nonstandard
  __attribute__((section(".revsh_text"))) __STATIC_INLINE __ASM int16_t __REVSH(int16_t value)
../Drivers/CMSIS/Include/cmsis_armcc.h(665): error:  #667: "asm" function is nonstandard
  __attribute__((section(".rrx_text"))) __STATIC_INLINE __ASM uint32_t __RRX(uint32_t value)
../Drivers/CMSIS/Include/core_cm3.h(1762): warning:  #82-D: storage class is not first
  __NO_RETURN __STATIC_INLINE void __NVIC_SystemReset(void)
../Drivers/STM32F1xx_HAL_Driver/Src/stm32f1xx_hal_gpio_ex.c: 1 warning, 3 errors
compiling stm32f1xx_hal_tim.c...
../Drivers/CMSIS/Include/cmsis_armcc.h(463): error:  #667: "asm" function is nonstandard
  __attribute__((section(".rev16_text"))) __STATIC_INLINE __ASM uint32_t __REV16(uint32_t value)
../Drivers/CMSIS/Include/cmsis_armcc.h(478): error:  #667: "asm" function is nonstandard
  __attribute__((section(".revsh_text"))) __STATIC_INLINE __ASM int16_t __REVSH(int16_t value)
../Drivers/CMSIS/Include/cmsis_armcc.h(665): error:  #667: "asm" function is nonstandard
  __attribute__((section(".rrx_text"))) __STATIC_INLINE __ASM uint32_t __RRX(uint32_t value)
../Drivers/CMSIS/Include/core_cm3.h(1762): warning:  #82-D: storage class is not first
  __NO_RETURN __STATIC_INLINE void __NVIC_SystemReset(void)
../Drivers/STM32F1xx_HAL_Driver/Src/stm32f1xx_hal_tim.c: 1 warning, 3 errors
compiling stm32f1xx_hal_tim_ex.c...
../Drivers/CMSIS/Include/cmsis_armcc.h(463): error:  #667: "asm" function is nonstandard
  __attribute__((section(".rev16_text"))) __STATIC_INLINE __ASM uint32_t __REV16(uint32_t value)
../Drivers/CMSIS/Include/cmsis_armcc.h(478): error:  #667: "asm" function is nonstandard
  __attribute__((section(".revsh_text"))) __STATIC_INLINE __ASM int16_t __REVSH(int16_t value)
../Drivers/CMSIS/Include/cmsis_armcc.h(665): error:  #667: "asm" function is nonstandard
  __attribute__((section(".rrx_text"))) __STATIC_INLINE __ASM uint32_t __RRX(uint32_t value)
../Drivers/CMSIS/Include/core_cm3.h(1762): warning:  #82-D: storage class is not first
  __NO_RETURN __STATIC_INLINE void __NVIC_SystemReset(void)
../Drivers/STM32F1xx_HAL_Driver/Src/stm32f1xx_hal_tim_ex.c: 1 warning, 3 errors
compiling stm32f1xx_hal_uart.c...
../Drivers/CMSIS/Include/cmsis_armcc.h(463): error:  #667: "asm" function is nonstandard
  __attribute__((section(".rev16_text"))) __STATIC_INLINE __ASM uint32_t __REV16(uint32_t value)
../Drivers/CMSIS/Include/cmsis_armcc.h(478): error:  #667: "asm" function is nonstandard
  __attribute__((section(".revsh_text"))) __STATIC_INLINE __ASM int16_t __REVSH(int16_t value)
../Drivers/CMSIS/Include/cmsis_armcc.h(665): error:  #667: "asm" function is nonstandard
  __attribute__((section(".rrx_text"))) __STATIC_INLINE __ASM uint32_t __RRX(uint32_t value)
../Drivers/CMSIS/Include/core_cm3.h(1762): warning:  #82-D: storage class is not first
  __NO_RETURN __STATIC_INLINE void __NVIC_SystemReset(void)
../Drivers/STM32F1xx_HAL_Driver/Src/stm32f1xx_hal_uart.c: 1 warning, 3 errors
compiling stm32f1xx_hal.c...
../Drivers/CMSIS/Include/cmsis_armcc.h(463): error:  #667: "asm" function is nonstandard
  __attribute__((section(".rev16_text"))) __STATIC_INLINE __ASM uint32_t __REV16(uint32_t value)
../Drivers/CMSIS/Include/cmsis_armcc.h(478): error:  #667: "asm" function is nonstandard
  __attribute__((section(".revsh_text"))) __STATIC_INLINE __ASM int16_t __REVSH(int16_t value)
../Drivers/CMSIS/Include/cmsis_armcc.h(665): error:  #667: "asm" function is nonstandard
  __attribute__((section(".rrx_text"))) __STATIC_INLINE __ASM uint32_t __RRX(uint32_t value)
../Drivers/CMSIS/Include/core_cm3.h(1762): warning:  #82-D: storage class is not first
  __NO_RETURN __STATIC_INLINE void __NVIC_SystemReset(void)
../Drivers/STM32F1xx_HAL_Driver/Src/stm32f1xx_hal.c: 1 warning, 3 errors
compiling stm32f1xx_hal_rcc.c...
../Drivers/CMSIS/Include/cmsis_armcc.h(463): error:  #667: "asm" function is nonstandard
  __attribute__((section(".rev16_text"))) __STATIC_INLINE __ASM uint32_t __REV16(uint32_t value)
../Drivers/CMSIS/Include/cmsis_armcc.h(478): error:  #667: "asm" function is nonstandard
  __attribute__((section(".revsh_text"))) __STATIC_INLINE __ASM int16_t __REVSH(int16_t value)
../Drivers/CMSIS/Include/cmsis_armcc.h(665): error:  #667: "asm" function is nonstandard
  __attribute__((section(".rrx_text"))) __STATIC_INLINE __ASM uint32_t __RRX(uint32_t value)
../Drivers/CMSIS/Include/core_cm3.h(1762): warning:  #82-D: storage class is not first
  __NO_RETURN __STATIC_INLINE void __NVIC_SystemReset(void)
../Drivers/STM32F1xx_HAL_Driver/Src/stm32f1xx_hal_rcc.c: 1 warning, 3 errors
compiling stm32f1xx_hal_rcc_ex.c...
../Drivers/CMSIS/Include/cmsis_armcc.h(463): error:  #667: "asm" function is nonstandard
  __attribute__((section(".rev16_text"))) __STATIC_INLINE __ASM uint32_t __REV16(uint32_t value)
../Drivers/CMSIS/Include/cmsis_armcc.h(478): error:  #667: "asm" function is nonstandard
  __attribute__((section(".revsh_text"))) __STATIC_INLINE __ASM int16_t __REVSH(int16_t value)
../Drivers/CMSIS/Include/cmsis_armcc.h(665): error:  #667: "asm" function is nonstandard
  __attribute__((section(".rrx_text"))) __STATIC_INLINE __ASM uint32_t __RRX(uint32_t value)
../Drivers/CMSIS/Include/core_cm3.h(1762): warning:  #82-D: storage class is not first
  __NO_RETURN __STATIC_INLINE void __NVIC_SystemReset(void)
../Drivers/STM32F1xx_HAL_Driver/Src/stm32f1xx_hal_rcc_ex.c: 1 warning, 3 errors
compiling stm32f1xx_hal_gpio.c...
../Drivers/CMSIS/Include/cmsis_armcc.h(463): error:  #667: "asm" function is nonstandard
  __attribute__((section(".rev16_text"))) __STATIC_INLINE __ASM uint32_t __REV16(uint32_t value)
../Drivers/CMSIS/Include/cmsis_armcc.h(478): error:  #667: "asm" function is nonstandard
  __attribute__((section(".revsh_text"))) __STATIC_INLINE __ASM int16_t __REVSH(int16_t value)
../Drivers/CMSIS/Include/cmsis_armcc.h(665): error:  #667: "asm" function is nonstandard
  __attribute__((section(".rrx_text"))) __STATIC_INLINE __ASM uint32_t __RRX(uint32_t value)
../Drivers/CMSIS/Include/core_cm3.h(1762): warning:  #82-D: storage class is not first
  __NO_RETURN __STATIC_INLINE void __NVIC_SystemReset(void)
../Drivers/STM32F1xx_HAL_Driver/Src/stm32f1xx_hal_gpio.c: 1 warning, 3 errors
compiling stm32f1xx_hal_dma.c...
../Drivers/CMSIS/Include/cmsis_armcc.h(463): error:  #667: "asm" function is nonstandard
  __attribute__((section(".rev16_text"))) __STATIC_INLINE __ASM uint32_t __REV16(uint32_t value)
../Drivers/CMSIS/Include/cmsis_armcc.h(478): error:  #667: "asm" function is nonstandard
  __attribute__((section(".revsh_text"))) __STATIC_INLINE __ASM int16_t __REVSH(int16_t value)
../Drivers/CMSIS/Include/cmsis_armcc.h(665): error:  #667: "asm" function is nonstandard
  __attribute__((section(".rrx_text"))) __STATIC_INLINE __ASM uint32_t __RRX(uint32_t value)
../Drivers/CMSIS/Include/core_cm3.h(1762): warning:  #82-D: storage class is not first
  __NO_RETURN __STATIC_INLINE void __NVIC_SystemReset(void)
../Drivers/STM32F1xx_HAL_Driver/Src/stm32f1xx_hal_dma.c: 1 warning, 3 errors
compiling stm32f1xx_hal_cortex.c...
../Drivers/CMSIS/Include/cmsis_armcc.h(463): error:  #667: "asm" function is nonstandard
  __attribute__((section(".rev16_text"))) __STATIC_INLINE __ASM uint32_t __REV16(uint32_t value)
../Drivers/CMSIS/Include/cmsis_armcc.h(478): error:  #667: "asm" function is nonstandard
  __attribute__((section(".revsh_text"))) __STATIC_INLINE __ASM int16_t __REVSH(int16_t value)
../Drivers/CMSIS/Include/cmsis_armcc.h(665): error:  #667: "asm" function is nonstandard
  __attribute__((section(".rrx_text"))) __STATIC_INLINE __ASM uint32_t __RRX(uint32_t value)
../Drivers/CMSIS/Include/core_cm3.h(1762): warning:  #82-D: storage class is not first
  __NO_RETURN __STATIC_INLINE void __NVIC_SystemReset(void)
../Drivers/STM32F1xx_HAL_Driver/Src/stm32f1xx_hal_cortex.c: 1 warning, 3 errors
compiling stm32f1xx_hal_pwr.c...
../Drivers/CMSIS/Include/cmsis_armcc.h(463): error:  #667: "asm" function is nonstandard
  __attribute__((section(".rev16_text"))) __STATIC_INLINE __ASM uint32_t __REV16(uint32_t value)
../Drivers/CMSIS/Include/cmsis_armcc.h(478): error:  #667: "asm" function is nonstandard
  __attribute__((section(".revsh_text"))) __STATIC_INLINE __ASM int16_t __REVSH(int16_t value)
../Drivers/CMSIS/Include/cmsis_armcc.h(665): error:  #667: "asm" function is nonstandard
  __attribute__((section(".rrx_text"))) __STATIC_INLINE __ASM uint32_t __RRX(uint32_t value)
../Drivers/CMSIS/Include/core_cm3.h(1762): warning:  #82-D: storage class is not first
  __NO_RETURN __STATIC_INLINE void __NVIC_SystemReset(void)
../Drivers/STM32F1xx_HAL_Driver/Src/stm32f1xx_hal_pwr.c: 1 warning, 3 errors
compiling stm32f1xx_hal_flash.c...
../Drivers/CMSIS/Include/cmsis_armcc.h(463): error:  #667: "asm" function is nonstandard
  __attribute__((section(".rev16_text"))) __STATIC_INLINE __ASM uint32_t __REV16(uint32_t value)
../Drivers/CMSIS/Include/cmsis_armcc.h(478): error:  #667: "asm" function is nonstandard
  __attribute__((section(".revsh_text"))) __STATIC_INLINE __ASM int16_t __REVSH(int16_t value)
../Drivers/CMSIS/Include/cmsis_armcc.h(665): error:  #667: "asm" function is nonstandard
  __attribute__((section(".rrx_text"))) __STATIC_INLINE __ASM uint32_t __RRX(uint32_t value)
../Drivers/CMSIS/Include/core_cm3.h(1762): warning:  #82-D: storage class is not first
  __NO_RETURN __STATIC_INLINE void __NVIC_SystemReset(void)
../Drivers/STM32F1xx_HAL_Driver/Src/stm32f1xx_hal_flash.c: 1 warning, 3 errors
compiling stm32f1xx_hal_flash_ex.c...
../Drivers/CMSIS/Include/cmsis_armcc.h(463): error:  #667: "asm" function is nonstandard
  __attribute__((section(".rev16_text"))) __STATIC_INLINE __ASM uint32_t __REV16(uint32_t value)
../Drivers/CMSIS/Include/cmsis_armcc.h(478): error:  #667: "asm" function is nonstandard
  __attribute__((section(".revsh_text"))) __STATIC_INLINE __ASM int16_t __REVSH(int16_t value)
../Drivers/CMSIS/Include/cmsis_armcc.h(665): error:  #667: "asm" function is nonstandard
  __attribute__((section(".rrx_text"))) __STATIC_INLINE __ASM uint32_t __RRX(uint32_t value)
../Drivers/CMSIS/Include/core_cm3.h(1762): warning:  #82-D: storage class is not first
  __NO_RETURN __STATIC_INLINE void __NVIC_SystemReset(void)
../Drivers/STM32F1xx_HAL_Driver/Src/stm32f1xx_hal_flash_ex.c: 1 warning, 3 errors
compiling stm32f1xx_hal_exti.c...
../Drivers/CMSIS/Include/cmsis_armcc.h(463): error:  #667: "asm" function is nonstandard
  __attribute__((section(".rev16_text"))) __STATIC_INLINE __ASM uint32_t __REV16(uint32_t value)
../Drivers/CMSIS/Include/cmsis_armcc.h(478): error:  #667: "asm" function is nonstandard
  __attribute__((section(".revsh_text"))) __STATIC_INLINE __ASM int16_t __REVSH(int16_t value)
../Drivers/CMSIS/Include/cmsis_armcc.h(665): error:  #667: "asm" function is nonstandard
  __attribute__((section(".rrx_text"))) __STATIC_INLINE __ASM uint32_t __RRX(uint32_t value)
../Drivers/CMSIS/Include/core_cm3.h(1762): warning:  #82-D: storage class is not first
  __NO_RETURN __STATIC_INLINE void __NVIC_SystemReset(void)
../Drivers/STM32F1xx_HAL_Driver/Src/stm32f1xx_hal_exti.c: 1 warning, 3 errors
compiling system_stm32f1xx.c...
../Drivers/CMSIS/Include/cmsis_armcc.h(463): error:  #667: "asm" function is nonstandard
  __attribute__((section(".rev16_text"))) __STATIC_INLINE __ASM uint32_t __REV16(uint32_t value)
../Drivers/CMSIS/Include/cmsis_armcc.h(478): error:  #667: "asm" function is nonstandard
  __attribute__((section(".revsh_text"))) __STATIC_INLINE __ASM int16_t __REVSH(int16_t value)
../Drivers/CMSIS/Include/cmsis_armcc.h(665): error:  #667: "asm" function is nonstandard
  __attribute__((section(".rrx_text"))) __STATIC_INLINE __ASM uint32_t __RRX(uint32_t value)
../Drivers/CMSIS/Include/core_cm3.h(1762): warning:  #82-D: storage class is not first
  __NO_RETURN __STATIC_INLINE void __NVIC_SystemReset(void)
../Core/Src/system_stm32f1xx.c: 1 warning, 3 errors
"uart_interrupt\uart_interrupt.axf" - 54 Error(s), 18 Warning(s).

<h2>Software Packages used:</h2>

Package Vendor: ARM
                http://www.keil.com/pack/ARM.CMSIS.4.1.0.pack
                ARM::CMSIS:CORE:3.30.0
                CMSIS (Cortex Microcontroller Software Interface Standard)
   * Component: CORE Version: 3.30.0

<h2>Collection of Component include folders:</h2>
  C:\Users\KhoaAnh\Desktop\github\Document\stm32\UART\interrupt\uart_interrupt\MDK-ARM\RTE
  D:\Software\Keil_V5\ARM\PACK\ARM\CMSIS\4.1.0\CMSIS\Include
  D:\Software\Keil_V5\ARM\PACK\Keil\STM32F1xx_DFP\1.1.0\Device\Include

<h2>Collection of Component Files used:</h2>

   * Component: ARM::CMSIS:CORE:3.30.0
      Source file:   CMSIS\UserCodeTemplates\ARM\ITM_Retarget.c
Target not created
