<html>
<body>
<pre>
<h1>µVision Build Log</h1>
<h2>Project:</h2>
C:\Users\KhoaAnh\Desktop\github\Document\stm32\BlinkLed\Blink_Led\MDK-ARM\Blink_Led.uvprojx
Project File Date:  12/24/2024

<h2>Output:</h2>
Build target 'Blink_Led'
compiling main.c...
linking...
Program Size: Code=2760 RO-data=304 RW-data=16 ZI-data=1632  
FromELF: creating hex file...
"Blink_Led\Blink_Led.axf" - 0 Error(s), 0 Warning(s).

<h2>Software Packages used:</h2>

Package Vendor: ARM
                http://www.keil.com/pack/ARM.CMSIS.4.1.0.pack
                ARM::CMSIS:CORE:3.30.0
                CMSIS (Cortex Microcontroller Software Interface Standard)
   * Component: CORE Version: 3.30.0

<h2>Collection of Component include folders:</h2>
  C:\Users\KhoaAnh\Desktop\github\Document\stm32\BlinkLed\Blink_Led\MDK-ARM\RTE
  D:\Software\Keil_V5\ARM\PACK\ARM\CMSIS\4.1.0\CMSIS\Include
  D:\Software\Keil_V5\ARM\PACK\Keil\STM32F1xx_DFP\1.1.0\Device\Include

<h2>Collection of Component Files used:</h2>

   * Component: ARM::CMSIS:CORE:3.30.0
      Source file:   CMSIS\UserCodeTemplates\ARM\ITM_Retarget.c
</pre>
</body>
</html>
Programming Done.
Verify OK.
Application running ...
ce\Include

<h2>Collection of Component Files used:</h2>

   * Component: ARM::CMSIS:CORE:3.30.0
      Source file:   CMSIS\UserCodeTemplates\ARM\ITM_Retarget.c
Load "Blink_Led\\Blink_Led.axf" 
Erase Done.
Programming Done.
Verify OK.
Application running ...
compiling main.c...
../Core/Src/main.c(120): warning:  #144-D: a value of type "void *" cannot be used to initialize an entity of type "void (*)(void)"
                        void (*reset_handler)(void) = (void*)JumpAddress;
../Core/Src/main.c: 1 warning, 0 errors
"../Core/Src/main.c" - 0 Error(s), 1 Warning(s).
