<html>
<body>
<pre>
<h1>µVision Build Log</h1>
<h2>Project:</h2>
C:\Users\KhoaAnh\Desktop\github\Document\stm32\UART\begin\init\MDK-ARM\init.uvprojx
Project File Date:  12/05/2024

<h2>Output:</h2>
Build target 'init'
linking...
Program Size: Code=3448 RO-data=328 RW-data=20 ZI-data=1708  
FromELF: creating hex file...
"init\init.axf" - 0 Error(s), 0 Warning(s).

<h2>Software Packages used:</h2>

Package Vendor: ARM
                http://www.keil.com/pack/ARM.CMSIS.4.1.0.pack
                ARM::CMSIS:CORE:3.30.0
                CMSIS (Cortex Microcontroller Software Interface Standard)
   * Component: CORE Version: 3.30.0

<h2>Collection of Component include folders:</h2>
  C:\Users\KhoaAnh\Desktop\github\Document\stm32\UART\begin\init\MDK-ARM\RTE
  D:\Software\Keil_V5\ARM\PACK\ARM\CMSIS\4.1.0\CMSIS\Include
  D:\Software\Keil_V5\ARM\PACK\Keil\STM32F1xx_DFP\1.1.0\Device\Include

<h2>Collection of Component Files used:</h2>

   * Component: ARM::CMSIS:CORE:3.30.0
      Source file:   CMSIS\UserCodeTemplates\ARM\ITM_Retarget.c
Load "init\\init.axf" 
Erase Done.
Programming Done.
Verify OK.
Application running ...
</pre>
</body>
</html>
