Archive member included to satisfy reference by file (symbol)

D:/Software/st-clt/STM32CubeCLT_1.15.0/GNU-tools-for-STM32/bin/../lib/gcc/arm-none-eabi/12.3.1/../../../../arm-none-eabi/lib/thumb/v7-m/nofp\libc_nano.a(libc_a-exit.o)
                              D:/Software/st-clt/STM32CubeCLT_1.15.0/GNU-tools-for-STM32/bin/../lib/gcc/arm-none-eabi/12.3.1/../../../../arm-none-eabi/lib/thumb/v7-m/nofp/crt0.o (exit)
D:/Software/st-clt/STM32CubeCLT_1.15.0/GNU-tools-for-STM32/bin/../lib/gcc/arm-none-eabi/12.3.1/../../../../arm-none-eabi/lib/thumb/v7-m/nofp\libc_nano.a(libc_a-findfp.o)
                              D:/Software/st-clt/STM32CubeCLT_1.15.0/GNU-tools-for-STM32/bin/../lib/gcc/arm-none-eabi/12.3.1/../../../../arm-none-eabi/lib/thumb/v7-m/nofp\libc_nano.a(libc_a-exit.o) (__stdio_exit_handler)
D:/Software/st-clt/STM32CubeCLT_1.15.0/GNU-tools-for-STM32/bin/../lib/gcc/arm-none-eabi/12.3.1/../../../../arm-none-eabi/lib/thumb/v7-m/nofp\libc_nano.a(libc_a-fwalk.o)
                              D:/Software/st-clt/STM32CubeCLT_1.15.0/GNU-tools-for-STM32/bin/../lib/gcc/arm-none-eabi/12.3.1/../../../../arm-none-eabi/lib/thumb/v7-m/nofp\libc_nano.a(libc_a-findfp.o) (_fwalk_sglue)
D:/Software/st-clt/STM32CubeCLT_1.15.0/GNU-tools-for-STM32/bin/../lib/gcc/arm-none-eabi/12.3.1/../../../../arm-none-eabi/lib/thumb/v7-m/nofp\libc_nano.a(libc_a-stdio.o)
                              D:/Software/st-clt/STM32CubeCLT_1.15.0/GNU-tools-for-STM32/bin/../lib/gcc/arm-none-eabi/12.3.1/../../../../arm-none-eabi/lib/thumb/v7-m/nofp\libc_nano.a(libc_a-findfp.o) (__sread)
D:/Software/st-clt/STM32CubeCLT_1.15.0/GNU-tools-for-STM32/bin/../lib/gcc/arm-none-eabi/12.3.1/../../../../arm-none-eabi/lib/thumb/v7-m/nofp\libc_nano.a(libc_a-memset.o)
                              D:/Software/st-clt/STM32CubeCLT_1.15.0/GNU-tools-for-STM32/bin/../lib/gcc/arm-none-eabi/12.3.1/../../../../arm-none-eabi/lib/thumb/v7-m/nofp/crt0.o (memset)
D:/Software/st-clt/STM32CubeCLT_1.15.0/GNU-tools-for-STM32/bin/../lib/gcc/arm-none-eabi/12.3.1/../../../../arm-none-eabi/lib/thumb/v7-m/nofp\libc_nano.a(libc_a-closer.o)
                              D:/Software/st-clt/STM32CubeCLT_1.15.0/GNU-tools-for-STM32/bin/../lib/gcc/arm-none-eabi/12.3.1/../../../../arm-none-eabi/lib/thumb/v7-m/nofp\libc_nano.a(libc_a-stdio.o) (_close_r)
D:/Software/st-clt/STM32CubeCLT_1.15.0/GNU-tools-for-STM32/bin/../lib/gcc/arm-none-eabi/12.3.1/../../../../arm-none-eabi/lib/thumb/v7-m/nofp\libc_nano.a(libc_a-reent.o)
                              D:/Software/st-clt/STM32CubeCLT_1.15.0/GNU-tools-for-STM32/bin/../lib/gcc/arm-none-eabi/12.3.1/../../../../arm-none-eabi/lib/thumb/v7-m/nofp\libc_nano.a(libc_a-closer.o) (errno)
D:/Software/st-clt/STM32CubeCLT_1.15.0/GNU-tools-for-STM32/bin/../lib/gcc/arm-none-eabi/12.3.1/../../../../arm-none-eabi/lib/thumb/v7-m/nofp\libc_nano.a(libc_a-impure.o)
                              D:/Software/st-clt/STM32CubeCLT_1.15.0/GNU-tools-for-STM32/bin/../lib/gcc/arm-none-eabi/12.3.1/../../../../arm-none-eabi/lib/thumb/v7-m/nofp\libc_nano.a(libc_a-reent.o) (_impure_ptr)
D:/Software/st-clt/STM32CubeCLT_1.15.0/GNU-tools-for-STM32/bin/../lib/gcc/arm-none-eabi/12.3.1/../../../../arm-none-eabi/lib/thumb/v7-m/nofp\libc_nano.a(libc_a-lseekr.o)
                              D:/Software/st-clt/STM32CubeCLT_1.15.0/GNU-tools-for-STM32/bin/../lib/gcc/arm-none-eabi/12.3.1/../../../../arm-none-eabi/lib/thumb/v7-m/nofp\libc_nano.a(libc_a-stdio.o) (_lseek_r)
D:/Software/st-clt/STM32CubeCLT_1.15.0/GNU-tools-for-STM32/bin/../lib/gcc/arm-none-eabi/12.3.1/../../../../arm-none-eabi/lib/thumb/v7-m/nofp\libc_nano.a(libc_a-readr.o)
                              D:/Software/st-clt/STM32CubeCLT_1.15.0/GNU-tools-for-STM32/bin/../lib/gcc/arm-none-eabi/12.3.1/../../../../arm-none-eabi/lib/thumb/v7-m/nofp\libc_nano.a(libc_a-stdio.o) (_read_r)
D:/Software/st-clt/STM32CubeCLT_1.15.0/GNU-tools-for-STM32/bin/../lib/gcc/arm-none-eabi/12.3.1/../../../../arm-none-eabi/lib/thumb/v7-m/nofp\libc_nano.a(libc_a-writer.o)
                              D:/Software/st-clt/STM32CubeCLT_1.15.0/GNU-tools-for-STM32/bin/../lib/gcc/arm-none-eabi/12.3.1/../../../../arm-none-eabi/lib/thumb/v7-m/nofp\libc_nano.a(libc_a-stdio.o) (_write_r)
D:/Software/st-clt/STM32CubeCLT_1.15.0/GNU-tools-for-STM32/bin/../lib/gcc/arm-none-eabi/12.3.1/../../../../arm-none-eabi/lib/thumb/v7-m/nofp\libc_nano.a(libc_a-init.o)
                              D:/Software/st-clt/STM32CubeCLT_1.15.0/GNU-tools-for-STM32/bin/../lib/gcc/arm-none-eabi/12.3.1/../../../../arm-none-eabi/lib/thumb/v7-m/nofp/crt0.o (__libc_init_array)
D:/Software/st-clt/STM32CubeCLT_1.15.0/GNU-tools-for-STM32/bin/../lib/gcc/arm-none-eabi/12.3.1/../../../../arm-none-eabi/lib/thumb/v7-m/nofp\libc_nano.a(libc_a-lock.o)
                              D:/Software/st-clt/STM32CubeCLT_1.15.0/GNU-tools-for-STM32/bin/../lib/gcc/arm-none-eabi/12.3.1/../../../../arm-none-eabi/lib/thumb/v7-m/nofp\libc_nano.a(libc_a-findfp.o) (__retarget_lock_init_recursive)
[...]
Memory Configuration

Name             Origin             Length             Attributes
RAM              0x20000000         0x00005000         xrw
FLASH            0x08000000         0x00010000         xr
*default*        0x00000000         0xffffffff

Linker script and memory map

LOAD D:/Software/st-clt/STM32CubeCLT_1.15.0/GNU-tools-for-STM32/bin/../lib/gcc/arm-none-eabi/12.3.1/thumb/v7-m/nofp/crti.o
LOAD D:/Software/st-clt/STM32CubeCLT_1.15.0/GNU-tools-for-STM32/bin/../lib/gcc/arm-none-eabi/12.3.1/thumb/v7-m/nofp/crtbegin.o
LOAD D:/Software/st-clt/STM32CubeCLT_1.15.0/GNU-tools-for-STM32/bin/../lib/gcc/arm-none-eabi/12.3.1/../../../../arm-none-eabi/lib/thumb/v7-m/nofp/crt0.o
START GROUP
LOAD D:/Software/st-clt/STM32CubeCLT_1.15.0/GNU-tools-for-STM32/bin/../lib/gcc/arm-none-eabi/12.3.1/../../../../arm-none-eabi/lib/thumb/v7-m/nofp\libc_nano.a
LOAD D:/Software/st-clt/STM32CubeCLT_1.15.0/GNU-tools-for-STM32/bin/../lib/gcc/arm-none-eabi/12.3.1/../../../../arm-none-eabi/lib/thumb/v7-m/nofp\libm.a
END GROUP
LOAD CMakeFiles/HelloWorld.dir/Core/Src/main.c.obj
LOAD CMakeFiles/HelloWorld.dir/Core/Src/gpio.c.obj
LOAD CMakeFiles/HelloWorld.dir/Core/Src/usart.c.obj
LOAD CMakeFiles/HelloWorld.dir/Core/Src/stm32f1xx_it.c.obj
LOAD CMakeFiles/HelloWorld.dir/Core/Src/stm32f1xx_hal_msp.c.obj
LOAD CMakeFiles/HelloWorld.dir/C_/Users/KhoaAnh/STM32Cube/Repository/STM32Cube_FW_F1_V1.8.6/Drivers/STM32F1xx_HAL_Driver/Src/stm32f1xx_hal_gpio_ex.c.obj
LOAD CMakeFiles/HelloWorld.dir/C_/Users/KhoaAnh/STM32Cube/Repository/STM32Cube_FW_F1_V1.8.6/Drivers/STM32F1xx_HAL_Driver/Src/stm32f1xx_hal_tim.c.obj
LOAD CMakeFiles/HelloWorld.dir/C_/Users/KhoaAnh/STM32Cube/Repository/STM32Cube_FW_F1_V1.8.6/Drivers/STM32F1xx_HAL_Driver/Src/stm32f1xx_hal_tim_ex.c.obj
LOAD CMakeFiles/HelloWorld.dir/C_/Users/KhoaAnh/STM32Cube/Repository/STM32Cube_FW_F1_V1.8.6/Drivers/STM32F1xx_HAL_Driver/Src/stm32f1xx_hal_uart.c.obj
LOAD CMakeFiles/HelloWorld.dir/C_/Users/KhoaAnh/STM32Cube/Repository/STM32Cube_FW_F1_V1.8.6/Drivers/STM32F1xx_HAL_Driver/Src/stm32f1xx_hal.c.obj
LOAD CMakeFiles/HelloWorld.dir/C_/Users/KhoaAnh/STM32Cube/Repository/STM32Cube_FW_F1_V1.8.6/Drivers/STM32F1xx_HAL_Driver/Src/stm32f1xx_hal_rcc.c.obj
LOAD CMakeFiles/HelloWorld.dir/C_/Users/KhoaAnh/STM32Cube/Repository/STM32Cube_FW_F1_V1.8.6/Drivers/STM32F1xx_HAL_Driver/Src/stm32f1xx_hal_rcc_ex.c.obj
LOAD CMakeFiles/HelloWorld.dir/C_/Users/KhoaAnh/STM32Cube/Repository/STM32Cube_FW_F1_V1.8.6/Drivers/STM32F1xx_HAL_Driver/Src/stm32f1xx_hal_gpio.c.obj
LOAD CMakeFiles/HelloWorld.dir/C_/Users/KhoaAnh/STM32Cube/Repository/STM32Cube_FW_F1_V1.8.6/Drivers/STM32F1xx_HAL_Driver/Src/stm32f1xx_hal_dma.c.obj
LOAD CMakeFiles/HelloWorld.dir/C_/Users/KhoaAnh/STM32Cube/Repository/STM32Cube_FW_F1_V1.8.6/Drivers/STM32F1xx_HAL_Driver/Src/stm32f1xx_hal_cortex.c.obj
LOAD CMakeFiles/HelloWorld.dir/C_/Users/KhoaAnh/STM32Cube/Repository/STM32Cube_FW_F1_V1.8.6/Drivers/STM32F1xx_HAL_Driver/Src/stm32f1xx_hal_pwr.c.obj
LOAD CMakeFiles/HelloWorld.dir/C_/Users/KhoaAnh/STM32Cube/Repository/STM32Cube_FW_F1_V1.8.6/Drivers/STM32F1xx_HAL_Driver/Src/stm32f1xx_hal_flash.c.obj
LOAD CMakeFiles/HelloWorld.dir/C_/Users/KhoaAnh/STM32Cube/Repository/STM32Cube_FW_F1_V1.8.6/Drivers/STM32F1xx_HAL_Driver/Src/stm32f1xx_hal_flash_ex.c.obj
LOAD CMakeFiles/HelloWorld.dir/C_/Users/KhoaAnh/STM32Cube/Repository/STM32Cube_FW_F1_V1.8.6/Drivers/STM32F1xx_HAL_Driver/Src/stm32f1xx_hal_exti.c.obj
LOAD CMakeFiles/HelloWorld.dir/Core/Src/system_stm32f1xx.c.obj
LOAD CMakeFiles/HelloWorld.dir/Core/Src/sysmem.c.obj
LOAD CMakeFiles/HelloWorld.dir/Core/Src/syscalls.c.obj
LOAD CMakeFiles/HelloWorld.dir/startup_stm32f103xb.s.obj
START GROUP
LOAD D:/Software/st-clt/STM32CubeCLT_1.15.0/GNU-tools-for-STM32/bin/../lib/gcc/arm-none-eabi/12.3.1/thumb/v7-m/nofp\libgcc.a
LOAD D:/Software/st-clt/STM32CubeCLT_1.15.0/GNU-tools-for-STM32/bin/../lib/gcc/arm-none-eabi/12.3.1/../../../../arm-none-eabi/lib/thumb/v7-m/nofp\libg_nano.a
LOAD D:/Software/st-clt/STM32CubeCLT_1.15.0/GNU-tools-for-STM32/bin/../lib/gcc/arm-none-eabi/12.3.1/../../../../arm-none-eabi/lib/thumb/v7-m/nofp\libc_nano.a
END GROUP
START GROUP
LOAD D:/Software/st-clt/STM32CubeCLT_1.15.0/GNU-tools-for-STM32/bin/../lib/gcc/arm-none-eabi/12.3.1/thumb/v7-m/nofp\libgcc.a
LOAD D:/Software/st-clt/STM32CubeCLT_1.15.0/GNU-tools-for-STM32/bin/../lib/gcc/arm-none-eabi/12.3.1/../../../../arm-none-eabi/lib/thumb/v7-m/nofp\libc_nano.a
END GROUP
LOAD D:/Software/st-clt/STM32CubeCLT_1.15.0/GNU-tools-for-STM32/bin/../lib/gcc/arm-none-eabi/12.3.1/thumb/v7-m/nofp/crtend.o
LOAD D:/Software/st-clt/STM32CubeCLT_1.15.0/GNU-tools-for-STM32/bin/../lib/gcc/arm-none-eabi/12.3.1/thumb/v7-m/nofp/crtn.o
                0x20005000                        _estack = (ORIGIN (RAM) + LENGTH (RAM))
                0x00000200                        _Min_Heap_Size = 0x200
                0x00000400                        _Min_Stack_Size = 0x400

.isr_vector     0x08000000      0x10c
                0x08000000                        . = ALIGN (0x4)
 *(.isr_vector)
 .isr_vector    0x08000000      0x10c CMakeFiles/HelloWorld.dir/startup_stm32f103xb.s.obj
                0x08000000                g_pfnVectors
                0x0800010c                        . = ALIGN (0x4)

.text           0x0800010c     0x1390
                0x0800010c                        . = ALIGN (0x4)
 *(.text)
 .text          0x0800010c       0x40 D:/Software/st-clt/STM32CubeCLT_1.15.0/GNU-tools-for-STM32/bin/../lib/gcc/arm-none-eabi/12.3.1/thumb/v7-m/nofp/crtbegin.o
 *(.text*)
 .text.memset   0x0800014c       0x10 D:/Software/st-clt/STM32CubeCLT_1.15.0/GNU-tools-for-STM32/bin/../lib/gcc/arm-none-eabi/12.3.1/../../../../arm-none-eabi/lib/thumb/v7-m/nofp\libc_nano.a(libc_a-memset.o)
                0x0800014c                memset
 .text.__libc_init_array
                0x0800015c       0x48 D:/Software/st-clt/STM32CubeCLT_1.15.0/GNU-tools-for-STM32/bin/../lib/gcc/arm-none-eabi/12.3.1/../../../../arm-none-eabi/lib/thumb/v7-m/nofp\libc_nano.a(libc_a-init.o)
                0x0800015c                __libc_init_array
 .text.main     0x080001a4       0x26 CMakeFiles/HelloWorld.dir/Core/Src/main.c.obj
                0x080001a4                main
 .text.SystemClock_Config
                0x080001ca       0x76 CMakeFiles/HelloWorld.dir/Core/Src/main.c.obj
                0x080001ca                SystemClock_Config
 .text.Error_Handler
                0x08000240        0xc CMakeFiles/HelloWorld.dir/Core/Src/main.c.obj
                0x08000240                Error_Handler
 .text.MX_GPIO_Init
                0x0800024c       0x98 CMakeFiles/HelloWorld.dir/Core/Src/gpio.c.obj
                0x0800024c                MX_GPIO_Init
 .text.MX_USART1_UART_Init
                0x080002e4       0x54 CMakeFiles/HelloWorld.dir/Core/Src/usart.c.obj
                0x080002e4                MX_USART1_UART_Init
 .text.HAL_UART_MspInit
                0x08000338       0x98 CMakeFiles/HelloWorld.dir/Core/Src/usart.c.obj
                0x08000338                HAL_UART_MspInit
 .text.NMI_Handler
                0x080003d0        0x8 CMakeFiles/HelloWorld.dir/Core/Src/stm32f1xx_it.c.obj
                0x080003d0                NMI_Handler
 .text.HardFault_Handler
                0x080003d8        0x8 CMakeFiles/HelloWorld.dir/Core/Src/stm32f1xx_it.c.obj
                0x080003d8                HardFault_Handler
 .text.MemManage_Handler
                0x080003e0        0x8 CMakeFiles/HelloWorld.dir/Core/Src/stm32f1xx_it.c.obj
                0x080003e0                MemManage_Handler
 .text.BusFault_Handler
                0x080003e8        0x8 CMakeFiles/HelloWorld.dir/Core/Src/stm32f1xx_it.c.obj
                0x080003e8                BusFault_Handler
 .text.UsageFault_Handler
                0x080003f0        0x8 CMakeFiles/HelloWorld.dir/Core/Src/stm32f1xx_it.c.obj
                0x080003f0                UsageFault_Handler
 .text.SVC_Handler
                0x080003f8        0xc CMakeFiles/HelloWorld.dir/Core/Src/stm32f1xx_it.c.obj
                0x080003f8                SVC_Handler
 .text.DebugMon_Handler
                0x08000404        0xc CMakeFiles/HelloWorld.dir/Core/Src/stm32f1xx_it.c.obj
                0x08000404                DebugMon_Handler
 .text.PendSV_Handler
                0x08000410        0xc CMakeFiles/HelloWorld.dir/Core/Src/stm32f1xx_it.c.obj
                0x08000410                PendSV_Handler
 .text.SysTick_Handler
                0x0800041c        0xc CMakeFiles/HelloWorld.dir/Core/Src/stm32f1xx_it.c.obj
                0x0800041c                SysTick_Handler
 .text.HAL_MspInit
                0x08000428       0x64 CMakeFiles/HelloWorld.dir/Core/Src/stm32f1xx_hal_msp.c.obj
                0x08000428                HAL_MspInit
 .text.HAL_UART_Init
                0x0800048c       0xa0 CMakeFiles/HelloWorld.dir/C_/Users/KhoaAnh/STM32Cube/Repository/STM32Cube_FW_F1_V1.8.6/Drivers/STM32F1xx_HAL_Driver/Src/stm32f1xx_hal_uart.c.obj
                0x0800048c                HAL_UART_Init
 .text.UART_SetConfig
                0x0800052c      0x11c CMakeFiles/HelloWorld.dir/C_/Users/KhoaAnh/STM32Cube/Repository/STM32Cube_FW_F1_V1.8.6/Drivers/STM32F1xx_HAL_Driver/Src/stm32f1xx_hal_uart.c.obj
 .text.HAL_Init
                0x08000648       0x2c CMakeFiles/HelloWorld.dir/C_/Users/KhoaAnh/STM32Cube/Repository/STM32Cube_FW_F1_V1.8.6/Drivers/STM32F1xx_HAL_Driver/Src/stm32f1xx_hal.c.obj
                0x08000648                HAL_Init
 .text.HAL_InitTick
                0x08000674       0x60 CMakeFiles/HelloWorld.dir/C_/Users/KhoaAnh/STM32Cube/Repository/STM32Cube_FW_F1_V1.8.6/Drivers/STM32F1xx_HAL_Driver/Src/stm32f1xx_hal.c.obj
                0x08000674                HAL_InitTick
 .text.HAL_IncTick
                0x080006d4       0x24 CMakeFiles/HelloWorld.dir/C_/Users/KhoaAnh/STM32Cube/Repository/STM32Cube_FW_F1_V1.8.6/Drivers/STM32F1xx_HAL_Driver/Src/stm32f1xx_hal.c.obj
                0x080006d4                HAL_IncTick
 .text.HAL_GetTick
                0x080006f8       0x14 CMakeFiles/HelloWorld.dir/C_/Users/KhoaAnh/STM32Cube/Repository/STM32Cube_FW_F1_V1.8.6/Drivers/STM32F1xx_HAL_Driver/Src/stm32f1xx_hal.c.obj
                0x080006f8                HAL_GetTick
 .text.HAL_RCC_OscConfig
                0x0800070c      0x504 CMakeFiles/HelloWorld.dir/C_/Users/KhoaAnh/STM32Cube/Repository/STM32Cube_FW_F1_V1.8.6/Drivers/STM32F1xx_HAL_Driver/Src/stm32f1xx_hal_rcc.c.obj
                0x0800070c                HAL_RCC_OscConfig
 .text.HAL_RCC_ClockConfig
                0x08000c10      0x1d4 CMakeFiles/HelloWorld.dir/C_/Users/KhoaAnh/STM32Cube/Repository/STM32Cube_FW_F1_V1.8.6/Drivers/STM32F1xx_HAL_Driver/Src/stm32f1xx_hal_rcc.c.obj
                0x08000c10                HAL_RCC_ClockConfig
 .text.HAL_RCC_GetSysClockFreq
                0x08000de4       0xa8 CMakeFiles/HelloWorld.dir/C_/Users/KhoaAnh/STM32Cube/Repository/STM32Cube_FW_F1_V1.8.6/Drivers/STM32F1xx_HAL_Driver/Src/stm32f1xx_hal_rcc.c.obj
                0x08000de4                HAL_RCC_GetSysClockFreq
 .text.HAL_RCC_GetHCLKFreq
                0x08000e8c       0x14 CMakeFiles/HelloWorld.dir/C_/Users/KhoaAnh/STM32Cube/Repository/STM32Cube_FW_F1_V1.8.6/Drivers/STM32F1xx_HAL_Driver/Src/stm32f1xx_hal_rcc.c.obj
                0x08000e8c                HAL_RCC_GetHCLKFreq
 .text.HAL_RCC_GetPCLK1Freq
                0x08000ea0       0x28 CMakeFiles/HelloWorld.dir/C_/Users/KhoaAnh/STM32Cube/Repository/STM32Cube_FW_F1_V1.8.6/Drivers/STM32F1xx_HAL_Driver/Src/stm32f1xx_hal_rcc.c.obj
                0x08000ea0                HAL_RCC_GetPCLK1Freq
 .text.HAL_RCC_GetPCLK2Freq
                0x08000ec8       0x28 CMakeFiles/HelloWorld.dir/C_/Users/KhoaAnh/STM32Cube/Repository/STM32Cube_FW_F1_V1.8.6/Drivers/STM32F1xx_HAL_Driver/Src/stm32f1xx_hal_rcc.c.obj
                0x08000ec8                HAL_RCC_GetPCLK2Freq
 .text.RCC_Delay
                0x08000ef0       0x3c CMakeFiles/HelloWorld.dir/C_/Users/KhoaAnh/STM32Cube/Repository/STM32Cube_FW_F1_V1.8.6/Drivers/STM32F1xx_HAL_Driver/Src/stm32f1xx_hal_rcc.c.obj
 .text.HAL_GPIO_Init
                0x08000f2c      0x308 CMakeFiles/HelloWorld.dir/C_/Users/KhoaAnh/STM32Cube/Repository/STM32Cube_FW_F1_V1.8.6/Drivers/STM32F1xx_HAL_Driver/Src/stm32f1xx_hal_gpio.c.obj
                0x08000f2c                HAL_GPIO_Init
 .text.HAL_GPIO_WritePin
                0x08001234       0x30 CMakeFiles/HelloWorld.dir/C_/Users/KhoaAnh/STM32Cube/Repository/STM32Cube_FW_F1_V1.8.6/Drivers/STM32F1xx_HAL_Driver/Src/stm32f1xx_hal_gpio.c.obj
                0x08001234                HAL_GPIO_WritePin
 .text.__NVIC_SetPriorityGrouping
                0x08001264       0x48 CMakeFiles/HelloWorld.dir/C_/Users/KhoaAnh/STM32Cube/Repository/STM32Cube_FW_F1_V1.8.6/Drivers/STM32F1xx_HAL_Driver/Src/stm32f1xx_hal_cortex.c.obj
 .text.__NVIC_GetPriorityGrouping
                0x080012ac       0x1c CMakeFiles/HelloWorld.dir/C_/Users/KhoaAnh/STM32Cube/Repository/STM32Cube_FW_F1_V1.8.6/Drivers/STM32F1xx_HAL_Driver/Src/stm32f1xx_hal_cortex.c.obj
 .text.__NVIC_SetPriority
                0x080012c8       0x54 CMakeFiles/HelloWorld.dir/C_/Users/KhoaAnh/STM32Cube/Repository/STM32Cube_FW_F1_V1.8.6/Drivers/STM32F1xx_HAL_Driver/Src/stm32f1xx_hal_cortex.c.obj
 .text.NVIC_EncodePriority
                0x0800131c       0x64 CMakeFiles/HelloWorld.dir/C_/Users/KhoaAnh/STM32Cube/Repository/STM32Cube_FW_F1_V1.8.6/Drivers/STM32F1xx_HAL_Driver/Src/stm32f1xx_hal_cortex.c.obj
 .text.SysTick_Config
                0x08001380       0x44 CMakeFiles/HelloWorld.dir/C_/Users/KhoaAnh/STM32Cube/Repository/STM32Cube_FW_F1_V1.8.6/Drivers/STM32F1xx_HAL_Driver/Src/stm32f1xx_hal_cortex.c.obj
 .text.HAL_NVIC_SetPriorityGrouping
                0x080013c4       0x16 CMakeFiles/HelloWorld.dir/C_/Users/KhoaAnh/STM32Cube/Repository/STM32Cube_FW_F1_V1.8.6/Drivers/STM32F1xx_HAL_Driver/Src/stm32f1xx_hal_cortex.c.obj
                0x080013c4                HAL_NVIC_SetPriorityGrouping
 .text.HAL_NVIC_SetPriority
                0x080013da       0x38 CMakeFiles/HelloWorld.dir/C_/Users/KhoaAnh/STM32Cube/Repository/STM32Cube_FW_F1_V1.8.6/Drivers/STM32F1xx_HAL_Driver/Src/stm32f1xx_hal_cortex.c.obj
                0x080013da                HAL_NVIC_SetPriority
 .text.HAL_SYSTICK_Config
                0x08001412       0x18 CMakeFiles/HelloWorld.dir/C_/Users/KhoaAnh/STM32Cube/Repository/STM32Cube_FW_F1_V1.8.6/Drivers/STM32F1xx_HAL_Driver/Src/stm32f1xx_hal_cortex.c.obj
                0x08001412                HAL_SYSTICK_Config
 .text.SystemInit
                0x0800142a        0xc CMakeFiles/HelloWorld.dir/Core/Src/system_stm32f1xx.c.obj
                0x0800142a                SystemInit
 *fill*         0x08001436        0x2 
 .text.Reset_Handler
                0x08001438       0x48 CMakeFiles/HelloWorld.dir/startup_stm32f103xb.s.obj
                0x08001438                Reset_Handler
 .text.Default_Handler
                0x08001480        0x2 CMakeFiles/HelloWorld.dir/startup_stm32f103xb.s.obj
                0x08001480                RTC_Alarm_IRQHandler
                0x08001480                EXTI2_IRQHandler
                0x08001480                TIM1_CC_IRQHandler
                0x08001480                PVD_IRQHandler
                0x08001480                EXTI3_IRQHandler
                0x08001480                EXTI0_IRQHandler
                0x08001480                I2C2_EV_IRQHandler
                0x08001480                ADC1_2_IRQHandler
                0x08001480                SPI1_IRQHandler
                0x08001480                TAMPER_IRQHandler
                0x08001480                DMA1_Channel4_IRQHandler
                0x08001480                USART3_IRQHandler
                0x08001480                RTC_IRQHandler
                0x08001480                DMA1_Channel7_IRQHandler
                0x08001480                CAN1_RX1_IRQHandler
                0x08001480                TIM4_IRQHandler
                0x08001480                I2C1_EV_IRQHandler
                0x08001480                DMA1_Channel6_IRQHandler
                0x08001480                TIM3_IRQHandler
                0x08001480                RCC_IRQHandler
                0x08001480                TIM1_TRG_COM_IRQHandler
                0x08001480                DMA1_Channel1_IRQHandler
                0x08001480                Default_Handler
                0x08001480                EXTI15_10_IRQHandler
                0x08001480                EXTI9_5_IRQHandler
                0x08001480                SPI2_IRQHandler
                0x08001480                DMA1_Channel5_IRQHandler
                0x08001480                EXTI4_IRQHandler
                0x08001480                USB_LP_CAN1_RX0_IRQHandler
                0x08001480                USB_HP_CAN1_TX_IRQHandler
                0x08001480                DMA1_Channel3_IRQHandler
                0x08001480                TIM1_UP_IRQHandler
                0x08001480                WWDG_IRQHandler
                0x08001480                TIM2_IRQHandler
                0x08001480                TIM1_BRK_IRQHandler
                0x08001480                EXTI1_IRQHandler
                0x08001480                USART2_IRQHandler
                0x08001480                I2C2_ER_IRQHandler
                0x08001480                DMA1_Channel2_IRQHandler
                0x08001480                CAN1_SCE_IRQHandler
                0x08001480                FLASH_IRQHandler
                0x08001480                USART1_IRQHandler
                0x08001480                I2C1_ER_IRQHandler
                0x08001480                USBWakeUp_IRQHandler
 *(.glue_7)
 .glue_7        0x08001482        0x0 linker stubs
 *(.glue_7t)
 .glue_7t       0x08001482        0x0 linker stubs
 *(.eh_frame)
 *fill*         0x08001482        0x2 
 .eh_frame      0x08001484        0x0 D:/Software/st-clt/STM32CubeCLT_1.15.0/GNU-tools-for-STM32/bin/../lib/gcc/arm-none-eabi/12.3.1/thumb/v7-m/nofp/crtbegin.o
 *(.init)
 .init          0x08001484        0x4 D:/Software/st-clt/STM32CubeCLT_1.15.0/GNU-tools-for-STM32/bin/../lib/gcc/arm-none-eabi/12.3.1/thumb/v7-m/nofp/crti.o
                0x08001484                _init
 .init          0x08001488        0x8 D:/Software/st-clt/STM32CubeCLT_1.15.0/GNU-tools-for-STM32/bin/../lib/gcc/arm-none-eabi/12.3.1/thumb/v7-m/nofp/crtn.o
 *(.fini)
 .fini          0x08001490        0x4 D:/Software/st-clt/STM32CubeCLT_1.15.0/GNU-tools-for-STM32/bin/../lib/gcc/arm-none-eabi/12.3.1/thumb/v7-m/nofp/crti.o
                0x08001490                _fini
 .fini          0x08001494        0x8 D:/Software/st-clt/STM32CubeCLT_1.15.0/GNU-tools-for-STM32/bin/../lib/gcc/arm-none-eabi/12.3.1/thumb/v7-m/nofp/crtn.o
                0x0800149c                        . = ALIGN (0x4)
                0x0800149c                        _etext = .

.vfp11_veneer   0x0800149c        0x0
 .vfp11_veneer  0x0800149c        0x0 linker stubs

.v4_bx          0x0800149c        0x0
 .v4_bx         0x0800149c        0x0 linker stubs

.iplt           0x0800149c        0x0
 .iplt          0x0800149c        0x0 D:/Software/st-clt/STM32CubeCLT_1.15.0/GNU-tools-for-STM32/bin/../lib/gcc/arm-none-eabi/12.3.1/thumb/v7-m/nofp/crtbegin.o

.rodata         0x0800149c       0x2c
                0x0800149c                        . = ALIGN (0x4)
 *(.rodata)
 *(.rodata*)
 .rodata.aPLLMULFactorTable.1
                0x0800149c       0x10 CMakeFiles/HelloWorld.dir/C_/Users/KhoaAnh/STM32Cube/Repository/STM32Cube_FW_F1_V1.8.6/Drivers/STM32F1xx_HAL_Driver/Src/stm32f1xx_hal_rcc.c.obj
 .rodata.aPredivFactorTable.0
                0x080014ac        0x2 CMakeFiles/HelloWorld.dir/C_/Users/KhoaAnh/STM32Cube/Repository/STM32Cube_FW_F1_V1.8.6/Drivers/STM32F1xx_HAL_Driver/Src/stm32f1xx_hal_rcc.c.obj
 *fill*         0x080014ae        0x2 
 .rodata.AHBPrescTable
                0x080014b0       0x10 CMakeFiles/HelloWorld.dir/Core/Src/system_stm32f1xx.c.obj
                0x080014b0                AHBPrescTable
 .rodata.APBPrescTable
                0x080014c0        0x8 CMakeFiles/HelloWorld.dir/Core/Src/system_stm32f1xx.c.obj
                0x080014c0                APBPrescTable
                0x080014c8                        . = ALIGN (0x4)

.rel.dyn        0x080014c8        0x0
 .rel.iplt      0x080014c8        0x0 D:/Software/st-clt/STM32CubeCLT_1.15.0/GNU-tools-for-STM32/bin/../lib/gcc/arm-none-eabi/12.3.1/thumb/v7-m/nofp/crtbegin.o

.ARM.extab
 *(.ARM.extab* .gnu.linkonce.armextab.*)

.ARM            0x080014c8        0x0
                0x080014c8                        __exidx_start = .
 *(.ARM.exidx*)
                0x080014c8                        __exidx_end = .

.preinit_array  0x080014c8        0x0
                0x080014c8                        PROVIDE (__preinit_array_start = .)
 *(.preinit_array*)
                0x080014c8                        PROVIDE (__preinit_array_end = .)

.init_array     0x080014c8        0x4
                0x080014c8                        PROVIDE (__init_array_start = .)
 *(SORT_BY_NAME(.init_array.*))
 *(.init_array*)
 .init_array    0x080014c8        0x4 D:/Software/st-clt/STM32CubeCLT_1.15.0/GNU-tools-for-STM32/bin/../lib/gcc/arm-none-eabi/12.3.1/thumb/v7-m/nofp/crtbegin.o
                0x080014cc                        PROVIDE (__init_array_end = .)

.fini_array     0x080014cc        0x4
                [!provide]                        PROVIDE (__fini_array_start = .)
 *(SORT_BY_NAME(.fini_array.*))
 *(.fini_array*)
 .fini_array    0x080014cc        0x4 D:/Software/st-clt/STM32CubeCLT_1.15.0/GNU-tools-for-STM32/bin/../lib/gcc/arm-none-eabi/12.3.1/thumb/v7-m/nofp/crtbegin.o
                [!provide]                        PROVIDE (__fini_array_end = .)
                0x080014d0                        _sidata = LOADADDR (.data)

.data           0x20000000        0xc load address 0x080014d0
                0x20000000                        . = ALIGN (0x4)
                0x20000000                        _sdata = .
 *(.data)
 *(.data*)
 .data.uwTickPrio
                0x20000000        0x4 CMakeFiles/HelloWorld.dir/C_/Users/KhoaAnh/STM32Cube/Repository/STM32Cube_FW_F1_V1.8.6/Drivers/STM32F1xx_HAL_Driver/Src/stm32f1xx_hal.c.obj
                0x20000000                uwTickPrio
 .data.uwTickFreq
                0x20000004        0x1 CMakeFiles/HelloWorld.dir/C_/Users/KhoaAnh/STM32Cube/Repository/STM32Cube_FW_F1_V1.8.6/Drivers/STM32F1xx_HAL_Driver/Src/stm32f1xx_hal.c.obj
                0x20000004                uwTickFreq
 *fill*         0x20000005        0x3 
 .data.SystemCoreClock
                0x20000008        0x4 CMakeFiles/HelloWorld.dir/Core/Src/system_stm32f1xx.c.obj
                0x20000008                SystemCoreClock
                0x2000000c                        . = ALIGN (0x4)
                0x2000000c                        _edata = .

.igot.plt       0x2000000c        0x0 load address 0x080014dc
 .igot.plt      0x2000000c        0x0 D:/Software/st-clt/STM32CubeCLT_1.15.0/GNU-tools-for-STM32/bin/../lib/gcc/arm-none-eabi/12.3.1/thumb/v7-m/nofp/crtbegin.o
                0x2000000c                        . = ALIGN (0x4)

.bss            0x2000000c       0x68 load address 0x080014dc
                0x2000000c                        _sbss = .
                0x2000000c                        __bss_start__ = _sbss
 *(.bss)
 .bss           0x2000000c       0x1c D:/Software/st-clt/STM32CubeCLT_1.15.0/GNU-tools-for-STM32/bin/../lib/gcc/arm-none-eabi/12.3.1/thumb/v7-m/nofp/crtbegin.o
 *(.bss*)
 .bss.huart1    0x20000028       0x48 CMakeFiles/HelloWorld.dir/Core/Src/usart.c.obj
                0x20000028                huart1
 .bss.uwTick    0x20000070        0x4 CMakeFiles/HelloWorld.dir/C_/Users/KhoaAnh/STM32Cube/Repository/STM32Cube_FW_F1_V1.8.6/Drivers/STM32F1xx_HAL_Driver/Src/stm32f1xx_hal.c.obj
                0x20000070                uwTick
 *(COMMON)
                0x20000074                        . = ALIGN (0x4)
                0x20000074                        _ebss = .
                0x20000074                        __bss_end__ = _ebss

._user_heap_stack
                0x20000074      0x604 load address 0x080014dc
                0x20000078                        . = ALIGN (0x8)
 *fill*         0x20000074        0x4 
                [!provide]                        PROVIDE (end = .)
                0x20000078                        PROVIDE (_end = .)
                0x20000278                        . = (. + _Min_Heap_Size)
 *fill*         0x20000078      0x200 
                0x20000678                        . = (. + _Min_Stack_Size)
 *fill*         0x20000278      0x400 
                0x20000678                        . = ALIGN (0x8)

/DISCARD/
 libc.a(*)
 libm.a(*)
 libgcc.a(*)

.ARM.attributes
                0x00000000       0x29
 *(.ARM.attributes)
 .ARM.attributes
                0x00000000       0x1d D:/Software/st-clt/STM32CubeCLT_1.15.0/GNU-tools-for-STM32/bin/../lib/gcc/arm-none-eabi/12.3.1/thumb/v7-m/nofp/crti.o
 .ARM.attributes
                0x0000001d       0x2d D:/Software/st-clt/STM32CubeCLT_1.15.0/GNU-tools-for-STM32/bin/../lib/gcc/arm-none-eabi/12.3.1/thumb/v7-m/nofp/crtbegin.o
 .ARM.attributes
                0x0000004a       0x2d D:/Software/st-clt/STM32CubeCLT_1.15.0/GNU-tools-for-STM32/bin/../lib/gcc/arm-none-eabi/12.3.1/../../../../arm-none-eabi/lib/thumb/v7-m/nofp\libc_nano.a(libc_a-memset.o)
 .ARM.attributes
                0x00000077       0x2d D:/Software/st-clt/STM32CubeCLT_1.15.0/GNU-tools-for-STM32/bin/../lib/gcc/arm-none-eabi/12.3.1/../../../../arm-none-eabi/lib/thumb/v7-m/nofp\libc_nano.a(libc_a-init.o)
 .ARM.attributes
                0x000000a4       0x2d CMakeFiles/HelloWorld.dir/Core/Src/main.c.obj
 .ARM.attributes
                0x000000d1       0x2d CMakeFiles/HelloWorld.dir/Core/Src/gpio.c.obj
 .ARM.attributes
                0x000000fe       0x2d CMakeFiles/HelloWorld.dir/Core/Src/usart.c.obj
 .ARM.attributes
                0x0000012b       0x2d CMakeFiles/HelloWorld.dir/Core/Src/stm32f1xx_it.c.obj
 .ARM.attributes
                0x00000158       0x2d CMakeFiles/HelloWorld.dir/Core/Src/stm32f1xx_hal_msp.c.obj
 .ARM.attributes
                0x00000185       0x2d CMakeFiles/HelloWorld.dir/C_/Users/KhoaAnh/STM32Cube/Repository/STM32Cube_FW_F1_V1.8.6/Drivers/STM32F1xx_HAL_Driver/Src/stm32f1xx_hal_uart.c.obj
 .ARM.attributes
                0x000001b2       0x2d CMakeFiles/HelloWorld.dir/C_/Users/KhoaAnh/STM32Cube/Repository/STM32Cube_FW_F1_V1.8.6/Drivers/STM32F1xx_HAL_Driver/Src/stm32f1xx_hal.c.obj
 .ARM.attributes
                0x000001df       0x2d CMakeFiles/HelloWorld.dir/C_/Users/KhoaAnh/STM32Cube/Repository/STM32Cube_FW_F1_V1.8.6/Drivers/STM32F1xx_HAL_Driver/Src/stm32f1xx_hal_rcc.c.obj
 .ARM.attributes
                0x0000020c       0x2d CMakeFiles/HelloWorld.dir/C_/Users/KhoaAnh/STM32Cube/Repository/STM32Cube_FW_F1_V1.8.6/Drivers/STM32F1xx_HAL_Driver/Src/stm32f1xx_hal_gpio.c.obj
 .ARM.attributes
                0x00000239       0x2d CMakeFiles/HelloWorld.dir/C_/Users/KhoaAnh/STM32Cube/Repository/STM32Cube_FW_F1_V1.8.6/Drivers/STM32F1xx_HAL_Driver/Src/stm32f1xx_hal_cortex.c.obj
 .ARM.attributes
                0x00000266       0x2d CMakeFiles/HelloWorld.dir/Core/Src/system_stm32f1xx.c.obj
 .ARM.attributes
                0x00000293       0x21 CMakeFiles/HelloWorld.dir/startup_stm32f103xb.s.obj
 .ARM.attributes
                0x000002b4       0x1d D:/Software/st-clt/STM32CubeCLT_1.15.0/GNU-tools-for-STM32/bin/../lib/gcc/arm-none-eabi/12.3.1/thumb/v7-m/nofp/crtn.o
OUTPUT(HelloWorld.elf elf32-littlearm)
LOAD linker stubs
LOAD D:/Software/st-clt/STM32CubeCLT_1.15.0/GNU-tools-for-STM32/bin/../lib/gcc/arm-none-eabi/12.3.1/../../../../arm-none-eabi/lib/thumb/v7-m/nofp\libc.a
LOAD D:/Software/st-clt/STM32CubeCLT_1.15.0/GNU-tools-for-STM32/bin/../lib/gcc/arm-none-eabi/12.3.1/../../../../arm-none-eabi/lib/thumb/v7-m/nofp\libm.a
LOAD D:/Software/st-clt/STM32CubeCLT_1.15.0/GNU-tools-for-STM32/bin/../lib/gcc/arm-none-eabi/12.3.1/thumb/v7-m/nofp\libgcc.a

.debug_frame    0x00000000     0x16f8
 .debug_frame   0x00000000       0x20 D:/Software/st-clt/STM32CubeCLT_1.15.0/GNU-tools-for-STM32/bin/../lib/gcc/arm-none-eabi/12.3.1/../../../../arm-none-eabi/lib/thumb/v7-m/nofp\libc_nano.a(libc_a-memset.o)
 .debug_frame   0x00000020       0x2c D:/Software/st-clt/STM32CubeCLT_1.15.0/GNU-tools-for-STM32/bin/../lib/gcc/arm-none-eabi/12.3.1/../../../../arm-none-eabi/lib/thumb/v7-m/nofp\libc_nano.a(libc_a-init.o)
 .debug_frame   0x0000004c       0x6c CMakeFiles/HelloWorld.dir/Core/Src/main.c.obj
 .debug_frame   0x000000b8       0x34 CMakeFiles/HelloWorld.dir/Core/Src/gpio.c.obj
 .debug_frame   0x000000ec       0x74 CMakeFiles/HelloWorld.dir/Core/Src/usart.c.obj
 .debug_frame   0x00000160      0x104 CMakeFiles/HelloWorld.dir/Core/Src/stm32f1xx_it.c.obj
 .debug_frame   0x00000264       0x38 CMakeFiles/HelloWorld.dir/Core/Src/stm32f1xx_hal_msp.c.obj
 .debug_frame   0x0000029c      0x944 CMakeFiles/HelloWorld.dir/C_/Users/KhoaAnh/STM32Cube/Repository/STM32Cube_FW_F1_V1.8.6/Drivers/STM32F1xx_HAL_Driver/Src/stm32f1xx_hal_uart.c.obj
 .debug_frame   0x00000be0      0x334 CMakeFiles/HelloWorld.dir/C_/Users/KhoaAnh/STM32Cube/Repository/STM32Cube_FW_F1_V1.8.6/Drivers/STM32F1xx_HAL_Driver/Src/stm32f1xx_hal.c.obj
 .debug_frame   0x00000f14      0x218 CMakeFiles/HelloWorld.dir/C_/Users/KhoaAnh/STM32Cube/Repository/STM32Cube_FW_F1_V1.8.6/Drivers/STM32F1xx_HAL_Driver/Src/stm32f1xx_hal_rcc.c.obj
 .debug_frame   0x0000112c      0x14c CMakeFiles/HelloWorld.dir/C_/Users/KhoaAnh/STM32Cube/Repository/STM32Cube_FW_F1_V1.8.6/Drivers/STM32F1xx_HAL_Driver/Src/stm32f1xx_hal_gpio.c.obj
 .debug_frame   0x00001278      0x428 CMakeFiles/HelloWorld.dir/C_/Users/KhoaAnh/STM32Cube/Repository/STM32Cube_FW_F1_V1.8.6/Drivers/STM32F1xx_HAL_Driver/Src/stm32f1xx_hal_cortex.c.obj
 .debug_frame   0x000016a0       0x58 CMakeFiles/HelloWorld.dir/Core/Src/system_stm32f1xx.c.obj

.debug_info     0x00000000     0x60b0
 .debug_info    0x00000000      0x313 CMakeFiles/HelloWorld.dir/Core/Src/main.c.obj
 .debug_info    0x00000313      0x2b7 CMakeFiles/HelloWorld.dir/Core/Src/gpio.c.obj
 .debug_info    0x000005ca      0x798 CMakeFiles/HelloWorld.dir/Core/Src/usart.c.obj
 .debug_info    0x00000d62      0x113 CMakeFiles/HelloWorld.dir/Core/Src/stm32f1xx_it.c.obj
 .debug_info    0x00000e75      0x1f1 CMakeFiles/HelloWorld.dir/Core/Src/stm32f1xx_hal_msp.c.obj
 .debug_info    0x00001066     0x2eed CMakeFiles/HelloWorld.dir/C_/Users/KhoaAnh/STM32Cube/Repository/STM32Cube_FW_F1_V1.8.6/Drivers/STM32F1xx_HAL_Driver/Src/stm32f1xx_hal_uart.c.obj
 .debug_info    0x00003f53      0x704 CMakeFiles/HelloWorld.dir/C_/Users/KhoaAnh/STM32Cube/Repository/STM32Cube_FW_F1_V1.8.6/Drivers/STM32F1xx_HAL_Driver/Src/stm32f1xx_hal.c.obj
 .debug_info    0x00004657      0x7d5 CMakeFiles/HelloWorld.dir/C_/Users/KhoaAnh/STM32Cube/Repository/STM32Cube_FW_F1_V1.8.6/Drivers/STM32F1xx_HAL_Driver/Src/stm32f1xx_hal_rcc.c.obj
 .debug_info    0x00004e2c      0x5ab CMakeFiles/HelloWorld.dir/C_/Users/KhoaAnh/STM32Cube/Repository/STM32Cube_FW_F1_V1.8.6/Drivers/STM32F1xx_HAL_Driver/Src/stm32f1xx_hal_gpio.c.obj
 .debug_info    0x000053d7      0xa87 CMakeFiles/HelloWorld.dir/C_/Users/KhoaAnh/STM32Cube/Repository/STM32Cube_FW_F1_V1.8.6/Drivers/STM32F1xx_HAL_Driver/Src/stm32f1xx_hal_cortex.c.obj
 .debug_info    0x00005e5e      0x222 CMakeFiles/HelloWorld.dir/Core/Src/system_stm32f1xx.c.obj
 .debug_info    0x00006080       0x30 CMakeFiles/HelloWorld.dir/startup_stm32f103xb.s.obj

.debug_abbrev   0x00000000     0x1414
 .debug_abbrev  0x00000000      0x1d0 CMakeFiles/HelloWorld.dir/Core/Src/main.c.obj
 .debug_abbrev  0x000001d0      0x13f CMakeFiles/HelloWorld.dir/Core/Src/gpio.c.obj
 .debug_abbrev  0x0000030f      0x1e6 CMakeFiles/HelloWorld.dir/Core/Src/usart.c.obj
 .debug_abbrev  0x000004f5       0x73 CMakeFiles/HelloWorld.dir/Core/Src/stm32f1xx_it.c.obj
 .debug_abbrev  0x00000568       0xdb CMakeFiles/HelloWorld.dir/Core/Src/stm32f1xx_hal_msp.c.obj
 .debug_abbrev  0x00000643      0x2f8 CMakeFiles/HelloWorld.dir/C_/Users/KhoaAnh/STM32Cube/Repository/STM32Cube_FW_F1_V1.8.6/Drivers/STM32F1xx_HAL_Driver/Src/stm32f1xx_hal_uart.c.obj
 .debug_abbrev  0x0000093b      0x201 CMakeFiles/HelloWorld.dir/C_/Users/KhoaAnh/STM32Cube/Repository/STM32Cube_FW_F1_V1.8.6/Drivers/STM32F1xx_HAL_Driver/Src/stm32f1xx_hal.c.obj
 .debug_abbrev  0x00000b3c      0x2b3 CMakeFiles/HelloWorld.dir/C_/Users/KhoaAnh/STM32Cube/Repository/STM32Cube_FW_F1_V1.8.6/Drivers/STM32F1xx_HAL_Driver/Src/stm32f1xx_hal_rcc.c.obj
 .debug_abbrev  0x00000def      0x1ca CMakeFiles/HelloWorld.dir/C_/Users/KhoaAnh/STM32Cube/Repository/STM32Cube_FW_F1_V1.8.6/Drivers/STM32F1xx_HAL_Driver/Src/stm32f1xx_hal_gpio.c.obj
 .debug_abbrev  0x00000fb9      0x2f8 CMakeFiles/HelloWorld.dir/C_/Users/KhoaAnh/STM32Cube/Repository/STM32Cube_FW_F1_V1.8.6/Drivers/STM32F1xx_HAL_Driver/Src/stm32f1xx_hal_cortex.c.obj
 .debug_abbrev  0x000012b1      0x13f CMakeFiles/HelloWorld.dir/Core/Src/system_stm32f1xx.c.obj
 .debug_abbrev  0x000013f0       0x24 CMakeFiles/HelloWorld.dir/startup_stm32f103xb.s.obj

.debug_aranges  0x00000000      0x620
 .debug_aranges
                0x00000000       0x30 CMakeFiles/HelloWorld.dir/Core/Src/main.c.obj
 .debug_aranges
                0x00000030       0x20 CMakeFiles/HelloWorld.dir/Core/Src/gpio.c.obj
 .debug_aranges
                0x00000050       0x30 CMakeFiles/HelloWorld.dir/Core/Src/usart.c.obj
 .debug_aranges
                0x00000080       0x60 CMakeFiles/HelloWorld.dir/Core/Src/stm32f1xx_it.c.obj
 .debug_aranges
                0x000000e0       0x20 CMakeFiles/HelloWorld.dir/Core/Src/stm32f1xx_hal_msp.c.obj
 .debug_aranges
                0x00000100      0x208 CMakeFiles/HelloWorld.dir/C_/Users/KhoaAnh/STM32Cube/Repository/STM32Cube_FW_F1_V1.8.6/Drivers/STM32F1xx_HAL_Driver/Src/stm32f1xx_hal_uart.c.obj
 .debug_aranges
                0x00000308       0xe0 CMakeFiles/HelloWorld.dir/C_/Users/KhoaAnh/STM32Cube/Repository/STM32Cube_FW_F1_V1.8.6/Drivers/STM32F1xx_HAL_Driver/Src/stm32f1xx_hal.c.obj
 .debug_aranges
                0x000003e8       0x90 CMakeFiles/HelloWorld.dir/C_/Users/KhoaAnh/STM32Cube/Repository/STM32Cube_FW_F1_V1.8.6/Drivers/STM32F1xx_HAL_Driver/Src/stm32f1xx_hal_rcc.c.obj
 .debug_aranges
                0x00000478       0x58 CMakeFiles/HelloWorld.dir/C_/Users/KhoaAnh/STM32Cube/Repository/STM32Cube_FW_F1_V1.8.6/Drivers/STM32F1xx_HAL_Driver/Src/stm32f1xx_hal_gpio.c.obj
 .debug_aranges
                0x000004d0      0x100 CMakeFiles/HelloWorld.dir/C_/Users/KhoaAnh/STM32Cube/Repository/STM32Cube_FW_F1_V1.8.6/Drivers/STM32F1xx_HAL_Driver/Src/stm32f1xx_hal_cortex.c.obj
 .debug_aranges
                0x000005d0       0x28 CMakeFiles/HelloWorld.dir/Core/Src/system_stm32f1xx.c.obj
 .debug_aranges
                0x000005f8       0x28 CMakeFiles/HelloWorld.dir/startup_stm32f103xb.s.obj

.debug_rnglists
                0x00000000      0x4a1
 .debug_rnglists
                0x00000000       0x1f CMakeFiles/HelloWorld.dir/Core/Src/main.c.obj
 .debug_rnglists
                0x0000001f       0x14 CMakeFiles/HelloWorld.dir/Core/Src/gpio.c.obj
 .debug_rnglists
                0x00000033       0x20 CMakeFiles/HelloWorld.dir/Core/Src/usart.c.obj
 .debug_rnglists
                0x00000053       0x43 CMakeFiles/HelloWorld.dir/Core/Src/stm32f1xx_it.c.obj
 .debug_rnglists
                0x00000096       0x13 CMakeFiles/HelloWorld.dir/Core/Src/stm32f1xx_hal_msp.c.obj
 .debug_rnglists
                0x000000a9      0x1bc CMakeFiles/HelloWorld.dir/C_/Users/KhoaAnh/STM32Cube/Repository/STM32Cube_FW_F1_V1.8.6/Drivers/STM32F1xx_HAL_Driver/Src/stm32f1xx_hal_uart.c.obj
 .debug_rnglists
                0x00000265       0xa3 CMakeFiles/HelloWorld.dir/C_/Users/KhoaAnh/STM32Cube/Repository/STM32Cube_FW_F1_V1.8.6/Drivers/STM32F1xx_HAL_Driver/Src/stm32f1xx_hal.c.obj
 .debug_rnglists
                0x00000308       0x6c CMakeFiles/HelloWorld.dir/C_/Users/KhoaAnh/STM32Cube/Repository/STM32Cube_FW_F1_V1.8.6/Drivers/STM32F1xx_HAL_Driver/Src/stm32f1xx_hal_rcc.c.obj
 .debug_rnglists
                0x00000374       0x3f CMakeFiles/HelloWorld.dir/C_/Users/KhoaAnh/STM32Cube/Repository/STM32Cube_FW_F1_V1.8.6/Drivers/STM32F1xx_HAL_Driver/Src/stm32f1xx_hal_gpio.c.obj
 .debug_rnglists
                0x000003b3       0xbb CMakeFiles/HelloWorld.dir/C_/Users/KhoaAnh/STM32Cube/Repository/STM32Cube_FW_F1_V1.8.6/Drivers/STM32F1xx_HAL_Driver/Src/stm32f1xx_hal_cortex.c.obj
 .debug_rnglists
                0x0000046e       0x1a CMakeFiles/HelloWorld.dir/Core/Src/system_stm32f1xx.c.obj
 .debug_rnglists
                0x00000488       0x19 CMakeFiles/HelloWorld.dir/startup_stm32f103xb.s.obj

.debug_macro    0x00000000    0x16110
 .debug_macro   0x00000000      0x1c4 CMakeFiles/HelloWorld.dir/Core/Src/main.c.obj
 .debug_macro   0x000001c4      0xaa8 CMakeFiles/HelloWorld.dir/Core/Src/main.c.obj
 .debug_macro   0x00000c6c      0x215 CMakeFiles/HelloWorld.dir/Core/Src/main.c.obj
 .debug_macro   0x00000e81       0x2e CMakeFiles/HelloWorld.dir/Core/Src/main.c.obj
 .debug_macro   0x00000eaf       0x22 CMakeFiles/HelloWorld.dir/Core/Src/main.c.obj
 .debug_macro   0x00000ed1       0x22 CMakeFiles/HelloWorld.dir/Core/Src/main.c.obj
 .debug_macro   0x00000ef3       0x8e CMakeFiles/HelloWorld.dir/Core/Src/main.c.obj
 .debug_macro   0x00000f81       0x51 CMakeFiles/HelloWorld.dir/Core/Src/main.c.obj
 .debug_macro   0x00000fd2      0x103 CMakeFiles/HelloWorld.dir/Core/Src/main.c.obj
 .debug_macro   0x000010d5       0x6a CMakeFiles/HelloWorld.dir/Core/Src/main.c.obj
 .debug_macro   0x0000113f      0x1df CMakeFiles/HelloWorld.dir/Core/Src/main.c.obj
 .debug_macro   0x0000131e       0x1c CMakeFiles/HelloWorld.dir/Core/Src/main.c.obj
 .debug_macro   0x0000133a       0x22 CMakeFiles/HelloWorld.dir/Core/Src/main.c.obj
 .debug_macro   0x0000135c       0xbd CMakeFiles/HelloWorld.dir/Core/Src/main.c.obj
 .debug_macro   0x00001419      0xd23 CMakeFiles/HelloWorld.dir/Core/Src/main.c.obj
 .debug_macro   0x0000213c     0xe09e CMakeFiles/HelloWorld.dir/Core/Src/main.c.obj
 .debug_macro   0x000101da       0x6d CMakeFiles/HelloWorld.dir/Core/Src/main.c.obj
 .debug_macro   0x00010247     0x34a2 CMakeFiles/HelloWorld.dir/Core/Src/main.c.obj
 .debug_macro   0x000136e9      0x189 CMakeFiles/HelloWorld.dir/Core/Src/main.c.obj
 .debug_macro   0x00013872       0x5c CMakeFiles/HelloWorld.dir/Core/Src/main.c.obj
 .debug_macro   0x000138ce      0x5bc CMakeFiles/HelloWorld.dir/Core/Src/main.c.obj
 .debug_macro   0x00013e8a      0x289 CMakeFiles/HelloWorld.dir/Core/Src/main.c.obj
 .debug_macro   0x00014113      0x1cb CMakeFiles/HelloWorld.dir/Core/Src/main.c.obj
 .debug_macro   0x000142de      0x114 CMakeFiles/HelloWorld.dir/Core/Src/main.c.obj
 .debug_macro   0x000143f2      0x1b2 CMakeFiles/HelloWorld.dir/Core/Src/main.c.obj
 .debug_macro   0x000145a4       0x27 CMakeFiles/HelloWorld.dir/Core/Src/main.c.obj
 .debug_macro   0x000145cb      0x136 CMakeFiles/HelloWorld.dir/Core/Src/main.c.obj
 .debug_macro   0x00014701      0x1bc CMakeFiles/HelloWorld.dir/Core/Src/main.c.obj
 .debug_macro   0x000148bd       0x34 CMakeFiles/HelloWorld.dir/Core/Src/main.c.obj
 .debug_macro   0x000148f1       0x3c CMakeFiles/HelloWorld.dir/Core/Src/main.c.obj
 .debug_macro   0x0001492d       0x57 CMakeFiles/HelloWorld.dir/Core/Src/main.c.obj
 .debug_macro   0x00014984       0x87 CMakeFiles/HelloWorld.dir/Core/Src/main.c.obj
 .debug_macro   0x00014a0b      0x240 CMakeFiles/HelloWorld.dir/Core/Src/main.c.obj
 .debug_macro   0x00014c4b      0x140 CMakeFiles/HelloWorld.dir/Core/Src/main.c.obj
 .debug_macro   0x00014d8b      0x28e CMakeFiles/HelloWorld.dir/Core/Src/main.c.obj
 .debug_macro   0x00015019       0x83 CMakeFiles/HelloWorld.dir/Core/Src/main.c.obj
 .debug_macro   0x0001509c      0x1a2 CMakeFiles/HelloWorld.dir/Core/Src/gpio.c.obj
 .debug_macro   0x0001523e      0x1a2 CMakeFiles/HelloWorld.dir/Core/Src/usart.c.obj
 .debug_macro   0x000153e0      0x1a2 CMakeFiles/HelloWorld.dir/Core/Src/stm32f1xx_it.c.obj
 .debug_macro   0x00015582      0x198 CMakeFiles/HelloWorld.dir/Core/Src/stm32f1xx_hal_msp.c.obj
 .debug_macro   0x0001571a      0x18f CMakeFiles/HelloWorld.dir/C_/Users/KhoaAnh/STM32Cube/Repository/STM32Cube_FW_F1_V1.8.6/Drivers/STM32F1xx_HAL_Driver/Src/stm32f1xx_hal_uart.c.obj
 .debug_macro   0x000158a9      0x1b2 CMakeFiles/HelloWorld.dir/C_/Users/KhoaAnh/STM32Cube/Repository/STM32Cube_FW_F1_V1.8.6/Drivers/STM32F1xx_HAL_Driver/Src/stm32f1xx_hal.c.obj
 .debug_macro   0x00015a5b      0x1a0 CMakeFiles/HelloWorld.dir/C_/Users/KhoaAnh/STM32Cube/Repository/STM32Cube_FW_F1_V1.8.6/Drivers/STM32F1xx_HAL_Driver/Src/stm32f1xx_hal_rcc.c.obj
 .debug_macro   0x00015bfb      0x1f9 CMakeFiles/HelloWorld.dir/C_/Users/KhoaAnh/STM32Cube/Repository/STM32Cube_FW_F1_V1.8.6/Drivers/STM32F1xx_HAL_Driver/Src/stm32f1xx_hal_gpio.c.obj
 .debug_macro   0x00015df4      0x18e CMakeFiles/HelloWorld.dir/C_/Users/KhoaAnh/STM32Cube/Repository/STM32Cube_FW_F1_V1.8.6/Drivers/STM32F1xx_HAL_Driver/Src/stm32f1xx_hal_cortex.c.obj
 .debug_macro   0x00015f82      0x18e CMakeFiles/HelloWorld.dir/Core/Src/system_stm32f1xx.c.obj

.debug_line     0x00000000     0x82f3
 .debug_line    0x00000000      0x7b3 CMakeFiles/HelloWorld.dir/Core/Src/main.c.obj
 .debug_line    0x000007b3      0x722 CMakeFiles/HelloWorld.dir/Core/Src/gpio.c.obj
 .debug_line    0x00000ed5      0x783 CMakeFiles/HelloWorld.dir/Core/Src/usart.c.obj
 .debug_line    0x00001658      0x7d6 CMakeFiles/HelloWorld.dir/Core/Src/stm32f1xx_it.c.obj
 .debug_line    0x00001e2e      0x715 CMakeFiles/HelloWorld.dir/Core/Src/stm32f1xx_hal_msp.c.obj
 .debug_line    0x00002543     0x2884 CMakeFiles/HelloWorld.dir/C_/Users/KhoaAnh/STM32Cube/Repository/STM32Cube_FW_F1_V1.8.6/Drivers/STM32F1xx_HAL_Driver/Src/stm32f1xx_hal_uart.c.obj
 .debug_line    0x00004dc7      0x9a5 CMakeFiles/HelloWorld.dir/C_/Users/KhoaAnh/STM32Cube/Repository/STM32Cube_FW_F1_V1.8.6/Drivers/STM32F1xx_HAL_Driver/Src/stm32f1xx_hal.c.obj
 .debug_line    0x0000576c      0xdae CMakeFiles/HelloWorld.dir/C_/Users/KhoaAnh/STM32Cube/Repository/STM32Cube_FW_F1_V1.8.6/Drivers/STM32F1xx_HAL_Driver/Src/stm32f1xx_hal_rcc.c.obj
 .debug_line    0x0000651a      0xa3e CMakeFiles/HelloWorld.dir/C_/Users/KhoaAnh/STM32Cube/Repository/STM32Cube_FW_F1_V1.8.6/Drivers/STM32F1xx_HAL_Driver/Src/stm32f1xx_hal_gpio.c.obj
 .debug_line    0x00006f58      0xb91 CMakeFiles/HelloWorld.dir/C_/Users/KhoaAnh/STM32Cube/Repository/STM32Cube_FW_F1_V1.8.6/Drivers/STM32F1xx_HAL_Driver/Src/stm32f1xx_hal_cortex.c.obj
 .debug_line    0x00007ae9      0x792 CMakeFiles/HelloWorld.dir/Core/Src/system_stm32f1xx.c.obj
 .debug_line    0x0000827b       0x78 CMakeFiles/HelloWorld.dir/startup_stm32f103xb.s.obj

.debug_str      0x00000000    0x7e6ae
 .debug_str     0x00000000    0x7c896 CMakeFiles/HelloWorld.dir/Core/Src/main.c.obj
                              0x7cbc4 (size before relaxing)
 .debug_str     0x0007c896      0x145 CMakeFiles/HelloWorld.dir/Core/Src/gpio.c.obj
                              0x7ca7b (size before relaxing)
 .debug_str     0x0007c9db      0x441 CMakeFiles/HelloWorld.dir/Core/Src/usart.c.obj
                              0x7cec3 (size before relaxing)
 .debug_str     0x0007ce1c      0x11d CMakeFiles/HelloWorld.dir/Core/Src/stm32f1xx_it.c.obj
                              0x7ca18 (size before relaxing)
 .debug_str     0x0007cf39       0xae CMakeFiles/HelloWorld.dir/Core/Src/stm32f1xx_hal_msp.c.obj
                              0x7ca03 (size before relaxing)
 .debug_str     0x0007cfe7      0x6f4 CMakeFiles/HelloWorld.dir/C_/Users/KhoaAnh/STM32Cube/Repository/STM32Cube_FW_F1_V1.8.6/Drivers/STM32F1xx_HAL_Driver/Src/stm32f1xx_hal_uart.c.obj
                              0x7d4b4 (size before relaxing)
 .debug_str     0x0007d6db      0x645 CMakeFiles/HelloWorld.dir/C_/Users/KhoaAnh/STM32Cube/Repository/STM32Cube_FW_F1_V1.8.6/Drivers/STM32F1xx_HAL_Driver/Src/stm32f1xx_hal.c.obj
                              0x7d147 (size before relaxing)
 .debug_str     0x0007dd20      0x24a CMakeFiles/HelloWorld.dir/C_/Users/KhoaAnh/STM32Cube/Repository/STM32Cube_FW_F1_V1.8.6/Drivers/STM32F1xx_HAL_Driver/Src/stm32f1xx_hal_rcc.c.obj
                              0x7ce43 (size before relaxing)
 .debug_str     0x0007df6a      0x320 CMakeFiles/HelloWorld.dir/C_/Users/KhoaAnh/STM32Cube/Repository/STM32Cube_FW_F1_V1.8.6/Drivers/STM32F1xx_HAL_Driver/Src/stm32f1xx_hal_gpio.c.obj
                              0x7cd9a (size before relaxing)
 .debug_str     0x0007e28a      0x2f5 CMakeFiles/HelloWorld.dir/C_/Users/KhoaAnh/STM32Cube/Repository/STM32Cube_FW_F1_V1.8.6/Drivers/STM32F1xx_HAL_Driver/Src/stm32f1xx_hal_cortex.c.obj
                              0x7d093 (size before relaxing)
 .debug_str     0x0007e57f       0xa6 CMakeFiles/HelloWorld.dir/Core/Src/system_stm32f1xx.c.obj
                              0x7ca2e (size before relaxing)
 .debug_str     0x0007e625       0x89 CMakeFiles/HelloWorld.dir/startup_stm32f103xb.s.obj
                                 0xec (size before relaxing)

.comment        0x00000000       0x43
 .comment       0x00000000       0x43 CMakeFiles/HelloWorld.dir/Core/Src/main.c.obj
                                 0x44 (size before relaxing)
 .comment       0x00000043       0x44 CMakeFiles/HelloWorld.dir/Core/Src/gpio.c.obj
 .comment       0x00000043       0x44 CMakeFiles/HelloWorld.dir/Core/Src/usart.c.obj
 .comment       0x00000043       0x44 CMakeFiles/HelloWorld.dir/Core/Src/stm32f1xx_it.c.obj
 .comment       0x00000043       0x44 CMakeFiles/HelloWorld.dir/Core/Src/stm32f1xx_hal_msp.c.obj
 .comment       0x00000043       0x44 CMakeFiles/HelloWorld.dir/C_/Users/KhoaAnh/STM32Cube/Repository/STM32Cube_FW_F1_V1.8.6/Drivers/STM32F1xx_HAL_Driver/Src/stm32f1xx_hal_uart.c.obj
 .comment       0x00000043       0x44 CMakeFiles/HelloWorld.dir/C_/Users/KhoaAnh/STM32Cube/Repository/STM32Cube_FW_F1_V1.8.6/Drivers/STM32F1xx_HAL_Driver/Src/stm32f1xx_hal.c.obj
 .comment       0x00000043       0x44 CMakeFiles/HelloWorld.dir/C_/Users/KhoaAnh/STM32Cube/Repository/STM32Cube_FW_F1_V1.8.6/Drivers/STM32F1xx_HAL_Driver/Src/stm32f1xx_hal_rcc.c.obj
 .comment       0x00000043       0x44 CMakeFiles/HelloWorld.dir/C_/Users/KhoaAnh/STM32Cube/Repository/STM32Cube_FW_F1_V1.8.6/Drivers/STM32F1xx_HAL_Driver/Src/stm32f1xx_hal_gpio.c.obj
 .comment       0x00000043       0x44 CMakeFiles/HelloWorld.dir/C_/Users/KhoaAnh/STM32Cube/Repository/STM32Cube_FW_F1_V1.8.6/Drivers/STM32F1xx_HAL_Driver/Src/stm32f1xx_hal_cortex.c.obj
 .comment       0x00000043       0x44 CMakeFiles/HelloWorld.dir/Core/Src/system_stm32f1xx.c.obj

.debug_line_str
                0x00000000       0xd0
 .debug_line_str
                0x00000000       0xd0 CMakeFiles/HelloWorld.dir/startup_stm32f103xb.s.obj
