Archive member included to satisfy reference by file (symbol)

D:/Software/st-clt/STM32CubeCLT_1.15.0/GNU-tools-for-STM32/bin/../lib/gcc/arm-none-eabi/12.3.1/../../../../arm-none-eabi/lib/thumb/v7-m/nofp\libc_nano.a(libc_a-exit.o)
                              D:/Software/st-clt/STM32CubeCLT_1.15.0/GNU-tools-for-STM32/bin/../lib/gcc/arm-none-eabi/12.3.1/../../../../arm-none-eabi/lib/thumb/v7-m/nofp/crt0.o (exit)
D:/Software/st-clt/STM32CubeCLT_1.15.0/GNU-tools-for-STM32/bin/../lib/gcc/arm-none-eabi/12.3.1/../../../../arm-none-eabi/lib/thumb/v7-m/nofp\libc_nano.a(libc_a-findfp.o)
                              D:/Software/st-clt/STM32CubeCLT_1.15.0/GNU-tools-for-STM32/bin/../lib/gcc/arm-none-eabi/12.3.1/../../../../arm-none-eabi/lib/thumb/v7-m/nofp\libc_nano.a(libc_a-exit.o) (__stdio_exit_handler)
D:/Software/st-clt/STM32CubeCLT_1.15.0/GNU-tools-for-STM32/bin/../lib/gcc/arm-none-eabi/12.3.1/../../../../arm-none-eabi/lib/thumb/v7-m/nofp\libc_nano.a(libc_a-fwalk.o)
                              D:/Software/st-clt/STM32CubeCLT_1.15.0/GNU-tools-for-STM32/bin/../lib/gcc/arm-none-eabi/12.3.1/../../../../arm-none-eabi/lib/thumb/v7-m/nofp\libc_nano.a(libc_a-findfp.o) (_fwalk_sglue)
D:/Software/st-clt/STM32CubeCLT_1.15.0/GNU-tools-for-STM32/bin/../lib/gcc/arm-none-eabi/12.3.1/../../../../arm-none-eabi/lib/thumb/v7-m/nofp\libc_nano.a(libc_a-stdio.o)
                              D:/Software/st-clt/STM32CubeCLT_1.15.0/GNU-tools-for-STM32/bin/../lib/gcc/arm-none-eabi/12.3.1/../../../../arm-none-eabi/lib/thumb/v7-m/nofp\libc_nano.a(libc_a-findfp.o) (__sread)
D:/Software/st-clt/STM32CubeCLT_1.15.0/GNU-tools-for-STM32/bin/../lib/gcc/arm-none-eabi/12.3.1/../../../../arm-none-eabi/lib/thumb/v7-m/nofp\libc_nano.a(libc_a-memset.o)
                              D:/Software/st-clt/STM32CubeCLT_1.15.0/GNU-tools-for-STM32/bin/../lib/gcc/arm-none-eabi/12.3.1/../../../../arm-none-eabi/lib/thumb/v7-m/nofp/crt0.o (memset)
D:/Software/st-clt/STM32CubeCLT_1.15.0/GNU-tools-for-STM32/bin/../lib/gcc/arm-none-eabi/12.3.1/../../../../arm-none-eabi/lib/thumb/v7-m/nofp\libc_nano.a(libc_a-closer.o)
                              D:/Software/st-clt/STM32CubeCLT_1.15.0/GNU-tools-for-STM32/bin/../lib/gcc/arm-none-eabi/12.3.1/../../../../arm-none-eabi/lib/thumb/v7-m/nofp\libc_nano.a(libc_a-stdio.o) (_close_r)
D:/Software/st-clt/STM32CubeCLT_1.15.0/GNU-tools-for-STM32/bin/../lib/gcc/arm-none-eabi/12.3.1/../../../../arm-none-eabi/lib/thumb/v7-m/nofp\libc_nano.a(libc_a-reent.o)
                              D:/Software/st-clt/STM32CubeCLT_1.15.0/GNU-tools-for-STM32/bin/../lib/gcc/arm-none-eabi/12.3.1/../../../../arm-none-eabi/lib/thumb/v7-m/nofp\libc_nano.a(libc_a-closer.o) (errno)
D:/Software/st-clt/STM32CubeCLT_1.15.0/GNU-tools-for-STM32/bin/../lib/gcc/arm-none-eabi/12.3.1/../../../../arm-none-eabi/lib/thumb/v7-m/nofp\libc_nano.a(libc_a-impure.o)
                              D:/Software/st-clt/STM32CubeCLT_1.15.0/GNU-tools-for-STM32/bin/../lib/gcc/arm-none-eabi/12.3.1/../../../../arm-none-eabi/lib/thumb/v7-m/nofp\libc_nano.a(libc_a-reent.o) (_impure_ptr)
D:/Software/st-clt/STM32CubeCLT_1.15.0/GNU-tools-for-STM32/bin/../lib/gcc/arm-none-eabi/12.3.1/../../../../arm-none-eabi/lib/thumb/v7-m/nofp\libc_nano.a(libc_a-lseekr.o)
                              D:/Software/st-clt/STM32CubeCLT_1.15.0/GNU-tools-for-STM32/bin/../lib/gcc/arm-none-eabi/12.3.1/../../../../arm-none-eabi/lib/thumb/v7-m/nofp\libc_nano.a(libc_a-stdio.o) (_lseek_r)
D:/Software/st-clt/STM32CubeCLT_1.15.0/GNU-tools-for-STM32/bin/../lib/gcc/arm-none-eabi/12.3.1/../../../../arm-none-eabi/lib/thumb/v7-m/nofp\libc_nano.a(libc_a-readr.o)
                              D:/Software/st-clt/STM32CubeCLT_1.15.0/GNU-tools-for-STM32/bin/../lib/gcc/arm-none-eabi/12.3.1/../../../../arm-none-eabi/lib/thumb/v7-m/nofp\libc_nano.a(libc_a-stdio.o) (_read_r)
D:/Software/st-clt/STM32CubeCLT_1.15.0/GNU-tools-for-STM32/bin/../lib/gcc/arm-none-eabi/12.3.1/../../../../arm-none-eabi/lib/thumb/v7-m/nofp\libc_nano.a(libc_a-writer.o)
                              D:/Software/st-clt/STM32CubeCLT_1.15.0/GNU-tools-for-STM32/bin/../lib/gcc/arm-none-eabi/12.3.1/../../../../arm-none-eabi/lib/thumb/v7-m/nofp\libc_nano.a(libc_a-stdio.o) (_write_r)
D:/Software/st-clt/STM32CubeCLT_1.15.0/GNU-tools-for-STM32/bin/../lib/gcc/arm-none-eabi/12.3.1/../../../../arm-none-eabi/lib/thumb/v7-m/nofp\libc_nano.a(libc_a-init.o)
                              D:/Software/st-clt/STM32CubeCLT_1.15.0/GNU-tools-for-STM32/bin/../lib/gcc/arm-none-eabi/12.3.1/../../../../arm-none-eabi/lib/thumb/v7-m/nofp/crt0.o (__libc_init_array)
D:/Software/st-clt/STM32CubeCLT_1.15.0/GNU-tools-for-STM32/bin/../lib/gcc/arm-none-eabi/12.3.1/../../../../arm-none-eabi/lib/thumb/v7-m/nofp\libc_nano.a(libc_a-lock.o)
                              D:/Software/st-clt/STM32CubeCLT_1.15.0/GNU-tools-for-STM32/bin/../lib/gcc/arm-none-eabi/12.3.1/../../../../arm-none-eabi/lib/thumb/v7-m/nofp\libc_nano.a(libc_a-findfp.o) (__retarget_lock_init_recursive)
[...]
Memory Configuration

Name             Origin             Length             Attributes
RAM              0x20000000         0x00005000         xrw
FLASH            0x08000000         0x00010000         xr
*default*        0x00000000         0xffffffff

Linker script and memory map

LOAD D:/Software/st-clt/STM32CubeCLT_1.15.0/GNU-tools-for-STM32/bin/../lib/gcc/arm-none-eabi/12.3.1/thumb/v7-m/nofp/crti.o
LOAD D:/Software/st-clt/STM32CubeCLT_1.15.0/GNU-tools-for-STM32/bin/../lib/gcc/arm-none-eabi/12.3.1/thumb/v7-m/nofp/crtbegin.o
LOAD D:/Software/st-clt/STM32CubeCLT_1.15.0/GNU-tools-for-STM32/bin/../lib/gcc/arm-none-eabi/12.3.1/../../../../arm-none-eabi/lib/thumb/v7-m/nofp/crt0.o
START GROUP
LOAD D:/Software/st-clt/STM32CubeCLT_1.15.0/GNU-tools-for-STM32/bin/../lib/gcc/arm-none-eabi/12.3.1/../../../../arm-none-eabi/lib/thumb/v7-m/nofp\libc_nano.a
LOAD D:/Software/st-clt/STM32CubeCLT_1.15.0/GNU-tools-for-STM32/bin/../lib/gcc/arm-none-eabi/12.3.1/../../../../arm-none-eabi/lib/thumb/v7-m/nofp\libm.a
END GROUP
LOAD CMakeFiles/HelloWorld.dir/Core/Src/main.c.obj
LOAD CMakeFiles/HelloWorld.dir/Core/Src/stm32f1xx_it.c.obj
LOAD CMakeFiles/HelloWorld.dir/Core/Src/stm32f1xx_hal_msp.c.obj
LOAD CMakeFiles/HelloWorld.dir/Drivers/STM32F1xx_HAL_Driver/Src/stm32f1xx_hal_gpio_ex.c.obj
LOAD CMakeFiles/HelloWorld.dir/Drivers/STM32F1xx_HAL_Driver/Src/stm32f1xx_hal_tim.c.obj
LOAD CMakeFiles/HelloWorld.dir/Drivers/STM32F1xx_HAL_Driver/Src/stm32f1xx_hal_tim_ex.c.obj
LOAD CMakeFiles/HelloWorld.dir/Drivers/STM32F1xx_HAL_Driver/Src/stm32f1xx_hal.c.obj
LOAD CMakeFiles/HelloWorld.dir/Drivers/STM32F1xx_HAL_Driver/Src/stm32f1xx_hal_rcc.c.obj
LOAD CMakeFiles/HelloWorld.dir/Drivers/STM32F1xx_HAL_Driver/Src/stm32f1xx_hal_rcc_ex.c.obj
LOAD CMakeFiles/HelloWorld.dir/Drivers/STM32F1xx_HAL_Driver/Src/stm32f1xx_hal_gpio.c.obj
LOAD CMakeFiles/HelloWorld.dir/Drivers/STM32F1xx_HAL_Driver/Src/stm32f1xx_hal_dma.c.obj
LOAD CMakeFiles/HelloWorld.dir/Drivers/STM32F1xx_HAL_Driver/Src/stm32f1xx_hal_cortex.c.obj
LOAD CMakeFiles/HelloWorld.dir/Drivers/STM32F1xx_HAL_Driver/Src/stm32f1xx_hal_pwr.c.obj
LOAD CMakeFiles/HelloWorld.dir/Drivers/STM32F1xx_HAL_Driver/Src/stm32f1xx_hal_flash.c.obj
LOAD CMakeFiles/HelloWorld.dir/Drivers/STM32F1xx_HAL_Driver/Src/stm32f1xx_hal_flash_ex.c.obj
LOAD CMakeFiles/HelloWorld.dir/Drivers/STM32F1xx_HAL_Driver/Src/stm32f1xx_hal_exti.c.obj
LOAD CMakeFiles/HelloWorld.dir/Core/Src/system_stm32f1xx.c.obj
LOAD CMakeFiles/HelloWorld.dir/Core/Src/sysmem.c.obj
LOAD CMakeFiles/HelloWorld.dir/Core/Src/syscalls.c.obj
LOAD CMakeFiles/HelloWorld.dir/startup_stm32f103xb.s.obj
START GROUP
LOAD D:/Software/st-clt/STM32CubeCLT_1.15.0/GNU-tools-for-STM32/bin/../lib/gcc/arm-none-eabi/12.3.1/thumb/v7-m/nofp\libgcc.a
LOAD D:/Software/st-clt/STM32CubeCLT_1.15.0/GNU-tools-for-STM32/bin/../lib/gcc/arm-none-eabi/12.3.1/../../../../arm-none-eabi/lib/thumb/v7-m/nofp\libg_nano.a
LOAD D:/Software/st-clt/STM32CubeCLT_1.15.0/GNU-tools-for-STM32/bin/../lib/gcc/arm-none-eabi/12.3.1/../../../../arm-none-eabi/lib/thumb/v7-m/nofp\libc_nano.a
END GROUP
START GROUP
LOAD D:/Software/st-clt/STM32CubeCLT_1.15.0/GNU-tools-for-STM32/bin/../lib/gcc/arm-none-eabi/12.3.1/thumb/v7-m/nofp\libgcc.a
LOAD D:/Software/st-clt/STM32CubeCLT_1.15.0/GNU-tools-for-STM32/bin/../lib/gcc/arm-none-eabi/12.3.1/../../../../arm-none-eabi/lib/thumb/v7-m/nofp\libc_nano.a
END GROUP
LOAD D:/Software/st-clt/STM32CubeCLT_1.15.0/GNU-tools-for-STM32/bin/../lib/gcc/arm-none-eabi/12.3.1/thumb/v7-m/nofp/crtend.o
LOAD D:/Software/st-clt/STM32CubeCLT_1.15.0/GNU-tools-for-STM32/bin/../lib/gcc/arm-none-eabi/12.3.1/thumb/v7-m/nofp/crtn.o
                0x20005000                        _estack = (ORIGIN (RAM) + LENGTH (RAM))
                0x00000200                        _Min_Heap_Size = 0x200
                0x00000400                        _Min_Stack_Size = 0x400

.isr_vector     0x08000000      0x10c
                0x08000000                        . = ALIGN (0x4)
 *(.isr_vector)
 .isr_vector    0x08000000      0x10c CMakeFiles/HelloWorld.dir/startup_stm32f103xb.s.obj
                0x08000000                g_pfnVectors
                0x0800010c                        . = ALIGN (0x4)

.text           0x0800010c     0x10f0
                0x0800010c                        . = ALIGN (0x4)
 *(.text)
 .text          0x0800010c       0x40 D:/Software/st-clt/STM32CubeCLT_1.15.0/GNU-tools-for-STM32/bin/../lib/gcc/arm-none-eabi/12.3.1/thumb/v7-m/nofp/crtbegin.o
 *(.text*)
 .text.memset   0x0800014c       0x10 D:/Software/st-clt/STM32CubeCLT_1.15.0/GNU-tools-for-STM32/bin/../lib/gcc/arm-none-eabi/12.3.1/../../../../arm-none-eabi/lib/thumb/v7-m/nofp\libc_nano.a(libc_a-memset.o)
                0x0800014c                memset
 .text.__libc_init_array
                0x0800015c       0x48 D:/Software/st-clt/STM32CubeCLT_1.15.0/GNU-tools-for-STM32/bin/../lib/gcc/arm-none-eabi/12.3.1/../../../../arm-none-eabi/lib/thumb/v7-m/nofp\libc_nano.a(libc_a-init.o)
                0x0800015c                __libc_init_array
 .text.main     0x080001a4       0x2c CMakeFiles/HelloWorld.dir/Core/Src/main.c.obj
                0x080001a4                main
 .text.SystemClock_Config
                0x080001d0       0x76 CMakeFiles/HelloWorld.dir/Core/Src/main.c.obj
                0x080001d0                SystemClock_Config
 *fill*         0x08000246        0x2 
 .text.MX_GPIO_Init
                0x08000248       0x80 CMakeFiles/HelloWorld.dir/Core/Src/main.c.obj
 .text.Error_Handler
                0x080002c8        0xc CMakeFiles/HelloWorld.dir/Core/Src/main.c.obj
                0x080002c8                Error_Handler
 .text.NMI_Handler
                0x080002d4        0x8 CMakeFiles/HelloWorld.dir/Core/Src/stm32f1xx_it.c.obj
                0x080002d4                NMI_Handler
 .text.HardFault_Handler
                0x080002dc        0x8 CMakeFiles/HelloWorld.dir/Core/Src/stm32f1xx_it.c.obj
                0x080002dc                HardFault_Handler
 .text.MemManage_Handler
                0x080002e4        0x8 CMakeFiles/HelloWorld.dir/Core/Src/stm32f1xx_it.c.obj
                0x080002e4                MemManage_Handler
 .text.BusFault_Handler
                0x080002ec        0x8 CMakeFiles/HelloWorld.dir/Core/Src/stm32f1xx_it.c.obj
                0x080002ec                BusFault_Handler
 .text.UsageFault_Handler
                0x080002f4        0x8 CMakeFiles/HelloWorld.dir/Core/Src/stm32f1xx_it.c.obj
                0x080002f4                UsageFault_Handler
 .text.SVC_Handler
                0x080002fc        0xc CMakeFiles/HelloWorld.dir/Core/Src/stm32f1xx_it.c.obj
                0x080002fc                SVC_Handler
 .text.DebugMon_Handler
                0x08000308        0xc CMakeFiles/HelloWorld.dir/Core/Src/stm32f1xx_it.c.obj
                0x08000308                DebugMon_Handler
 .text.PendSV_Handler
                0x08000314        0xc CMakeFiles/HelloWorld.dir/Core/Src/stm32f1xx_it.c.obj
                0x08000314                PendSV_Handler
 .text.SysTick_Handler
                0x08000320        0xc CMakeFiles/HelloWorld.dir/Core/Src/stm32f1xx_it.c.obj
                0x08000320                SysTick_Handler
 .text.HAL_MspInit
                0x0800032c       0x64 CMakeFiles/HelloWorld.dir/Core/Src/stm32f1xx_hal_msp.c.obj
                0x0800032c                HAL_MspInit
 .text.HAL_Init
                0x08000390       0x2c CMakeFiles/HelloWorld.dir/Drivers/STM32F1xx_HAL_Driver/Src/stm32f1xx_hal.c.obj
                0x08000390                HAL_Init
 .text.HAL_InitTick
                0x080003bc       0x60 CMakeFiles/HelloWorld.dir/Drivers/STM32F1xx_HAL_Driver/Src/stm32f1xx_hal.c.obj
                0x080003bc                HAL_InitTick
 .text.HAL_IncTick
                0x0800041c       0x24 CMakeFiles/HelloWorld.dir/Drivers/STM32F1xx_HAL_Driver/Src/stm32f1xx_hal.c.obj
                0x0800041c                HAL_IncTick
 .text.HAL_GetTick
                0x08000440       0x14 CMakeFiles/HelloWorld.dir/Drivers/STM32F1xx_HAL_Driver/Src/stm32f1xx_hal.c.obj
                0x08000440                HAL_GetTick
 .text.HAL_Delay
                0x08000454       0x48 CMakeFiles/HelloWorld.dir/Drivers/STM32F1xx_HAL_Driver/Src/stm32f1xx_hal.c.obj
                0x08000454                HAL_Delay
 .text.HAL_RCC_OscConfig
                0x0800049c      0x504 CMakeFiles/HelloWorld.dir/Drivers/STM32F1xx_HAL_Driver/Src/stm32f1xx_hal_rcc.c.obj
                0x0800049c                HAL_RCC_OscConfig
 .text.HAL_RCC_ClockConfig
                0x080009a0      0x1d4 CMakeFiles/HelloWorld.dir/Drivers/STM32F1xx_HAL_Driver/Src/stm32f1xx_hal_rcc.c.obj
                0x080009a0                HAL_RCC_ClockConfig
 .text.HAL_RCC_GetSysClockFreq
                0x08000b74       0xa8 CMakeFiles/HelloWorld.dir/Drivers/STM32F1xx_HAL_Driver/Src/stm32f1xx_hal_rcc.c.obj
                0x08000b74                HAL_RCC_GetSysClockFreq
 .text.RCC_Delay
                0x08000c1c       0x3c CMakeFiles/HelloWorld.dir/Drivers/STM32F1xx_HAL_Driver/Src/stm32f1xx_hal_rcc.c.obj
 .text.HAL_GPIO_Init
                0x08000c58      0x308 CMakeFiles/HelloWorld.dir/Drivers/STM32F1xx_HAL_Driver/Src/stm32f1xx_hal_gpio.c.obj
                0x08000c58                HAL_GPIO_Init
 .text.HAL_GPIO_WritePin
                0x08000f60       0x30 CMakeFiles/HelloWorld.dir/Drivers/STM32F1xx_HAL_Driver/Src/stm32f1xx_hal_gpio.c.obj
                0x08000f60                HAL_GPIO_WritePin
 .text.HAL_GPIO_TogglePin
                0x08000f90       0x32 CMakeFiles/HelloWorld.dir/Drivers/STM32F1xx_HAL_Driver/Src/stm32f1xx_hal_gpio.c.obj
                0x08000f90                HAL_GPIO_TogglePin
 *fill*         0x08000fc2        0x2 
 .text.__NVIC_SetPriorityGrouping
                0x08000fc4       0x48 CMakeFiles/HelloWorld.dir/Drivers/STM32F1xx_HAL_Driver/Src/stm32f1xx_hal_cortex.c.obj
 .text.__NVIC_GetPriorityGrouping
                0x0800100c       0x1c CMakeFiles/HelloWorld.dir/Drivers/STM32F1xx_HAL_Driver/Src/stm32f1xx_hal_cortex.c.obj
 .text.__NVIC_SetPriority
                0x08001028       0x54 CMakeFiles/HelloWorld.dir/Drivers/STM32F1xx_HAL_Driver/Src/stm32f1xx_hal_cortex.c.obj
 .text.NVIC_EncodePriority
                0x0800107c       0x64 CMakeFiles/HelloWorld.dir/Drivers/STM32F1xx_HAL_Driver/Src/stm32f1xx_hal_cortex.c.obj
 .text.SysTick_Config
                0x080010e0       0x44 CMakeFiles/HelloWorld.dir/Drivers/STM32F1xx_HAL_Driver/Src/stm32f1xx_hal_cortex.c.obj
 .text.HAL_NVIC_SetPriorityGrouping
                0x08001124       0x16 CMakeFiles/HelloWorld.dir/Drivers/STM32F1xx_HAL_Driver/Src/stm32f1xx_hal_cortex.c.obj
                0x08001124                HAL_NVIC_SetPriorityGrouping
 .text.HAL_NVIC_SetPriority
                0x0800113a       0x38 CMakeFiles/HelloWorld.dir/Drivers/STM32F1xx_HAL_Driver/Src/stm32f1xx_hal_cortex.c.obj
                0x0800113a                HAL_NVIC_SetPriority
 .text.HAL_SYSTICK_Config
                0x08001172       0x18 CMakeFiles/HelloWorld.dir/Drivers/STM32F1xx_HAL_Driver/Src/stm32f1xx_hal_cortex.c.obj
                0x08001172                HAL_SYSTICK_Config
 .text.SystemInit
                0x0800118a        0xc CMakeFiles/HelloWorld.dir/Core/Src/system_stm32f1xx.c.obj
                0x0800118a                SystemInit
 *fill*         0x08001196        0x2 
 .text.Reset_Handler
                0x08001198       0x48 CMakeFiles/HelloWorld.dir/startup_stm32f103xb.s.obj
                0x08001198                Reset_Handler
 .text.Default_Handler
                0x080011e0        0x2 CMakeFiles/HelloWorld.dir/startup_stm32f103xb.s.obj
                0x080011e0                RTC_Alarm_IRQHandler
                0x080011e0                EXTI2_IRQHandler
                0x080011e0                TIM1_CC_IRQHandler
                0x080011e0                PVD_IRQHandler
                0x080011e0                EXTI3_IRQHandler
                0x080011e0                EXTI0_IRQHandler
                0x080011e0                I2C2_EV_IRQHandler
                0x080011e0                ADC1_2_IRQHandler
                0x080011e0                SPI1_IRQHandler
                0x080011e0                TAMPER_IRQHandler
                0x080011e0                DMA1_Channel4_IRQHandler
                0x080011e0                USART3_IRQHandler
                0x080011e0                RTC_IRQHandler
                0x080011e0                DMA1_Channel7_IRQHandler
                0x080011e0                CAN1_RX1_IRQHandler
                0x080011e0                TIM4_IRQHandler
                0x080011e0                I2C1_EV_IRQHandler
                0x080011e0                DMA1_Channel6_IRQHandler
                0x080011e0                TIM3_IRQHandler
                0x080011e0                RCC_IRQHandler
                0x080011e0                TIM1_TRG_COM_IRQHandler
                0x080011e0                DMA1_Channel1_IRQHandler
                0x080011e0                Default_Handler
                0x080011e0                EXTI15_10_IRQHandler
                0x080011e0                EXTI9_5_IRQHandler
                0x080011e0                SPI2_IRQHandler
                0x080011e0                DMA1_Channel5_IRQHandler
                0x080011e0                EXTI4_IRQHandler
                0x080011e0                USB_LP_CAN1_RX0_IRQHandler
                0x080011e0                USB_HP_CAN1_TX_IRQHandler
                0x080011e0                DMA1_Channel3_IRQHandler
                0x080011e0                TIM1_UP_IRQHandler
                0x080011e0                WWDG_IRQHandler
                0x080011e0                TIM2_IRQHandler
                0x080011e0                TIM1_BRK_IRQHandler
                0x080011e0                EXTI1_IRQHandler
                0x080011e0                USART2_IRQHandler
                0x080011e0                I2C2_ER_IRQHandler
                0x080011e0                DMA1_Channel2_IRQHandler
                0x080011e0                CAN1_SCE_IRQHandler
                0x080011e0                FLASH_IRQHandler
                0x080011e0                USART1_IRQHandler
                0x080011e0                I2C1_ER_IRQHandler
                0x080011e0                USBWakeUp_IRQHandler
 *(.glue_7)
 .glue_7        0x080011e2        0x0 linker stubs
 *(.glue_7t)
 .glue_7t       0x080011e2        0x0 linker stubs
 *(.eh_frame)
 *fill*         0x080011e2        0x2 
 .eh_frame      0x080011e4        0x0 D:/Software/st-clt/STM32CubeCLT_1.15.0/GNU-tools-for-STM32/bin/../lib/gcc/arm-none-eabi/12.3.1/thumb/v7-m/nofp/crtbegin.o
 *(.init)
 .init          0x080011e4        0x4 D:/Software/st-clt/STM32CubeCLT_1.15.0/GNU-tools-for-STM32/bin/../lib/gcc/arm-none-eabi/12.3.1/thumb/v7-m/nofp/crti.o
                0x080011e4                _init
 .init          0x080011e8        0x8 D:/Software/st-clt/STM32CubeCLT_1.15.0/GNU-tools-for-STM32/bin/../lib/gcc/arm-none-eabi/12.3.1/thumb/v7-m/nofp/crtn.o
 *(.fini)
 .fini          0x080011f0        0x4 D:/Software/st-clt/STM32CubeCLT_1.15.0/GNU-tools-for-STM32/bin/../lib/gcc/arm-none-eabi/12.3.1/thumb/v7-m/nofp/crti.o
                0x080011f0                _fini
 .fini          0x080011f4        0x8 D:/Software/st-clt/STM32CubeCLT_1.15.0/GNU-tools-for-STM32/bin/../lib/gcc/arm-none-eabi/12.3.1/thumb/v7-m/nofp/crtn.o
                0x080011fc                        . = ALIGN (0x4)
                0x080011fc                        _etext = .

.vfp11_veneer   0x080011fc        0x0
 .vfp11_veneer  0x080011fc        0x0 linker stubs

.v4_bx          0x080011fc        0x0
 .v4_bx         0x080011fc        0x0 linker stubs

.iplt           0x080011fc        0x0
 .iplt          0x080011fc        0x0 D:/Software/st-clt/STM32CubeCLT_1.15.0/GNU-tools-for-STM32/bin/../lib/gcc/arm-none-eabi/12.3.1/thumb/v7-m/nofp/crtbegin.o

.rodata         0x080011fc       0x24
                0x080011fc                        . = ALIGN (0x4)
 *(.rodata)
 *(.rodata*)
 .rodata.aPLLMULFactorTable.1
                0x080011fc       0x10 CMakeFiles/HelloWorld.dir/Drivers/STM32F1xx_HAL_Driver/Src/stm32f1xx_hal_rcc.c.obj
 .rodata.aPredivFactorTable.0
                0x0800120c        0x2 CMakeFiles/HelloWorld.dir/Drivers/STM32F1xx_HAL_Driver/Src/stm32f1xx_hal_rcc.c.obj
 *fill*         0x0800120e        0x2 
 .rodata.AHBPrescTable
                0x08001210       0x10 CMakeFiles/HelloWorld.dir/Core/Src/system_stm32f1xx.c.obj
                0x08001210                AHBPrescTable
                0x08001220                        . = ALIGN (0x4)

.rel.dyn        0x08001220        0x0
 .rel.iplt      0x08001220        0x0 D:/Software/st-clt/STM32CubeCLT_1.15.0/GNU-tools-for-STM32/bin/../lib/gcc/arm-none-eabi/12.3.1/thumb/v7-m/nofp/crtbegin.o

.ARM.extab
 *(.ARM.extab* .gnu.linkonce.armextab.*)

.ARM            0x08001220        0x0
                0x08001220                        __exidx_start = .
 *(.ARM.exidx*)
                0x08001220                        __exidx_end = .

.preinit_array  0x08001220        0x0
                0x08001220                        PROVIDE (__preinit_array_start = .)
 *(.preinit_array*)
                0x08001220                        PROVIDE (__preinit_array_end = .)

.init_array     0x08001220        0x4
                0x08001220                        PROVIDE (__init_array_start = .)
 *(SORT_BY_NAME(.init_array.*))
 *(.init_array*)
 .init_array    0x08001220        0x4 D:/Software/st-clt/STM32CubeCLT_1.15.0/GNU-tools-for-STM32/bin/../lib/gcc/arm-none-eabi/12.3.1/thumb/v7-m/nofp/crtbegin.o
                0x08001224                        PROVIDE (__init_array_end = .)

.fini_array     0x08001224        0x4
                [!provide]                        PROVIDE (__fini_array_start = .)
 *(SORT_BY_NAME(.fini_array.*))
 *(.fini_array*)
 .fini_array    0x08001224        0x4 D:/Software/st-clt/STM32CubeCLT_1.15.0/GNU-tools-for-STM32/bin/../lib/gcc/arm-none-eabi/12.3.1/thumb/v7-m/nofp/crtbegin.o
                [!provide]                        PROVIDE (__fini_array_end = .)
                0x08001228                        _sidata = LOADADDR (.data)

.data           0x20000000        0xc load address 0x08001228
                0x20000000                        . = ALIGN (0x4)
                0x20000000                        _sdata = .
 *(.data)
 *(.data*)
 .data.uwTickPrio
                0x20000000        0x4 CMakeFiles/HelloWorld.dir/Drivers/STM32F1xx_HAL_Driver/Src/stm32f1xx_hal.c.obj
                0x20000000                uwTickPrio
 .data.uwTickFreq
                0x20000004        0x1 CMakeFiles/HelloWorld.dir/Drivers/STM32F1xx_HAL_Driver/Src/stm32f1xx_hal.c.obj
                0x20000004                uwTickFreq
 *fill*         0x20000005        0x3 
 .data.SystemCoreClock
                0x20000008        0x4 CMakeFiles/HelloWorld.dir/Core/Src/system_stm32f1xx.c.obj
                0x20000008                SystemCoreClock
                0x2000000c                        . = ALIGN (0x4)
                0x2000000c                        _edata = .

.igot.plt       0x2000000c        0x0 load address 0x08001234
 .igot.plt      0x2000000c        0x0 D:/Software/st-clt/STM32CubeCLT_1.15.0/GNU-tools-for-STM32/bin/../lib/gcc/arm-none-eabi/12.3.1/thumb/v7-m/nofp/crtbegin.o
                0x2000000c                        . = ALIGN (0x4)

.bss            0x2000000c       0x20 load address 0x08001234
                0x2000000c                        _sbss = .
                0x2000000c                        __bss_start__ = _sbss
 *(.bss)
 .bss           0x2000000c       0x1c D:/Software/st-clt/STM32CubeCLT_1.15.0/GNU-tools-for-STM32/bin/../lib/gcc/arm-none-eabi/12.3.1/thumb/v7-m/nofp/crtbegin.o
 *(.bss*)
 .bss.uwTick    0x20000028        0x4 CMakeFiles/HelloWorld.dir/Drivers/STM32F1xx_HAL_Driver/Src/stm32f1xx_hal.c.obj
                0x20000028                uwTick
 *(COMMON)
                0x2000002c                        . = ALIGN (0x4)
                0x2000002c                        _ebss = .
                0x2000002c                        __bss_end__ = _ebss

._user_heap_stack
                0x2000002c      0x604 load address 0x08001234
                0x20000030                        . = ALIGN (0x8)
 *fill*         0x2000002c        0x4 
                [!provide]                        PROVIDE (end = .)
                0x20000030                        PROVIDE (_end = .)
                0x20000230                        . = (. + _Min_Heap_Size)
 *fill*         0x20000030      0x200 
                0x20000630                        . = (. + _Min_Stack_Size)
 *fill*         0x20000230      0x400 
                0x20000630                        . = ALIGN (0x8)

/DISCARD/
 libc.a(*)
 libm.a(*)
 libgcc.a(*)

.ARM.attributes
                0x00000000       0x29
 *(.ARM.attributes)
 .ARM.attributes
                0x00000000       0x1d D:/Software/st-clt/STM32CubeCLT_1.15.0/GNU-tools-for-STM32/bin/../lib/gcc/arm-none-eabi/12.3.1/thumb/v7-m/nofp/crti.o
 .ARM.attributes
                0x0000001d       0x2d D:/Software/st-clt/STM32CubeCLT_1.15.0/GNU-tools-for-STM32/bin/../lib/gcc/arm-none-eabi/12.3.1/thumb/v7-m/nofp/crtbegin.o
 .ARM.attributes
                0x0000004a       0x2d D:/Software/st-clt/STM32CubeCLT_1.15.0/GNU-tools-for-STM32/bin/../lib/gcc/arm-none-eabi/12.3.1/../../../../arm-none-eabi/lib/thumb/v7-m/nofp\libc_nano.a(libc_a-memset.o)
 .ARM.attributes
                0x00000077       0x2d D:/Software/st-clt/STM32CubeCLT_1.15.0/GNU-tools-for-STM32/bin/../lib/gcc/arm-none-eabi/12.3.1/../../../../arm-none-eabi/lib/thumb/v7-m/nofp\libc_nano.a(libc_a-init.o)
 .ARM.attributes
                0x000000a4       0x2d CMakeFiles/HelloWorld.dir/Core/Src/main.c.obj
 .ARM.attributes
                0x000000d1       0x2d CMakeFiles/HelloWorld.dir/Core/Src/stm32f1xx_it.c.obj
 .ARM.attributes
                0x000000fe       0x2d CMakeFiles/HelloWorld.dir/Core/Src/stm32f1xx_hal_msp.c.obj
 .ARM.attributes
                0x0000012b       0x2d CMakeFiles/HelloWorld.dir/Drivers/STM32F1xx_HAL_Driver/Src/stm32f1xx_hal.c.obj
 .ARM.attributes
                0x00000158       0x2d CMakeFiles/HelloWorld.dir/Drivers/STM32F1xx_HAL_Driver/Src/stm32f1xx_hal_rcc.c.obj
 .ARM.attributes
                0x00000185       0x2d CMakeFiles/HelloWorld.dir/Drivers/STM32F1xx_HAL_Driver/Src/stm32f1xx_hal_gpio.c.obj
 .ARM.attributes
                0x000001b2       0x2d CMakeFiles/HelloWorld.dir/Drivers/STM32F1xx_HAL_Driver/Src/stm32f1xx_hal_cortex.c.obj
 .ARM.attributes
                0x000001df       0x2d CMakeFiles/HelloWorld.dir/Core/Src/system_stm32f1xx.c.obj
 .ARM.attributes
                0x0000020c       0x21 CMakeFiles/HelloWorld.dir/startup_stm32f103xb.s.obj
 .ARM.attributes
                0x0000022d       0x1d D:/Software/st-clt/STM32CubeCLT_1.15.0/GNU-tools-for-STM32/bin/../lib/gcc/arm-none-eabi/12.3.1/thumb/v7-m/nofp/crtn.o
OUTPUT(HelloWorld.elf elf32-littlearm)
LOAD linker stubs
LOAD D:/Software/st-clt/STM32CubeCLT_1.15.0/GNU-tools-for-STM32/bin/../lib/gcc/arm-none-eabi/12.3.1/../../../../arm-none-eabi/lib/thumb/v7-m/nofp\libc.a
LOAD D:/Software/st-clt/STM32CubeCLT_1.15.0/GNU-tools-for-STM32/bin/../lib/gcc/arm-none-eabi/12.3.1/../../../../arm-none-eabi/lib/thumb/v7-m/nofp\libm.a
LOAD D:/Software/st-clt/STM32CubeCLT_1.15.0/GNU-tools-for-STM32/bin/../lib/gcc/arm-none-eabi/12.3.1/thumb/v7-m/nofp\libgcc.a

.debug_frame    0x00000000      0xd2c
 .debug_frame   0x00000000       0x20 D:/Software/st-clt/STM32CubeCLT_1.15.0/GNU-tools-for-STM32/bin/../lib/gcc/arm-none-eabi/12.3.1/../../../../arm-none-eabi/lib/thumb/v7-m/nofp\libc_nano.a(libc_a-memset.o)
 .debug_frame   0x00000020       0x2c D:/Software/st-clt/STM32CubeCLT_1.15.0/GNU-tools-for-STM32/bin/../lib/gcc/arm-none-eabi/12.3.1/../../../../arm-none-eabi/lib/thumb/v7-m/nofp\libc_nano.a(libc_a-init.o)
 .debug_frame   0x0000004c       0x8c CMakeFiles/HelloWorld.dir/Core/Src/main.c.obj
 .debug_frame   0x000000d8      0x104 CMakeFiles/HelloWorld.dir/Core/Src/stm32f1xx_it.c.obj
 .debug_frame   0x000001dc       0x38 CMakeFiles/HelloWorld.dir/Core/Src/stm32f1xx_hal_msp.c.obj
 .debug_frame   0x00000214      0x334 CMakeFiles/HelloWorld.dir/Drivers/STM32F1xx_HAL_Driver/Src/stm32f1xx_hal.c.obj
 .debug_frame   0x00000548      0x218 CMakeFiles/HelloWorld.dir/Drivers/STM32F1xx_HAL_Driver/Src/stm32f1xx_hal_rcc.c.obj
 .debug_frame   0x00000760      0x14c CMakeFiles/HelloWorld.dir/Drivers/STM32F1xx_HAL_Driver/Src/stm32f1xx_hal_gpio.c.obj
 .debug_frame   0x000008ac      0x428 CMakeFiles/HelloWorld.dir/Drivers/STM32F1xx_HAL_Driver/Src/stm32f1xx_hal_cortex.c.obj
 .debug_frame   0x00000cd4       0x58 CMakeFiles/HelloWorld.dir/Core/Src/system_stm32f1xx.c.obj

.debug_info     0x00000000     0x2922
 .debug_info    0x00000000      0x4c1 CMakeFiles/HelloWorld.dir/Core/Src/main.c.obj
 .debug_info    0x000004c1      0x113 CMakeFiles/HelloWorld.dir/Core/Src/stm32f1xx_it.c.obj
 .debug_info    0x000005d4      0x1f1 CMakeFiles/HelloWorld.dir/Core/Src/stm32f1xx_hal_msp.c.obj
 .debug_info    0x000007c5      0x704 CMakeFiles/HelloWorld.dir/Drivers/STM32F1xx_HAL_Driver/Src/stm32f1xx_hal.c.obj
 .debug_info    0x00000ec9      0x7d5 CMakeFiles/HelloWorld.dir/Drivers/STM32F1xx_HAL_Driver/Src/stm32f1xx_hal_rcc.c.obj
 .debug_info    0x0000169e      0x5ab CMakeFiles/HelloWorld.dir/Drivers/STM32F1xx_HAL_Driver/Src/stm32f1xx_hal_gpio.c.obj
 .debug_info    0x00001c49      0xa87 CMakeFiles/HelloWorld.dir/Drivers/STM32F1xx_HAL_Driver/Src/stm32f1xx_hal_cortex.c.obj
 .debug_info    0x000026d0      0x222 CMakeFiles/HelloWorld.dir/Core/Src/system_stm32f1xx.c.obj
 .debug_info    0x000028f2       0x30 CMakeFiles/HelloWorld.dir/startup_stm32f103xb.s.obj

.debug_abbrev   0x00000000      0xe31
 .debug_abbrev  0x00000000      0x20a CMakeFiles/HelloWorld.dir/Core/Src/main.c.obj
 .debug_abbrev  0x0000020a       0x73 CMakeFiles/HelloWorld.dir/Core/Src/stm32f1xx_it.c.obj
 .debug_abbrev  0x0000027d       0xdb CMakeFiles/HelloWorld.dir/Core/Src/stm32f1xx_hal_msp.c.obj
 .debug_abbrev  0x00000358      0x201 CMakeFiles/HelloWorld.dir/Drivers/STM32F1xx_HAL_Driver/Src/stm32f1xx_hal.c.obj
 .debug_abbrev  0x00000559      0x2b3 CMakeFiles/HelloWorld.dir/Drivers/STM32F1xx_HAL_Driver/Src/stm32f1xx_hal_rcc.c.obj
 .debug_abbrev  0x0000080c      0x1ca CMakeFiles/HelloWorld.dir/Drivers/STM32F1xx_HAL_Driver/Src/stm32f1xx_hal_gpio.c.obj
 .debug_abbrev  0x000009d6      0x2f8 CMakeFiles/HelloWorld.dir/Drivers/STM32F1xx_HAL_Driver/Src/stm32f1xx_hal_cortex.c.obj
 .debug_abbrev  0x00000cce      0x13f CMakeFiles/HelloWorld.dir/Core/Src/system_stm32f1xx.c.obj
 .debug_abbrev  0x00000e0d       0x24 CMakeFiles/HelloWorld.dir/startup_stm32f103xb.s.obj

.debug_aranges  0x00000000      0x3d0
 .debug_aranges
                0x00000000       0x38 CMakeFiles/HelloWorld.dir/Core/Src/main.c.obj
 .debug_aranges
                0x00000038       0x60 CMakeFiles/HelloWorld.dir/Core/Src/stm32f1xx_it.c.obj
 .debug_aranges
                0x00000098       0x20 CMakeFiles/HelloWorld.dir/Core/Src/stm32f1xx_hal_msp.c.obj
 .debug_aranges
                0x000000b8       0xe0 CMakeFiles/HelloWorld.dir/Drivers/STM32F1xx_HAL_Driver/Src/stm32f1xx_hal.c.obj
 .debug_aranges
                0x00000198       0x90 CMakeFiles/HelloWorld.dir/Drivers/STM32F1xx_HAL_Driver/Src/stm32f1xx_hal_rcc.c.obj
 .debug_aranges
                0x00000228       0x58 CMakeFiles/HelloWorld.dir/Drivers/STM32F1xx_HAL_Driver/Src/stm32f1xx_hal_gpio.c.obj
 .debug_aranges
                0x00000280      0x100 CMakeFiles/HelloWorld.dir/Drivers/STM32F1xx_HAL_Driver/Src/stm32f1xx_hal_cortex.c.obj
 .debug_aranges
                0x00000380       0x28 CMakeFiles/HelloWorld.dir/Core/Src/system_stm32f1xx.c.obj
 .debug_aranges
                0x000003a8       0x28 CMakeFiles/HelloWorld.dir/startup_stm32f103xb.s.obj

.debug_rnglists
                0x00000000      0x2b8
 .debug_rnglists
                0x00000000       0x26 CMakeFiles/HelloWorld.dir/Core/Src/main.c.obj
 .debug_rnglists
                0x00000026       0x43 CMakeFiles/HelloWorld.dir/Core/Src/stm32f1xx_it.c.obj
 .debug_rnglists
                0x00000069       0x13 CMakeFiles/HelloWorld.dir/Core/Src/stm32f1xx_hal_msp.c.obj
 .debug_rnglists
                0x0000007c       0xa3 CMakeFiles/HelloWorld.dir/Drivers/STM32F1xx_HAL_Driver/Src/stm32f1xx_hal.c.obj
 .debug_rnglists
                0x0000011f       0x6c CMakeFiles/HelloWorld.dir/Drivers/STM32F1xx_HAL_Driver/Src/stm32f1xx_hal_rcc.c.obj
 .debug_rnglists
                0x0000018b       0x3f CMakeFiles/HelloWorld.dir/Drivers/STM32F1xx_HAL_Driver/Src/stm32f1xx_hal_gpio.c.obj
 .debug_rnglists
                0x000001ca       0xbb CMakeFiles/HelloWorld.dir/Drivers/STM32F1xx_HAL_Driver/Src/stm32f1xx_hal_cortex.c.obj
 .debug_rnglists
                0x00000285       0x1a CMakeFiles/HelloWorld.dir/Core/Src/system_stm32f1xx.c.obj
 .debug_rnglists
                0x0000029f       0x19 CMakeFiles/HelloWorld.dir/startup_stm32f103xb.s.obj

.debug_macro    0x00000000    0x15937
 .debug_macro   0x00000000      0x198 CMakeFiles/HelloWorld.dir/Core/Src/main.c.obj
 .debug_macro   0x00000198      0xaa8 CMakeFiles/HelloWorld.dir/Core/Src/main.c.obj
 .debug_macro   0x00000c40      0x20f CMakeFiles/HelloWorld.dir/Core/Src/main.c.obj
 .debug_macro   0x00000e4f       0x2e CMakeFiles/HelloWorld.dir/Core/Src/main.c.obj
 .debug_macro   0x00000e7d       0x22 CMakeFiles/HelloWorld.dir/Core/Src/main.c.obj
 .debug_macro   0x00000e9f       0x22 CMakeFiles/HelloWorld.dir/Core/Src/main.c.obj
 .debug_macro   0x00000ec1       0x8e CMakeFiles/HelloWorld.dir/Core/Src/main.c.obj
 .debug_macro   0x00000f4f       0x51 CMakeFiles/HelloWorld.dir/Core/Src/main.c.obj
 .debug_macro   0x00000fa0      0x103 CMakeFiles/HelloWorld.dir/Core/Src/main.c.obj
 .debug_macro   0x000010a3       0x6a CMakeFiles/HelloWorld.dir/Core/Src/main.c.obj
 .debug_macro   0x0000110d      0x1df CMakeFiles/HelloWorld.dir/Core/Src/main.c.obj
 .debug_macro   0x000012ec       0x1c CMakeFiles/HelloWorld.dir/Core/Src/main.c.obj
 .debug_macro   0x00001308       0x22 CMakeFiles/HelloWorld.dir/Core/Src/main.c.obj
 .debug_macro   0x0000132a       0xbd CMakeFiles/HelloWorld.dir/Core/Src/main.c.obj
 .debug_macro   0x000013e7      0xd23 CMakeFiles/HelloWorld.dir/Core/Src/main.c.obj
 .debug_macro   0x0000210a     0xe09e CMakeFiles/HelloWorld.dir/Core/Src/main.c.obj
 .debug_macro   0x000101a8       0x6d CMakeFiles/HelloWorld.dir/Core/Src/main.c.obj
 .debug_macro   0x00010215     0x34a2 CMakeFiles/HelloWorld.dir/Core/Src/main.c.obj
 .debug_macro   0x000136b7      0x189 CMakeFiles/HelloWorld.dir/Core/Src/main.c.obj
 .debug_macro   0x00013840       0x5c CMakeFiles/HelloWorld.dir/Core/Src/main.c.obj
 .debug_macro   0x0001389c      0x5bc CMakeFiles/HelloWorld.dir/Core/Src/main.c.obj
 .debug_macro   0x00013e58      0x289 CMakeFiles/HelloWorld.dir/Core/Src/main.c.obj
 .debug_macro   0x000140e1      0x1cb CMakeFiles/HelloWorld.dir/Core/Src/main.c.obj
 .debug_macro   0x000142ac      0x114 CMakeFiles/HelloWorld.dir/Core/Src/main.c.obj
 .debug_macro   0x000143c0      0x1b2 CMakeFiles/HelloWorld.dir/Core/Src/main.c.obj
 .debug_macro   0x00014572       0x27 CMakeFiles/HelloWorld.dir/Core/Src/main.c.obj
 .debug_macro   0x00014599      0x136 CMakeFiles/HelloWorld.dir/Core/Src/main.c.obj
 .debug_macro   0x000146cf      0x1bc CMakeFiles/HelloWorld.dir/Core/Src/main.c.obj
 .debug_macro   0x0001488b       0x34 CMakeFiles/HelloWorld.dir/Core/Src/main.c.obj
 .debug_macro   0x000148bf       0x3c CMakeFiles/HelloWorld.dir/Core/Src/main.c.obj
 .debug_macro   0x000148fb       0x57 CMakeFiles/HelloWorld.dir/Core/Src/main.c.obj
 .debug_macro   0x00014952       0x87 CMakeFiles/HelloWorld.dir/Core/Src/main.c.obj
 .debug_macro   0x000149d9      0x240 CMakeFiles/HelloWorld.dir/Core/Src/main.c.obj
 .debug_macro   0x00014c19      0x140 CMakeFiles/HelloWorld.dir/Core/Src/main.c.obj
 .debug_macro   0x00014d59       0x83 CMakeFiles/HelloWorld.dir/Core/Src/main.c.obj
 .debug_macro   0x00014ddc      0x198 CMakeFiles/HelloWorld.dir/Core/Src/stm32f1xx_it.c.obj
 .debug_macro   0x00014f74      0x18e CMakeFiles/HelloWorld.dir/Core/Src/stm32f1xx_hal_msp.c.obj
 .debug_macro   0x00015102      0x1a8 CMakeFiles/HelloWorld.dir/Drivers/STM32F1xx_HAL_Driver/Src/stm32f1xx_hal.c.obj
 .debug_macro   0x000152aa      0x196 CMakeFiles/HelloWorld.dir/Drivers/STM32F1xx_HAL_Driver/Src/stm32f1xx_hal_rcc.c.obj
 .debug_macro   0x00015440      0x1ef CMakeFiles/HelloWorld.dir/Drivers/STM32F1xx_HAL_Driver/Src/stm32f1xx_hal_gpio.c.obj
 .debug_macro   0x0001562f      0x184 CMakeFiles/HelloWorld.dir/Drivers/STM32F1xx_HAL_Driver/Src/stm32f1xx_hal_cortex.c.obj
 .debug_macro   0x000157b3      0x184 CMakeFiles/HelloWorld.dir/Core/Src/system_stm32f1xx.c.obj

.debug_line     0x00000000     0x51c2
 .debug_line    0x00000000      0x873 CMakeFiles/HelloWorld.dir/Core/Src/main.c.obj
 .debug_line    0x00000873      0x886 CMakeFiles/HelloWorld.dir/Core/Src/stm32f1xx_it.c.obj
 .debug_line    0x000010f9      0x7c5 CMakeFiles/HelloWorld.dir/Core/Src/stm32f1xx_hal_msp.c.obj
 .debug_line    0x000018be      0xa6f CMakeFiles/HelloWorld.dir/Drivers/STM32F1xx_HAL_Driver/Src/stm32f1xx_hal.c.obj
 .debug_line    0x0000232d      0xe78 CMakeFiles/HelloWorld.dir/Drivers/STM32F1xx_HAL_Driver/Src/stm32f1xx_hal_rcc.c.obj
 .debug_line    0x000031a5      0xb08 CMakeFiles/HelloWorld.dir/Drivers/STM32F1xx_HAL_Driver/Src/stm32f1xx_hal_gpio.c.obj
 .debug_line    0x00003cad      0xc5b CMakeFiles/HelloWorld.dir/Drivers/STM32F1xx_HAL_Driver/Src/stm32f1xx_hal_cortex.c.obj
 .debug_line    0x00004908      0x842 CMakeFiles/HelloWorld.dir/Core/Src/system_stm32f1xx.c.obj
 .debug_line    0x0000514a       0x78 CMakeFiles/HelloWorld.dir/startup_stm32f103xb.s.obj

.debug_str      0x00000000    0x7bf2a
 .debug_str     0x00000000    0x7acdc CMakeFiles/HelloWorld.dir/Core/Src/main.c.obj
                              0x7b008 (size before relaxing)
 .debug_str     0x0007acdc      0x11d CMakeFiles/HelloWorld.dir/Core/Src/stm32f1xx_it.c.obj
                              0x7add0 (size before relaxing)
 .debug_str     0x0007adf9       0xae CMakeFiles/HelloWorld.dir/Core/Src/stm32f1xx_hal_msp.c.obj
                              0x7adbb (size before relaxing)
 .debug_str     0x0007aea7      0x66b CMakeFiles/HelloWorld.dir/Drivers/STM32F1xx_HAL_Driver/Src/stm32f1xx_hal.c.obj
                              0x7b519 (size before relaxing)
 .debug_str     0x0007b512      0x2a3 CMakeFiles/HelloWorld.dir/Drivers/STM32F1xx_HAL_Driver/Src/stm32f1xx_hal_rcc.c.obj
                              0x7b215 (size before relaxing)
 .debug_str     0x0007b7b5      0x337 CMakeFiles/HelloWorld.dir/Drivers/STM32F1xx_HAL_Driver/Src/stm32f1xx_hal_gpio.c.obj
                              0x7b16c (size before relaxing)
 .debug_str     0x0007baec      0x30f CMakeFiles/HelloWorld.dir/Drivers/STM32F1xx_HAL_Driver/Src/stm32f1xx_hal_cortex.c.obj
                              0x7b465 (size before relaxing)
 .debug_str     0x0007bdfb       0xa6 CMakeFiles/HelloWorld.dir/Core/Src/system_stm32f1xx.c.obj
                              0x7ade6 (size before relaxing)
 .debug_str     0x0007bea1       0x89 CMakeFiles/HelloWorld.dir/startup_stm32f103xb.s.obj
                                 0xec (size before relaxing)

.comment        0x00000000       0x43
 .comment       0x00000000       0x43 CMakeFiles/HelloWorld.dir/Core/Src/main.c.obj
                                 0x44 (size before relaxing)
 .comment       0x00000043       0x44 CMakeFiles/HelloWorld.dir/Core/Src/stm32f1xx_it.c.obj
 .comment       0x00000043       0x44 CMakeFiles/HelloWorld.dir/Core/Src/stm32f1xx_hal_msp.c.obj
 .comment       0x00000043       0x44 CMakeFiles/HelloWorld.dir/Drivers/STM32F1xx_HAL_Driver/Src/stm32f1xx_hal.c.obj
 .comment       0x00000043       0x44 CMakeFiles/HelloWorld.dir/Drivers/STM32F1xx_HAL_Driver/Src/stm32f1xx_hal_rcc.c.obj
 .comment       0x00000043       0x44 CMakeFiles/HelloWorld.dir/Drivers/STM32F1xx_HAL_Driver/Src/stm32f1xx_hal_gpio.c.obj
 .comment       0x00000043       0x44 CMakeFiles/HelloWorld.dir/Drivers/STM32F1xx_HAL_Driver/Src/stm32f1xx_hal_cortex.c.obj
 .comment       0x00000043       0x44 CMakeFiles/HelloWorld.dir/Core/Src/system_stm32f1xx.c.obj

.debug_line_str
                0x00000000       0xd0
 .debug_line_str
                0x00000000       0xd0 CMakeFiles/HelloWorld.dir/startup_stm32f103xb.s.obj
