Archive member included to satisfy reference by file (symbol)

D:/Software/st-clt/STM32CubeCLT_1.15.0/GNU-tools-for-STM32/bin/../lib/gcc/arm-none-eabi/12.3.1/../../../../arm-none-eabi/lib/thumb/v7-m/nofp\libc_nano.a(libc_a-exit.o)
                              D:/Software/st-clt/STM32CubeCLT_1.15.0/GNU-tools-for-STM32/bin/../lib/gcc/arm-none-eabi/12.3.1/../../../../arm-none-eabi/lib/thumb/v7-m/nofp/crt0.o (exit)
D:/Software/st-clt/STM32CubeCLT_1.15.0/GNU-tools-for-STM32/bin/../lib/gcc/arm-none-eabi/12.3.1/../../../../arm-none-eabi/lib/thumb/v7-m/nofp\libc_nano.a(libc_a-findfp.o)
                              D:/Software/st-clt/STM32CubeCLT_1.15.0/GNU-tools-for-STM32/bin/../lib/gcc/arm-none-eabi/12.3.1/../../../../arm-none-eabi/lib/thumb/v7-m/nofp\libc_nano.a(libc_a-exit.o) (__stdio_exit_handler)
D:/Software/st-clt/STM32CubeCLT_1.15.0/GNU-tools-for-STM32/bin/../lib/gcc/arm-none-eabi/12.3.1/../../../../arm-none-eabi/lib/thumb/v7-m/nofp\libc_nano.a(libc_a-fwalk.o)
                              D:/Software/st-clt/STM32CubeCLT_1.15.0/GNU-tools-for-STM32/bin/../lib/gcc/arm-none-eabi/12.3.1/../../../../arm-none-eabi/lib/thumb/v7-m/nofp\libc_nano.a(libc_a-findfp.o) (_fwalk_sglue)
D:/Software/st-clt/STM32CubeCLT_1.15.0/GNU-tools-for-STM32/bin/../lib/gcc/arm-none-eabi/12.3.1/../../../../arm-none-eabi/lib/thumb/v7-m/nofp\libc_nano.a(libc_a-stdio.o)
                              D:/Software/st-clt/STM32CubeCLT_1.15.0/GNU-tools-for-STM32/bin/../lib/gcc/arm-none-eabi/12.3.1/../../../../arm-none-eabi/lib/thumb/v7-m/nofp\libc_nano.a(libc_a-findfp.o) (__sread)
D:/Software/st-clt/STM32CubeCLT_1.15.0/GNU-tools-for-STM32/bin/../lib/gcc/arm-none-eabi/12.3.1/../../../../arm-none-eabi/lib/thumb/v7-m/nofp\libc_nano.a(libc_a-memset.o)
                              D:/Software/st-clt/STM32CubeCLT_1.15.0/GNU-tools-for-STM32/bin/../lib/gcc/arm-none-eabi/12.3.1/../../../../arm-none-eabi/lib/thumb/v7-m/nofp/crt0.o (memset)
D:/Software/st-clt/STM32CubeCLT_1.15.0/GNU-tools-for-STM32/bin/../lib/gcc/arm-none-eabi/12.3.1/../../../../arm-none-eabi/lib/thumb/v7-m/nofp\libc_nano.a(libc_a-closer.o)
                              D:/Software/st-clt/STM32CubeCLT_1.15.0/GNU-tools-for-STM32/bin/../lib/gcc/arm-none-eabi/12.3.1/../../../../arm-none-eabi/lib/thumb/v7-m/nofp\libc_nano.a(libc_a-stdio.o) (_close_r)
D:/Software/st-clt/STM32CubeCLT_1.15.0/GNU-tools-for-STM32/bin/../lib/gcc/arm-none-eabi/12.3.1/../../../../arm-none-eabi/lib/thumb/v7-m/nofp\libc_nano.a(libc_a-reent.o)
                              D:/Software/st-clt/STM32CubeCLT_1.15.0/GNU-tools-for-STM32/bin/../lib/gcc/arm-none-eabi/12.3.1/../../../../arm-none-eabi/lib/thumb/v7-m/nofp\libc_nano.a(libc_a-closer.o) (errno)
D:/Software/st-clt/STM32CubeCLT_1.15.0/GNU-tools-for-STM32/bin/../lib/gcc/arm-none-eabi/12.3.1/../../../../arm-none-eabi/lib/thumb/v7-m/nofp\libc_nano.a(libc_a-impure.o)
                              D:/Software/st-clt/STM32CubeCLT_1.15.0/GNU-tools-for-STM32/bin/../lib/gcc/arm-none-eabi/12.3.1/../../../../arm-none-eabi/lib/thumb/v7-m/nofp\libc_nano.a(libc_a-reent.o) (_impure_ptr)
D:/Software/st-clt/STM32CubeCLT_1.15.0/GNU-tools-for-STM32/bin/../lib/gcc/arm-none-eabi/12.3.1/../../../../arm-none-eabi/lib/thumb/v7-m/nofp\libc_nano.a(libc_a-lseekr.o)
                              D:/Software/st-clt/STM32CubeCLT_1.15.0/GNU-tools-for-STM32/bin/../lib/gcc/arm-none-eabi/12.3.1/../../../../arm-none-eabi/lib/thumb/v7-m/nofp\libc_nano.a(libc_a-stdio.o) (_lseek_r)
D:/Software/st-clt/STM32CubeCLT_1.15.0/GNU-tools-for-STM32/bin/../lib/gcc/arm-none-eabi/12.3.1/../../../../arm-none-eabi/lib/thumb/v7-m/nofp\libc_nano.a(libc_a-readr.o)
                              D:/Software/st-clt/STM32CubeCLT_1.15.0/GNU-tools-for-STM32/bin/../lib/gcc/arm-none-eabi/12.3.1/../../../../arm-none-eabi/lib/thumb/v7-m/nofp\libc_nano.a(libc_a-stdio.o) (_read_r)
D:/Software/st-clt/STM32CubeCLT_1.15.0/GNU-tools-for-STM32/bin/../lib/gcc/arm-none-eabi/12.3.1/../../../../arm-none-eabi/lib/thumb/v7-m/nofp\libc_nano.a(libc_a-writer.o)
                              D:/Software/st-clt/STM32CubeCLT_1.15.0/GNU-tools-for-STM32/bin/../lib/gcc/arm-none-eabi/12.3.1/../../../../arm-none-eabi/lib/thumb/v7-m/nofp\libc_nano.a(libc_a-stdio.o) (_write_r)
D:/Software/st-clt/STM32CubeCLT_1.15.0/GNU-tools-for-STM32/bin/../lib/gcc/arm-none-eabi/12.3.1/../../../../arm-none-eabi/lib/thumb/v7-m/nofp\libc_nano.a(libc_a-init.o)
                              D:/Software/st-clt/STM32CubeCLT_1.15.0/GNU-tools-for-STM32/bin/../lib/gcc/arm-none-eabi/12.3.1/../../../../arm-none-eabi/lib/thumb/v7-m/nofp/crt0.o (__libc_init_array)
D:/Software/st-clt/STM32CubeCLT_1.15.0/GNU-tools-for-STM32/bin/../lib/gcc/arm-none-eabi/12.3.1/../../../../arm-none-eabi/lib/thumb/v7-m/nofp\libc_nano.a(libc_a-lock.o)
                              D:/Software/st-clt/STM32CubeCLT_1.15.0/GNU-tools-for-STM32/bin/../lib/gcc/arm-none-eabi/12.3.1/../../../../arm-none-eabi/lib/thumb/v7-m/nofp\libc_nano.a(libc_a-findfp.o) (__retarget_lock_init_recursive)
[...]
Memory Configuration

Name             Origin             Length             Attributes
RAM              0x20000000         0x00005000         xrw
FLASH            0x08000000         0x00010000         xr
*default*        0x00000000         0xffffffff

Linker script and memory map

LOAD D:/Software/st-clt/STM32CubeCLT_1.15.0/GNU-tools-for-STM32/bin/../lib/gcc/arm-none-eabi/12.3.1/thumb/v7-m/nofp/crti.o
LOAD D:/Software/st-clt/STM32CubeCLT_1.15.0/GNU-tools-for-STM32/bin/../lib/gcc/arm-none-eabi/12.3.1/thumb/v7-m/nofp/crtbegin.o
LOAD D:/Software/st-clt/STM32CubeCLT_1.15.0/GNU-tools-for-STM32/bin/../lib/gcc/arm-none-eabi/12.3.1/../../../../arm-none-eabi/lib/thumb/v7-m/nofp/crt0.o
START GROUP
LOAD D:/Software/st-clt/STM32CubeCLT_1.15.0/GNU-tools-for-STM32/bin/../lib/gcc/arm-none-eabi/12.3.1/../../../../arm-none-eabi/lib/thumb/v7-m/nofp\libc_nano.a
LOAD D:/Software/st-clt/STM32CubeCLT_1.15.0/GNU-tools-for-STM32/bin/../lib/gcc/arm-none-eabi/12.3.1/../../../../arm-none-eabi/lib/thumb/v7-m/nofp\libm.a
END GROUP
LOAD CMakeFiles/LibCplus.dir/Core/Src/main.c.obj
LOAD CMakeFiles/LibCplus.dir/Core/Src/stm32f1xx_it.c.obj
LOAD CMakeFiles/LibCplus.dir/Core/Src/stm32f1xx_hal_msp.c.obj
LOAD CMakeFiles/LibCplus.dir/Drivers/STM32F1xx_HAL_Driver/Src/stm32f1xx_hal_gpio_ex.c.obj
LOAD CMakeFiles/LibCplus.dir/Drivers/STM32F1xx_HAL_Driver/Src/stm32f1xx_hal_tim.c.obj
LOAD CMakeFiles/LibCplus.dir/Drivers/STM32F1xx_HAL_Driver/Src/stm32f1xx_hal_tim_ex.c.obj
LOAD CMakeFiles/LibCplus.dir/Drivers/STM32F1xx_HAL_Driver/Src/stm32f1xx_hal_uart.c.obj
LOAD CMakeFiles/LibCplus.dir/Drivers/STM32F1xx_HAL_Driver/Src/stm32f1xx_hal.c.obj
LOAD CMakeFiles/LibCplus.dir/Drivers/STM32F1xx_HAL_Driver/Src/stm32f1xx_hal_rcc.c.obj
LOAD CMakeFiles/LibCplus.dir/Drivers/STM32F1xx_HAL_Driver/Src/stm32f1xx_hal_rcc_ex.c.obj
LOAD CMakeFiles/LibCplus.dir/Drivers/STM32F1xx_HAL_Driver/Src/stm32f1xx_hal_gpio.c.obj
LOAD CMakeFiles/LibCplus.dir/Drivers/STM32F1xx_HAL_Driver/Src/stm32f1xx_hal_dma.c.obj
LOAD CMakeFiles/LibCplus.dir/Drivers/STM32F1xx_HAL_Driver/Src/stm32f1xx_hal_cortex.c.obj
LOAD CMakeFiles/LibCplus.dir/Drivers/STM32F1xx_HAL_Driver/Src/stm32f1xx_hal_pwr.c.obj
LOAD CMakeFiles/LibCplus.dir/Drivers/STM32F1xx_HAL_Driver/Src/stm32f1xx_hal_flash.c.obj
LOAD CMakeFiles/LibCplus.dir/Drivers/STM32F1xx_HAL_Driver/Src/stm32f1xx_hal_flash_ex.c.obj
LOAD CMakeFiles/LibCplus.dir/Drivers/STM32F1xx_HAL_Driver/Src/stm32f1xx_hal_exti.c.obj
LOAD CMakeFiles/LibCplus.dir/Core/Src/system_stm32f1xx.c.obj
LOAD CMakeFiles/LibCplus.dir/Core/Src/sysmem.c.obj
LOAD CMakeFiles/LibCplus.dir/Core/Src/syscalls.c.obj
LOAD CMakeFiles/LibCplus.dir/startup_stm32f103xb.s.obj
START GROUP
LOAD D:/Software/st-clt/STM32CubeCLT_1.15.0/GNU-tools-for-STM32/bin/../lib/gcc/arm-none-eabi/12.3.1/thumb/v7-m/nofp\libgcc.a
LOAD D:/Software/st-clt/STM32CubeCLT_1.15.0/GNU-tools-for-STM32/bin/../lib/gcc/arm-none-eabi/12.3.1/../../../../arm-none-eabi/lib/thumb/v7-m/nofp\libg_nano.a
LOAD D:/Software/st-clt/STM32CubeCLT_1.15.0/GNU-tools-for-STM32/bin/../lib/gcc/arm-none-eabi/12.3.1/../../../../arm-none-eabi/lib/thumb/v7-m/nofp\libc_nano.a
END GROUP
START GROUP
LOAD D:/Software/st-clt/STM32CubeCLT_1.15.0/GNU-tools-for-STM32/bin/../lib/gcc/arm-none-eabi/12.3.1/thumb/v7-m/nofp\libgcc.a
LOAD D:/Software/st-clt/STM32CubeCLT_1.15.0/GNU-tools-for-STM32/bin/../lib/gcc/arm-none-eabi/12.3.1/../../../../arm-none-eabi/lib/thumb/v7-m/nofp\libc_nano.a
END GROUP
LOAD D:/Software/st-clt/STM32CubeCLT_1.15.0/GNU-tools-for-STM32/bin/../lib/gcc/arm-none-eabi/12.3.1/thumb/v7-m/nofp/crtend.o
LOAD D:/Software/st-clt/STM32CubeCLT_1.15.0/GNU-tools-for-STM32/bin/../lib/gcc/arm-none-eabi/12.3.1/thumb/v7-m/nofp/crtn.o
                0x20005000                        _estack = (ORIGIN (RAM) + LENGTH (RAM))
                0x00000200                        _Min_Heap_Size = 0x200
                0x00000400                        _Min_Stack_Size = 0x400

.isr_vector     0x08000000      0x10c
                0x08000000                        . = ALIGN (0x4)
 *(.isr_vector)
 .isr_vector    0x08000000      0x10c CMakeFiles/LibCplus.dir/startup_stm32f103xb.s.obj
                0x08000000                g_pfnVectors
                0x0800010c                        . = ALIGN (0x4)

.text           0x0800010c     0x1384
                0x0800010c                        . = ALIGN (0x4)
 *(.text)
 .text          0x0800010c       0x40 D:/Software/st-clt/STM32CubeCLT_1.15.0/GNU-tools-for-STM32/bin/../lib/gcc/arm-none-eabi/12.3.1/thumb/v7-m/nofp/crtbegin.o
 *(.text*)
 .text.memset   0x0800014c       0x10 D:/Software/st-clt/STM32CubeCLT_1.15.0/GNU-tools-for-STM32/bin/../lib/gcc/arm-none-eabi/12.3.1/../../../../arm-none-eabi/lib/thumb/v7-m/nofp\libc_nano.a(libc_a-memset.o)
                0x0800014c                memset
 .text.__libc_init_array
                0x0800015c       0x48 D:/Software/st-clt/STM32CubeCLT_1.15.0/GNU-tools-for-STM32/bin/../lib/gcc/arm-none-eabi/12.3.1/../../../../arm-none-eabi/lib/thumb/v7-m/nofp\libc_nano.a(libc_a-init.o)
                0x0800015c                __libc_init_array
 .text.main     0x080001a4       0x18 CMakeFiles/LibCplus.dir/Core/Src/main.c.obj
                0x080001a4                main
 .text.SystemClock_Config
                0x080001bc       0x76 CMakeFiles/LibCplus.dir/Core/Src/main.c.obj
                0x080001bc                SystemClock_Config
 *fill*         0x08000232        0x2 
 .text.MX_USART1_UART_Init
                0x08000234       0x54 CMakeFiles/LibCplus.dir/Core/Src/main.c.obj
 .text.MX_GPIO_Init
                0x08000288       0x98 CMakeFiles/LibCplus.dir/Core/Src/main.c.obj
 .text.Error_Handler
                0x08000320        0xc CMakeFiles/LibCplus.dir/Core/Src/main.c.obj
                0x08000320                Error_Handler
 .text.NMI_Handler
                0x0800032c        0x8 CMakeFiles/LibCplus.dir/Core/Src/stm32f1xx_it.c.obj
                0x0800032c                NMI_Handler
 .text.HardFault_Handler
                0x08000334        0x8 CMakeFiles/LibCplus.dir/Core/Src/stm32f1xx_it.c.obj
                0x08000334                HardFault_Handler
 .text.MemManage_Handler
                0x0800033c        0x8 CMakeFiles/LibCplus.dir/Core/Src/stm32f1xx_it.c.obj
                0x0800033c                MemManage_Handler
 .text.BusFault_Handler
                0x08000344        0x8 CMakeFiles/LibCplus.dir/Core/Src/stm32f1xx_it.c.obj
                0x08000344                BusFault_Handler
 .text.UsageFault_Handler
                0x0800034c        0x8 CMakeFiles/LibCplus.dir/Core/Src/stm32f1xx_it.c.obj
                0x0800034c                UsageFault_Handler
 .text.SVC_Handler
                0x08000354        0xc CMakeFiles/LibCplus.dir/Core/Src/stm32f1xx_it.c.obj
                0x08000354                SVC_Handler
 .text.DebugMon_Handler
                0x08000360        0xc CMakeFiles/LibCplus.dir/Core/Src/stm32f1xx_it.c.obj
                0x08000360                DebugMon_Handler
 .text.PendSV_Handler
                0x0800036c        0xc CMakeFiles/LibCplus.dir/Core/Src/stm32f1xx_it.c.obj
                0x0800036c                PendSV_Handler
 .text.SysTick_Handler
                0x08000378        0xc CMakeFiles/LibCplus.dir/Core/Src/stm32f1xx_it.c.obj
                0x08000378                SysTick_Handler
 .text.HAL_MspInit
                0x08000384       0x64 CMakeFiles/LibCplus.dir/Core/Src/stm32f1xx_hal_msp.c.obj
                0x08000384                HAL_MspInit
 .text.HAL_UART_MspInit
                0x080003e8       0x98 CMakeFiles/LibCplus.dir/Core/Src/stm32f1xx_hal_msp.c.obj
                0x080003e8                HAL_UART_MspInit
 .text.HAL_UART_Init
                0x08000480       0xa0 CMakeFiles/LibCplus.dir/Drivers/STM32F1xx_HAL_Driver/Src/stm32f1xx_hal_uart.c.obj
                0x08000480                HAL_UART_Init
 .text.UART_SetConfig
                0x08000520      0x11c CMakeFiles/LibCplus.dir/Drivers/STM32F1xx_HAL_Driver/Src/stm32f1xx_hal_uart.c.obj
 .text.HAL_Init
                0x0800063c       0x2c CMakeFiles/LibCplus.dir/Drivers/STM32F1xx_HAL_Driver/Src/stm32f1xx_hal.c.obj
                0x0800063c                HAL_Init
 .text.HAL_InitTick
                0x08000668       0x60 CMakeFiles/LibCplus.dir/Drivers/STM32F1xx_HAL_Driver/Src/stm32f1xx_hal.c.obj
                0x08000668                HAL_InitTick
 .text.HAL_IncTick
                0x080006c8       0x24 CMakeFiles/LibCplus.dir/Drivers/STM32F1xx_HAL_Driver/Src/stm32f1xx_hal.c.obj
                0x080006c8                HAL_IncTick
 .text.HAL_GetTick
                0x080006ec       0x14 CMakeFiles/LibCplus.dir/Drivers/STM32F1xx_HAL_Driver/Src/stm32f1xx_hal.c.obj
                0x080006ec                HAL_GetTick
 .text.HAL_RCC_OscConfig
                0x08000700      0x504 CMakeFiles/LibCplus.dir/Drivers/STM32F1xx_HAL_Driver/Src/stm32f1xx_hal_rcc.c.obj
                0x08000700                HAL_RCC_OscConfig
 .text.HAL_RCC_ClockConfig
                0x08000c04      0x1d4 CMakeFiles/LibCplus.dir/Drivers/STM32F1xx_HAL_Driver/Src/stm32f1xx_hal_rcc.c.obj
                0x08000c04                HAL_RCC_ClockConfig
 .text.HAL_RCC_GetSysClockFreq
                0x08000dd8       0xa8 CMakeFiles/LibCplus.dir/Drivers/STM32F1xx_HAL_Driver/Src/stm32f1xx_hal_rcc.c.obj
                0x08000dd8                HAL_RCC_GetSysClockFreq
 .text.HAL_RCC_GetHCLKFreq
                0x08000e80       0x14 CMakeFiles/LibCplus.dir/Drivers/STM32F1xx_HAL_Driver/Src/stm32f1xx_hal_rcc.c.obj
                0x08000e80                HAL_RCC_GetHCLKFreq
 .text.HAL_RCC_GetPCLK1Freq
                0x08000e94       0x28 CMakeFiles/LibCplus.dir/Drivers/STM32F1xx_HAL_Driver/Src/stm32f1xx_hal_rcc.c.obj
                0x08000e94                HAL_RCC_GetPCLK1Freq
 .text.HAL_RCC_GetPCLK2Freq
                0x08000ebc       0x28 CMakeFiles/LibCplus.dir/Drivers/STM32F1xx_HAL_Driver/Src/stm32f1xx_hal_rcc.c.obj
                0x08000ebc                HAL_RCC_GetPCLK2Freq
 .text.RCC_Delay
                0x08000ee4       0x3c CMakeFiles/LibCplus.dir/Drivers/STM32F1xx_HAL_Driver/Src/stm32f1xx_hal_rcc.c.obj
 .text.HAL_GPIO_Init
                0x08000f20      0x308 CMakeFiles/LibCplus.dir/Drivers/STM32F1xx_HAL_Driver/Src/stm32f1xx_hal_gpio.c.obj
                0x08000f20                HAL_GPIO_Init
 .text.HAL_GPIO_WritePin
                0x08001228       0x30 CMakeFiles/LibCplus.dir/Drivers/STM32F1xx_HAL_Driver/Src/stm32f1xx_hal_gpio.c.obj
                0x08001228                HAL_GPIO_WritePin
 .text.__NVIC_SetPriorityGrouping
                0x08001258       0x48 CMakeFiles/LibCplus.dir/Drivers/STM32F1xx_HAL_Driver/Src/stm32f1xx_hal_cortex.c.obj
 .text.__NVIC_GetPriorityGrouping
                0x080012a0       0x1c CMakeFiles/LibCplus.dir/Drivers/STM32F1xx_HAL_Driver/Src/stm32f1xx_hal_cortex.c.obj
 .text.__NVIC_SetPriority
                0x080012bc       0x54 CMakeFiles/LibCplus.dir/Drivers/STM32F1xx_HAL_Driver/Src/stm32f1xx_hal_cortex.c.obj
 .text.NVIC_EncodePriority
                0x08001310       0x64 CMakeFiles/LibCplus.dir/Drivers/STM32F1xx_HAL_Driver/Src/stm32f1xx_hal_cortex.c.obj
 .text.SysTick_Config
                0x08001374       0x44 CMakeFiles/LibCplus.dir/Drivers/STM32F1xx_HAL_Driver/Src/stm32f1xx_hal_cortex.c.obj
 .text.HAL_NVIC_SetPriorityGrouping
                0x080013b8       0x16 CMakeFiles/LibCplus.dir/Drivers/STM32F1xx_HAL_Driver/Src/stm32f1xx_hal_cortex.c.obj
                0x080013b8                HAL_NVIC_SetPriorityGrouping
 .text.HAL_NVIC_SetPriority
                0x080013ce       0x38 CMakeFiles/LibCplus.dir/Drivers/STM32F1xx_HAL_Driver/Src/stm32f1xx_hal_cortex.c.obj
                0x080013ce                HAL_NVIC_SetPriority
 .text.HAL_SYSTICK_Config
                0x08001406       0x18 CMakeFiles/LibCplus.dir/Drivers/STM32F1xx_HAL_Driver/Src/stm32f1xx_hal_cortex.c.obj
                0x08001406                HAL_SYSTICK_Config
 .text.SystemInit
                0x0800141e        0xc CMakeFiles/LibCplus.dir/Core/Src/system_stm32f1xx.c.obj
                0x0800141e                SystemInit
 *fill*         0x0800142a        0x2 
 .text.Reset_Handler
                0x0800142c       0x48 CMakeFiles/LibCplus.dir/startup_stm32f103xb.s.obj
                0x0800142c                Reset_Handler
 .text.Default_Handler
                0x08001474        0x2 CMakeFiles/LibCplus.dir/startup_stm32f103xb.s.obj
                0x08001474                RTC_Alarm_IRQHandler
                0x08001474                EXTI2_IRQHandler
                0x08001474                TIM1_CC_IRQHandler
                0x08001474                PVD_IRQHandler
                0x08001474                EXTI3_IRQHandler
                0x08001474                EXTI0_IRQHandler
                0x08001474                I2C2_EV_IRQHandler
                0x08001474                ADC1_2_IRQHandler
                0x08001474                SPI1_IRQHandler
                0x08001474                TAMPER_IRQHandler
                0x08001474                DMA1_Channel4_IRQHandler
                0x08001474                USART3_IRQHandler
                0x08001474                RTC_IRQHandler
                0x08001474                DMA1_Channel7_IRQHandler
                0x08001474                CAN1_RX1_IRQHandler
                0x08001474                TIM4_IRQHandler
                0x08001474                I2C1_EV_IRQHandler
                0x08001474                DMA1_Channel6_IRQHandler
                0x08001474                TIM3_IRQHandler
                0x08001474                RCC_IRQHandler
                0x08001474                TIM1_TRG_COM_IRQHandler
                0x08001474                DMA1_Channel1_IRQHandler
                0x08001474                Default_Handler
                0x08001474                EXTI15_10_IRQHandler
                0x08001474                EXTI9_5_IRQHandler
                0x08001474                SPI2_IRQHandler
                0x08001474                DMA1_Channel5_IRQHandler
                0x08001474                EXTI4_IRQHandler
                0x08001474                USB_LP_CAN1_RX0_IRQHandler
                0x08001474                USB_HP_CAN1_TX_IRQHandler
                0x08001474                DMA1_Channel3_IRQHandler
                0x08001474                TIM1_UP_IRQHandler
                0x08001474                WWDG_IRQHandler
                0x08001474                TIM2_IRQHandler
                0x08001474                TIM1_BRK_IRQHandler
                0x08001474                EXTI1_IRQHandler
                0x08001474                USART2_IRQHandler
                0x08001474                I2C2_ER_IRQHandler
                0x08001474                DMA1_Channel2_IRQHandler
                0x08001474                CAN1_SCE_IRQHandler
                0x08001474                FLASH_IRQHandler
                0x08001474                USART1_IRQHandler
                0x08001474                I2C1_ER_IRQHandler
                0x08001474                USBWakeUp_IRQHandler
 *(.glue_7)
 .glue_7        0x08001476        0x0 linker stubs
 *(.glue_7t)
 .glue_7t       0x08001476        0x0 linker stubs
 *(.eh_frame)
 *fill*         0x08001476        0x2 
 .eh_frame      0x08001478        0x0 D:/Software/st-clt/STM32CubeCLT_1.15.0/GNU-tools-for-STM32/bin/../lib/gcc/arm-none-eabi/12.3.1/thumb/v7-m/nofp/crtbegin.o
 *(.init)
 .init          0x08001478        0x4 D:/Software/st-clt/STM32CubeCLT_1.15.0/GNU-tools-for-STM32/bin/../lib/gcc/arm-none-eabi/12.3.1/thumb/v7-m/nofp/crti.o
                0x08001478                _init
 .init          0x0800147c        0x8 D:/Software/st-clt/STM32CubeCLT_1.15.0/GNU-tools-for-STM32/bin/../lib/gcc/arm-none-eabi/12.3.1/thumb/v7-m/nofp/crtn.o
 *(.fini)
 .fini          0x08001484        0x4 D:/Software/st-clt/STM32CubeCLT_1.15.0/GNU-tools-for-STM32/bin/../lib/gcc/arm-none-eabi/12.3.1/thumb/v7-m/nofp/crti.o
                0x08001484                _fini
 .fini          0x08001488        0x8 D:/Software/st-clt/STM32CubeCLT_1.15.0/GNU-tools-for-STM32/bin/../lib/gcc/arm-none-eabi/12.3.1/thumb/v7-m/nofp/crtn.o
                0x08001490                        . = ALIGN (0x4)
                0x08001490                        _etext = .

.vfp11_veneer   0x08001490        0x0
 .vfp11_veneer  0x08001490        0x0 linker stubs

.v4_bx          0x08001490        0x0
 .v4_bx         0x08001490        0x0 linker stubs

.iplt           0x08001490        0x0
 .iplt          0x08001490        0x0 D:/Software/st-clt/STM32CubeCLT_1.15.0/GNU-tools-for-STM32/bin/../lib/gcc/arm-none-eabi/12.3.1/thumb/v7-m/nofp/crtbegin.o

.rodata         0x08001490       0x2c
                0x08001490                        . = ALIGN (0x4)
 *(.rodata)
 *(.rodata*)
 .rodata.aPLLMULFactorTable.1
                0x08001490       0x10 CMakeFiles/LibCplus.dir/Drivers/STM32F1xx_HAL_Driver/Src/stm32f1xx_hal_rcc.c.obj
 .rodata.aPredivFactorTable.0
                0x080014a0        0x2 CMakeFiles/LibCplus.dir/Drivers/STM32F1xx_HAL_Driver/Src/stm32f1xx_hal_rcc.c.obj
 *fill*         0x080014a2        0x2 
 .rodata.AHBPrescTable
                0x080014a4       0x10 CMakeFiles/LibCplus.dir/Core/Src/system_stm32f1xx.c.obj
                0x080014a4                AHBPrescTable
 .rodata.APBPrescTable
                0x080014b4        0x8 CMakeFiles/LibCplus.dir/Core/Src/system_stm32f1xx.c.obj
                0x080014b4                APBPrescTable
                0x080014bc                        . = ALIGN (0x4)

.rel.dyn        0x080014bc        0x0
 .rel.iplt      0x080014bc        0x0 D:/Software/st-clt/STM32CubeCLT_1.15.0/GNU-tools-for-STM32/bin/../lib/gcc/arm-none-eabi/12.3.1/thumb/v7-m/nofp/crtbegin.o

.ARM.extab
 *(.ARM.extab* .gnu.linkonce.armextab.*)

.ARM            0x080014bc        0x0
                0x080014bc                        __exidx_start = .
 *(.ARM.exidx*)
                0x080014bc                        __exidx_end = .

.preinit_array  0x080014bc        0x0
                0x080014bc                        PROVIDE (__preinit_array_start = .)
 *(.preinit_array*)
                0x080014bc                        PROVIDE (__preinit_array_end = .)

.init_array     0x080014bc        0x4
                0x080014bc                        PROVIDE (__init_array_start = .)
 *(SORT_BY_NAME(.init_array.*))
 *(.init_array*)
 .init_array    0x080014bc        0x4 D:/Software/st-clt/STM32CubeCLT_1.15.0/GNU-tools-for-STM32/bin/../lib/gcc/arm-none-eabi/12.3.1/thumb/v7-m/nofp/crtbegin.o
                0x080014c0                        PROVIDE (__init_array_end = .)

.fini_array     0x080014c0        0x4
                [!provide]                        PROVIDE (__fini_array_start = .)
 *(SORT_BY_NAME(.fini_array.*))
 *(.fini_array*)
 .fini_array    0x080014c0        0x4 D:/Software/st-clt/STM32CubeCLT_1.15.0/GNU-tools-for-STM32/bin/../lib/gcc/arm-none-eabi/12.3.1/thumb/v7-m/nofp/crtbegin.o
                [!provide]                        PROVIDE (__fini_array_end = .)
                0x080014c4                        _sidata = LOADADDR (.data)

.data           0x20000000        0xc load address 0x080014c4
                0x20000000                        . = ALIGN (0x4)
                0x20000000                        _sdata = .
 *(.data)
 *(.data*)
 .data.uwTickPrio
                0x20000000        0x4 CMakeFiles/LibCplus.dir/Drivers/STM32F1xx_HAL_Driver/Src/stm32f1xx_hal.c.obj
                0x20000000                uwTickPrio
 .data.uwTickFreq
                0x20000004        0x1 CMakeFiles/LibCplus.dir/Drivers/STM32F1xx_HAL_Driver/Src/stm32f1xx_hal.c.obj
                0x20000004                uwTickFreq
 *fill*         0x20000005        0x3 
 .data.SystemCoreClock
                0x20000008        0x4 CMakeFiles/LibCplus.dir/Core/Src/system_stm32f1xx.c.obj
                0x20000008                SystemCoreClock
                0x2000000c                        . = ALIGN (0x4)
                0x2000000c                        _edata = .

.igot.plt       0x2000000c        0x0 load address 0x080014d0
 .igot.plt      0x2000000c        0x0 D:/Software/st-clt/STM32CubeCLT_1.15.0/GNU-tools-for-STM32/bin/../lib/gcc/arm-none-eabi/12.3.1/thumb/v7-m/nofp/crtbegin.o
                0x2000000c                        . = ALIGN (0x4)

.bss            0x2000000c       0x68 load address 0x080014d0
                0x2000000c                        _sbss = .
                0x2000000c                        __bss_start__ = _sbss
 *(.bss)
 .bss           0x2000000c       0x1c D:/Software/st-clt/STM32CubeCLT_1.15.0/GNU-tools-for-STM32/bin/../lib/gcc/arm-none-eabi/12.3.1/thumb/v7-m/nofp/crtbegin.o
 *(.bss*)
 .bss.huart1    0x20000028       0x48 CMakeFiles/LibCplus.dir/Core/Src/main.c.obj
                0x20000028                huart1
 .bss.uwTick    0x20000070        0x4 CMakeFiles/LibCplus.dir/Drivers/STM32F1xx_HAL_Driver/Src/stm32f1xx_hal.c.obj
                0x20000070                uwTick
 *(COMMON)
                0x20000074                        . = ALIGN (0x4)
                0x20000074                        _ebss = .
                0x20000074                        __bss_end__ = _ebss

._user_heap_stack
                0x20000074      0x604 load address 0x080014d0
                0x20000078                        . = ALIGN (0x8)
 *fill*         0x20000074        0x4 
                [!provide]                        PROVIDE (end = .)
                0x20000078                        PROVIDE (_end = .)
                0x20000278                        . = (. + _Min_Heap_Size)
 *fill*         0x20000078      0x200 
                0x20000678                        . = (. + _Min_Stack_Size)
 *fill*         0x20000278      0x400 
                0x20000678                        . = ALIGN (0x8)

/DISCARD/
 libc.a(*)
 libm.a(*)
 libgcc.a(*)

.ARM.attributes
                0x00000000       0x29
 *(.ARM.attributes)
 .ARM.attributes
                0x00000000       0x1d D:/Software/st-clt/STM32CubeCLT_1.15.0/GNU-tools-for-STM32/bin/../lib/gcc/arm-none-eabi/12.3.1/thumb/v7-m/nofp/crti.o
 .ARM.attributes
                0x0000001d       0x2d D:/Software/st-clt/STM32CubeCLT_1.15.0/GNU-tools-for-STM32/bin/../lib/gcc/arm-none-eabi/12.3.1/thumb/v7-m/nofp/crtbegin.o
 .ARM.attributes
                0x0000004a       0x2d D:/Software/st-clt/STM32CubeCLT_1.15.0/GNU-tools-for-STM32/bin/../lib/gcc/arm-none-eabi/12.3.1/../../../../arm-none-eabi/lib/thumb/v7-m/nofp\libc_nano.a(libc_a-memset.o)
 .ARM.attributes
                0x00000077       0x2d D:/Software/st-clt/STM32CubeCLT_1.15.0/GNU-tools-for-STM32/bin/../lib/gcc/arm-none-eabi/12.3.1/../../../../arm-none-eabi/lib/thumb/v7-m/nofp\libc_nano.a(libc_a-init.o)
 .ARM.attributes
                0x000000a4       0x2d CMakeFiles/LibCplus.dir/Core/Src/main.c.obj
 .ARM.attributes
                0x000000d1       0x2d CMakeFiles/LibCplus.dir/Core/Src/stm32f1xx_it.c.obj
 .ARM.attributes
                0x000000fe       0x2d CMakeFiles/LibCplus.dir/Core/Src/stm32f1xx_hal_msp.c.obj
 .ARM.attributes
                0x0000012b       0x2d CMakeFiles/LibCplus.dir/Drivers/STM32F1xx_HAL_Driver/Src/stm32f1xx_hal_uart.c.obj
 .ARM.attributes
                0x00000158       0x2d CMakeFiles/LibCplus.dir/Drivers/STM32F1xx_HAL_Driver/Src/stm32f1xx_hal.c.obj
 .ARM.attributes
                0x00000185       0x2d CMakeFiles/LibCplus.dir/Drivers/STM32F1xx_HAL_Driver/Src/stm32f1xx_hal_rcc.c.obj
 .ARM.attributes
                0x000001b2       0x2d CMakeFiles/LibCplus.dir/Drivers/STM32F1xx_HAL_Driver/Src/stm32f1xx_hal_gpio.c.obj
 .ARM.attributes
                0x000001df       0x2d CMakeFiles/LibCplus.dir/Drivers/STM32F1xx_HAL_Driver/Src/stm32f1xx_hal_cortex.c.obj
 .ARM.attributes
                0x0000020c       0x2d CMakeFiles/LibCplus.dir/Core/Src/system_stm32f1xx.c.obj
 .ARM.attributes
                0x00000239       0x21 CMakeFiles/LibCplus.dir/startup_stm32f103xb.s.obj
 .ARM.attributes
                0x0000025a       0x1d D:/Software/st-clt/STM32CubeCLT_1.15.0/GNU-tools-for-STM32/bin/../lib/gcc/arm-none-eabi/12.3.1/thumb/v7-m/nofp/crtn.o
OUTPUT(LibCplus.elf elf32-littlearm)
LOAD linker stubs
LOAD D:/Software/st-clt/STM32CubeCLT_1.15.0/GNU-tools-for-STM32/bin/../lib/gcc/arm-none-eabi/12.3.1/../../../../arm-none-eabi/lib/thumb/v7-m/nofp\libc.a
LOAD D:/Software/st-clt/STM32CubeCLT_1.15.0/GNU-tools-for-STM32/bin/../lib/gcc/arm-none-eabi/12.3.1/../../../../arm-none-eabi/lib/thumb/v7-m/nofp\libm.a
LOAD D:/Software/st-clt/STM32CubeCLT_1.15.0/GNU-tools-for-STM32/bin/../lib/gcc/arm-none-eabi/12.3.1/thumb/v7-m/nofp\libgcc.a

.debug_frame    0x00000000     0x16d4
 .debug_frame   0x00000000       0x20 D:/Software/st-clt/STM32CubeCLT_1.15.0/GNU-tools-for-STM32/bin/../lib/gcc/arm-none-eabi/12.3.1/../../../../arm-none-eabi/lib/thumb/v7-m/nofp\libc_nano.a(libc_a-memset.o)
 .debug_frame   0x00000020       0x2c D:/Software/st-clt/STM32CubeCLT_1.15.0/GNU-tools-for-STM32/bin/../lib/gcc/arm-none-eabi/12.3.1/../../../../arm-none-eabi/lib/thumb/v7-m/nofp\libc_nano.a(libc_a-init.o)
 .debug_frame   0x0000004c       0xa8 CMakeFiles/LibCplus.dir/Core/Src/main.c.obj
 .debug_frame   0x000000f4      0x104 CMakeFiles/LibCplus.dir/Core/Src/stm32f1xx_it.c.obj
 .debug_frame   0x000001f8       0x80 CMakeFiles/LibCplus.dir/Core/Src/stm32f1xx_hal_msp.c.obj
 .debug_frame   0x00000278      0x944 CMakeFiles/LibCplus.dir/Drivers/STM32F1xx_HAL_Driver/Src/stm32f1xx_hal_uart.c.obj
 .debug_frame   0x00000bbc      0x334 CMakeFiles/LibCplus.dir/Drivers/STM32F1xx_HAL_Driver/Src/stm32f1xx_hal.c.obj
 .debug_frame   0x00000ef0      0x218 CMakeFiles/LibCplus.dir/Drivers/STM32F1xx_HAL_Driver/Src/stm32f1xx_hal_rcc.c.obj
 .debug_frame   0x00001108      0x14c CMakeFiles/LibCplus.dir/Drivers/STM32F1xx_HAL_Driver/Src/stm32f1xx_hal_gpio.c.obj
 .debug_frame   0x00001254      0x428 CMakeFiles/LibCplus.dir/Drivers/STM32F1xx_HAL_Driver/Src/stm32f1xx_hal_cortex.c.obj
 .debug_frame   0x0000167c       0x58 CMakeFiles/LibCplus.dir/Core/Src/system_stm32f1xx.c.obj

.debug_info     0x00000000     0x62ca
 .debug_info    0x00000000      0x975 CMakeFiles/LibCplus.dir/Core/Src/main.c.obj
 .debug_info    0x00000975      0x113 CMakeFiles/LibCplus.dir/Core/Src/stm32f1xx_it.c.obj
 .debug_info    0x00000a88      0x7f8 CMakeFiles/LibCplus.dir/Core/Src/stm32f1xx_hal_msp.c.obj
 .debug_info    0x00001280     0x2eed CMakeFiles/LibCplus.dir/Drivers/STM32F1xx_HAL_Driver/Src/stm32f1xx_hal_uart.c.obj
 .debug_info    0x0000416d      0x704 CMakeFiles/LibCplus.dir/Drivers/STM32F1xx_HAL_Driver/Src/stm32f1xx_hal.c.obj
 .debug_info    0x00004871      0x7d5 CMakeFiles/LibCplus.dir/Drivers/STM32F1xx_HAL_Driver/Src/stm32f1xx_hal_rcc.c.obj
 .debug_info    0x00005046      0x5ab CMakeFiles/LibCplus.dir/Drivers/STM32F1xx_HAL_Driver/Src/stm32f1xx_hal_gpio.c.obj
 .debug_info    0x000055f1      0xa87 CMakeFiles/LibCplus.dir/Drivers/STM32F1xx_HAL_Driver/Src/stm32f1xx_hal_cortex.c.obj
 .debug_info    0x00006078      0x222 CMakeFiles/LibCplus.dir/Core/Src/system_stm32f1xx.c.obj
 .debug_info    0x0000629a       0x30 CMakeFiles/LibCplus.dir/startup_stm32f103xb.s.obj

.debug_abbrev   0x00000000     0x1222
 .debug_abbrev  0x00000000      0x233 CMakeFiles/LibCplus.dir/Core/Src/main.c.obj
 .debug_abbrev  0x00000233       0x73 CMakeFiles/LibCplus.dir/Core/Src/stm32f1xx_it.c.obj
 .debug_abbrev  0x000002a6      0x1ab CMakeFiles/LibCplus.dir/Core/Src/stm32f1xx_hal_msp.c.obj
 .debug_abbrev  0x00000451      0x2f8 CMakeFiles/LibCplus.dir/Drivers/STM32F1xx_HAL_Driver/Src/stm32f1xx_hal_uart.c.obj
 .debug_abbrev  0x00000749      0x201 CMakeFiles/LibCplus.dir/Drivers/STM32F1xx_HAL_Driver/Src/stm32f1xx_hal.c.obj
 .debug_abbrev  0x0000094a      0x2b3 CMakeFiles/LibCplus.dir/Drivers/STM32F1xx_HAL_Driver/Src/stm32f1xx_hal_rcc.c.obj
 .debug_abbrev  0x00000bfd      0x1ca CMakeFiles/LibCplus.dir/Drivers/STM32F1xx_HAL_Driver/Src/stm32f1xx_hal_gpio.c.obj
 .debug_abbrev  0x00000dc7      0x2f8 CMakeFiles/LibCplus.dir/Drivers/STM32F1xx_HAL_Driver/Src/stm32f1xx_hal_cortex.c.obj
 .debug_abbrev  0x000010bf      0x13f CMakeFiles/LibCplus.dir/Core/Src/system_stm32f1xx.c.obj
 .debug_abbrev  0x000011fe       0x24 CMakeFiles/LibCplus.dir/startup_stm32f103xb.s.obj

.debug_aranges  0x00000000      0x5f0
 .debug_aranges
                0x00000000       0x40 CMakeFiles/LibCplus.dir/Core/Src/main.c.obj
 .debug_aranges
                0x00000040       0x60 CMakeFiles/LibCplus.dir/Core/Src/stm32f1xx_it.c.obj
 .debug_aranges
                0x000000a0       0x30 CMakeFiles/LibCplus.dir/Core/Src/stm32f1xx_hal_msp.c.obj
 .debug_aranges
                0x000000d0      0x208 CMakeFiles/LibCplus.dir/Drivers/STM32F1xx_HAL_Driver/Src/stm32f1xx_hal_uart.c.obj
 .debug_aranges
                0x000002d8       0xe0 CMakeFiles/LibCplus.dir/Drivers/STM32F1xx_HAL_Driver/Src/stm32f1xx_hal.c.obj
 .debug_aranges
                0x000003b8       0x90 CMakeFiles/LibCplus.dir/Drivers/STM32F1xx_HAL_Driver/Src/stm32f1xx_hal_rcc.c.obj
 .debug_aranges
                0x00000448       0x58 CMakeFiles/LibCplus.dir/Drivers/STM32F1xx_HAL_Driver/Src/stm32f1xx_hal_gpio.c.obj
 .debug_aranges
                0x000004a0      0x100 CMakeFiles/LibCplus.dir/Drivers/STM32F1xx_HAL_Driver/Src/stm32f1xx_hal_cortex.c.obj
 .debug_aranges
                0x000005a0       0x28 CMakeFiles/LibCplus.dir/Core/Src/system_stm32f1xx.c.obj
 .debug_aranges
                0x000005c8       0x28 CMakeFiles/LibCplus.dir/startup_stm32f103xb.s.obj

.debug_rnglists
                0x00000000      0x487
 .debug_rnglists
                0x00000000       0x2c CMakeFiles/LibCplus.dir/Core/Src/main.c.obj
 .debug_rnglists
                0x0000002c       0x43 CMakeFiles/LibCplus.dir/Core/Src/stm32f1xx_it.c.obj
 .debug_rnglists
                0x0000006f       0x20 CMakeFiles/LibCplus.dir/Core/Src/stm32f1xx_hal_msp.c.obj
 .debug_rnglists
                0x0000008f      0x1bc CMakeFiles/LibCplus.dir/Drivers/STM32F1xx_HAL_Driver/Src/stm32f1xx_hal_uart.c.obj
 .debug_rnglists
                0x0000024b       0xa3 CMakeFiles/LibCplus.dir/Drivers/STM32F1xx_HAL_Driver/Src/stm32f1xx_hal.c.obj
 .debug_rnglists
                0x000002ee       0x6c CMakeFiles/LibCplus.dir/Drivers/STM32F1xx_HAL_Driver/Src/stm32f1xx_hal_rcc.c.obj
 .debug_rnglists
                0x0000035a       0x3f CMakeFiles/LibCplus.dir/Drivers/STM32F1xx_HAL_Driver/Src/stm32f1xx_hal_gpio.c.obj
 .debug_rnglists
                0x00000399       0xbb CMakeFiles/LibCplus.dir/Drivers/STM32F1xx_HAL_Driver/Src/stm32f1xx_hal_cortex.c.obj
 .debug_rnglists
                0x00000454       0x1a CMakeFiles/LibCplus.dir/Core/Src/system_stm32f1xx.c.obj
 .debug_rnglists
                0x0000046e       0x19 CMakeFiles/LibCplus.dir/startup_stm32f103xb.s.obj

.debug_macro    0x00000000    0x15da0
 .debug_macro   0x00000000      0x198 CMakeFiles/LibCplus.dir/Core/Src/main.c.obj
 .debug_macro   0x00000198      0xaa8 CMakeFiles/LibCplus.dir/Core/Src/main.c.obj
 .debug_macro   0x00000c40      0x215 CMakeFiles/LibCplus.dir/Core/Src/main.c.obj
 .debug_macro   0x00000e55       0x2e CMakeFiles/LibCplus.dir/Core/Src/main.c.obj
 .debug_macro   0x00000e83       0x22 CMakeFiles/LibCplus.dir/Core/Src/main.c.obj
 .debug_macro   0x00000ea5       0x22 CMakeFiles/LibCplus.dir/Core/Src/main.c.obj
 .debug_macro   0x00000ec7       0x8e CMakeFiles/LibCplus.dir/Core/Src/main.c.obj
 .debug_macro   0x00000f55       0x51 CMakeFiles/LibCplus.dir/Core/Src/main.c.obj
 .debug_macro   0x00000fa6      0x103 CMakeFiles/LibCplus.dir/Core/Src/main.c.obj
 .debug_macro   0x000010a9       0x6a CMakeFiles/LibCplus.dir/Core/Src/main.c.obj
 .debug_macro   0x00001113      0x1df CMakeFiles/LibCplus.dir/Core/Src/main.c.obj
 .debug_macro   0x000012f2       0x1c CMakeFiles/LibCplus.dir/Core/Src/main.c.obj
 .debug_macro   0x0000130e       0x22 CMakeFiles/LibCplus.dir/Core/Src/main.c.obj
 .debug_macro   0x00001330       0xbd CMakeFiles/LibCplus.dir/Core/Src/main.c.obj
 .debug_macro   0x000013ed      0xd23 CMakeFiles/LibCplus.dir/Core/Src/main.c.obj
 .debug_macro   0x00002110     0xe09e CMakeFiles/LibCplus.dir/Core/Src/main.c.obj
 .debug_macro   0x000101ae       0x6d CMakeFiles/LibCplus.dir/Core/Src/main.c.obj
 .debug_macro   0x0001021b     0x34a2 CMakeFiles/LibCplus.dir/Core/Src/main.c.obj
 .debug_macro   0x000136bd      0x189 CMakeFiles/LibCplus.dir/Core/Src/main.c.obj
 .debug_macro   0x00013846       0x5c CMakeFiles/LibCplus.dir/Core/Src/main.c.obj
 .debug_macro   0x000138a2      0x5bc CMakeFiles/LibCplus.dir/Core/Src/main.c.obj
 .debug_macro   0x00013e5e      0x289 CMakeFiles/LibCplus.dir/Core/Src/main.c.obj
 .debug_macro   0x000140e7      0x1cb CMakeFiles/LibCplus.dir/Core/Src/main.c.obj
 .debug_macro   0x000142b2      0x114 CMakeFiles/LibCplus.dir/Core/Src/main.c.obj
 .debug_macro   0x000143c6      0x1b2 CMakeFiles/LibCplus.dir/Core/Src/main.c.obj
 .debug_macro   0x00014578       0x27 CMakeFiles/LibCplus.dir/Core/Src/main.c.obj
 .debug_macro   0x0001459f      0x136 CMakeFiles/LibCplus.dir/Core/Src/main.c.obj
 .debug_macro   0x000146d5      0x1bc CMakeFiles/LibCplus.dir/Core/Src/main.c.obj
 .debug_macro   0x00014891       0x34 CMakeFiles/LibCplus.dir/Core/Src/main.c.obj
 .debug_macro   0x000148c5       0x3c CMakeFiles/LibCplus.dir/Core/Src/main.c.obj
 .debug_macro   0x00014901       0x57 CMakeFiles/LibCplus.dir/Core/Src/main.c.obj
 .debug_macro   0x00014958       0x87 CMakeFiles/LibCplus.dir/Core/Src/main.c.obj
 .debug_macro   0x000149df      0x240 CMakeFiles/LibCplus.dir/Core/Src/main.c.obj
 .debug_macro   0x00014c1f      0x140 CMakeFiles/LibCplus.dir/Core/Src/main.c.obj
 .debug_macro   0x00014d5f      0x28e CMakeFiles/LibCplus.dir/Core/Src/main.c.obj
 .debug_macro   0x00014fed       0x83 CMakeFiles/LibCplus.dir/Core/Src/main.c.obj
 .debug_macro   0x00015070      0x1a2 CMakeFiles/LibCplus.dir/Core/Src/stm32f1xx_it.c.obj
 .debug_macro   0x00015212      0x198 CMakeFiles/LibCplus.dir/Core/Src/stm32f1xx_hal_msp.c.obj
 .debug_macro   0x000153aa      0x18f CMakeFiles/LibCplus.dir/Drivers/STM32F1xx_HAL_Driver/Src/stm32f1xx_hal_uart.c.obj
 .debug_macro   0x00015539      0x1b2 CMakeFiles/LibCplus.dir/Drivers/STM32F1xx_HAL_Driver/Src/stm32f1xx_hal.c.obj
 .debug_macro   0x000156eb      0x1a0 CMakeFiles/LibCplus.dir/Drivers/STM32F1xx_HAL_Driver/Src/stm32f1xx_hal_rcc.c.obj
 .debug_macro   0x0001588b      0x1f9 CMakeFiles/LibCplus.dir/Drivers/STM32F1xx_HAL_Driver/Src/stm32f1xx_hal_gpio.c.obj
 .debug_macro   0x00015a84      0x18e CMakeFiles/LibCplus.dir/Drivers/STM32F1xx_HAL_Driver/Src/stm32f1xx_hal_cortex.c.obj
 .debug_macro   0x00015c12      0x18e CMakeFiles/LibCplus.dir/Core/Src/system_stm32f1xx.c.obj

.debug_line     0x00000000     0x7b7f
 .debug_line    0x00000000      0x88f CMakeFiles/LibCplus.dir/Core/Src/main.c.obj
 .debug_line    0x0000088f      0x886 CMakeFiles/LibCplus.dir/Core/Src/stm32f1xx_it.c.obj
 .debug_line    0x00001115      0x818 CMakeFiles/LibCplus.dir/Core/Src/stm32f1xx_hal_msp.c.obj
 .debug_line    0x0000192d     0x294e CMakeFiles/LibCplus.dir/Drivers/STM32F1xx_HAL_Driver/Src/stm32f1xx_hal_uart.c.obj
 .debug_line    0x0000427b      0xa6f CMakeFiles/LibCplus.dir/Drivers/STM32F1xx_HAL_Driver/Src/stm32f1xx_hal.c.obj
 .debug_line    0x00004cea      0xe78 CMakeFiles/LibCplus.dir/Drivers/STM32F1xx_HAL_Driver/Src/stm32f1xx_hal_rcc.c.obj
 .debug_line    0x00005b62      0xb08 CMakeFiles/LibCplus.dir/Drivers/STM32F1xx_HAL_Driver/Src/stm32f1xx_hal_gpio.c.obj
 .debug_line    0x0000666a      0xc5b CMakeFiles/LibCplus.dir/Drivers/STM32F1xx_HAL_Driver/Src/stm32f1xx_hal_cortex.c.obj
 .debug_line    0x000072c5      0x842 CMakeFiles/LibCplus.dir/Core/Src/system_stm32f1xx.c.obj
 .debug_line    0x00007b07       0x78 CMakeFiles/LibCplus.dir/startup_stm32f103xb.s.obj

.debug_str      0x00000000    0x7e5c2
 .debug_str     0x00000000    0x7cc9e CMakeFiles/LibCplus.dir/Core/Src/main.c.obj
                              0x7d01c (size before relaxing)
 .debug_str     0x0007cc9e      0x119 CMakeFiles/LibCplus.dir/Core/Src/stm32f1xx_it.c.obj
                              0x7ca10 (size before relaxing)
 .debug_str     0x0007cdb7       0xe4 CMakeFiles/LibCplus.dir/Core/Src/stm32f1xx_hal_msp.c.obj
                              0x7ce80 (size before relaxing)
 .debug_str     0x0007ce9b      0x704 CMakeFiles/LibCplus.dir/Drivers/STM32F1xx_HAL_Driver/Src/stm32f1xx_hal_uart.c.obj
                              0x7d4c6 (size before relaxing)
 .debug_str     0x0007d59f      0x65b CMakeFiles/LibCplus.dir/Drivers/STM32F1xx_HAL_Driver/Src/stm32f1xx_hal.c.obj
                              0x7d159 (size before relaxing)
 .debug_str     0x0007dbfa      0x260 CMakeFiles/LibCplus.dir/Drivers/STM32F1xx_HAL_Driver/Src/stm32f1xx_hal_rcc.c.obj
                              0x7ce55 (size before relaxing)
 .debug_str     0x0007de5a      0x336 CMakeFiles/LibCplus.dir/Drivers/STM32F1xx_HAL_Driver/Src/stm32f1xx_hal_gpio.c.obj
                              0x7cdac (size before relaxing)
 .debug_str     0x0007e190      0x30b CMakeFiles/LibCplus.dir/Drivers/STM32F1xx_HAL_Driver/Src/stm32f1xx_hal_cortex.c.obj
                              0x7d0a5 (size before relaxing)
 .debug_str     0x0007e49b       0xa2 CMakeFiles/LibCplus.dir/Core/Src/system_stm32f1xx.c.obj
                              0x7ca26 (size before relaxing)
 .debug_str     0x0007e53d       0x85 CMakeFiles/LibCplus.dir/startup_stm32f103xb.s.obj
                                 0xe4 (size before relaxing)

.comment        0x00000000       0x43
 .comment       0x00000000       0x43 CMakeFiles/LibCplus.dir/Core/Src/main.c.obj
                                 0x44 (size before relaxing)
 .comment       0x00000043       0x44 CMakeFiles/LibCplus.dir/Core/Src/stm32f1xx_it.c.obj
 .comment       0x00000043       0x44 CMakeFiles/LibCplus.dir/Core/Src/stm32f1xx_hal_msp.c.obj
 .comment       0x00000043       0x44 CMakeFiles/LibCplus.dir/Drivers/STM32F1xx_HAL_Driver/Src/stm32f1xx_hal_uart.c.obj
 .comment       0x00000043       0x44 CMakeFiles/LibCplus.dir/Drivers/STM32F1xx_HAL_Driver/Src/stm32f1xx_hal.c.obj
 .comment       0x00000043       0x44 CMakeFiles/LibCplus.dir/Drivers/STM32F1xx_HAL_Driver/Src/stm32f1xx_hal_rcc.c.obj
 .comment       0x00000043       0x44 CMakeFiles/LibCplus.dir/Drivers/STM32F1xx_HAL_Driver/Src/stm32f1xx_hal_gpio.c.obj
 .comment       0x00000043       0x44 CMakeFiles/LibCplus.dir/Drivers/STM32F1xx_HAL_Driver/Src/stm32f1xx_hal_cortex.c.obj
 .comment       0x00000043       0x44 CMakeFiles/LibCplus.dir/Core/Src/system_stm32f1xx.c.obj

.debug_line_str
                0x00000000       0xc8
 .debug_line_str
                0x00000000       0xc8 CMakeFiles/LibCplus.dir/startup_stm32f103xb.s.obj
